35.181.58.59 - - [17/Feb/2025:14:55:10 -0500] "GET /wp HTTP/1.1" 301 795 "www.google.com" "Mozilla/5.0 (Linux; Android 7.0; SM-G892A Build/NRD90M; wv) AppleWebKit/537.36 (KHTML, like Gecko) Version/4.0 Chrome/60.0.3112.107 Mobile Safari/537.36"
35.181.58.59 - - [17/Feb/2025:14:55:21 -0500] "GET /wordpress HTTP/1.1" 301 795 "www.google.com" "Mozilla/5.0 (Linux; Android 7.0; SM-G892A Build/NRD90M; wv) AppleWebKit/537.36 (KHTML, like Gecko) Version/4.0 Chrome/60.0.3112.107 Mobile Safari/537.36"
35.181.58.59 - - [17/Feb/2025:14:55:27 -0500] "GET /heyseo HTTP/1.1" 301 795 "www.google.com" "Mozilla/5.0 (Linux; Android 7.0; SM-G892A Build/NRD90M; wv) AppleWebKit/537.36 (KHTML, like Gecko) Version/4.0 Chrome/60.0.3112.107 Mobile Safari/537.36"
35.181.58.59 - - [17/Feb/2025:14:55:45 -0500] "GET /wordpress HTTP/1.1" 301 795 "www.google.com" "Mozilla/5.0 (Linux; Android 7.0; SM-G892A Build/NRD90M; wv) AppleWebKit/537.36 (KHTML, like Gecko) Version/4.0 Chrome/60.0.3112.107 Mobile Safari/537.36"
35.181.58.59 - - [17/Feb/2025:14:56:00 -0500] "GET /old HTTP/1.1" 301 795 "www.google.com" "Mozilla/5.0 (Linux; Android 7.0; SM-G892A Build/NRD90M; wv) AppleWebKit/537.36 (KHTML, like Gecko) Version/4.0 Chrome/60.0.3112.107 Mobile Safari/537.36"
35.181.58.59 - - [17/Feb/2025:14:56:16 -0500] "GET /backup HTTP/1.1" 301 795 "www.google.com" "Mozilla/5.0 (Linux; Android 7.0; SM-G892A Build/NRD90M; wv) AppleWebKit/537.36 (KHTML, like Gecko) Version/4.0 Chrome/60.0.3112.107 Mobile Safari/537.36"
35.181.58.59 - - [17/Feb/2025:14:56:35 -0500] "GET /new HTTP/1.1" 301 795 "www.google.com" "Mozilla/5.0 (Linux; Android 7.0; SM-G892A Build/NRD90M; wv) AppleWebKit/537.36 (KHTML, like Gecko) Version/4.0 Chrome/60.0.3112.107 Mobile Safari/537.36"
35.181.58.59 - - [17/Feb/2025:14:56:44 -0500] "GET /test HTTP/1.1" 301 795 "www.google.com" "Mozilla/5.0 (Linux; Android 7.0; SM-G892A Build/NRD90M; wv) AppleWebKit/537.36 (KHTML, like Gecko) Version/4.0 Chrome/60.0.3112.107 Mobile Safari/537.36"
35.181.58.59 - - [17/Feb/2025:14:56:47 -0500] "GET /wp HTTP/1.1" 301 795 "www.google.com" "Mozilla/5.0 (Linux; Android 7.0; SM-G892A Build/NRD90M; wv) AppleWebKit/537.36 (KHTML, like Gecko) Version/4.0 Chrome/60.0.3112.107 Mobile Safari/537.36"
35.181.58.59 - - [17/Feb/2025:14:56:50 -0500] "GET /temp HTTP/1.1" 301 795 "www.google.com" "Mozilla/5.0 (Linux; Android 7.0; SM-G892A Build/NRD90M; wv) AppleWebKit/537.36 (KHTML, like Gecko) Version/4.0 Chrome/60.0.3112.107 Mobile Safari/537.36"
35.181.58.59 - - [17/Feb/2025:14:56:59 -0500] "GET /blog HTTP/1.1" 301 795 "www.google.com" "Mozilla/5.0 (Linux; Android 7.0; SM-G892A Build/NRD90M; wv) AppleWebKit/537.36 (KHTML, like Gecko) Version/4.0 Chrome/60.0.3112.107 Mobile Safari/537.36"
34.219.29.117 - - [17/Feb/2025:14:58:27 -0500] "GET / HTTP/1.1" 301 795 "-" "Mozilla/5.0 (Windows NT 10.0; Win64; x64) AppleWebKit/537.36 (KHTML, like Gecko) Chrome/113.0.0.0 Safari/537.36"
216.244.66.239 - - [17/Feb/2025:18:01:18 -0500] "GET /robots.txt HTTP/1.1" 301 795 "-" "Mozilla/5.0 (compatible; DotBot/1.2; +https://opensiteexplorer.org/dotbot; help@moz.com)"
216.244.66.239 - - [17/Feb/2025:19:32:11 -0500] "GET /robots.txt HTTP/1.1" 301 795 "-" "Mozilla/5.0 (compatible; DotBot/1.2; +https://opensiteexplorer.org/dotbot; help@moz.com)"
103.131.71.203 - - [17/Feb/2025:19:37:54 -0500] "GET /robots.txt HTTP/1.1" 301 795 "-" "Mozilla/5.0 (compatible; coccocbot-image/1.0; +http://help.coccoc.com/searchengine)"
34.233.133.176 - - [17/Feb/2025:21:03:38 -0500] "GET /ads.txt HTTP/1.1" 301 795 "-" "Go-http-client/1.1"
216.244.66.239 - - [17/Feb/2025:21:04:11 -0500] "GET /robots.txt HTTP/1.1" 301 795 "-" "Mozilla/5.0 (compatible; DotBot/1.2; +https://opensiteexplorer.org/dotbot; help@moz.com)"
103.131.71.30 - - [17/Feb/2025:21:26:11 -0500] "GET /robots.txt HTTP/1.1" 301 795 "-" "Mozilla/5.0 (compatible; coccocbot-image/1.0; +http://help.coccoc.com/searchengine)"
216.244.66.239 - - [17/Feb/2025:21:50:19 -0500] "GET /robots.txt HTTP/1.1" 301 795 "-" "Mozilla/5.0 (compatible; DotBot/1.2; +https://opensiteexplorer.org/dotbot; help@moz.com)"
216.244.66.239 - - [17/Feb/2025:22:36:20 -0500] "GET /robots.txt HTTP/1.1" 301 795 "-" "Mozilla/5.0 (compatible; DotBot/1.2; +https://opensiteexplorer.org/dotbot; help@moz.com)"
3.238.3.27 - - [17/Feb/2025:22:37:59 -0500] "GET /how-to-set-up-a-google-search-console-backup-using-google-cloud-docker-and-python HTTP/1.1" 301 795 "-" "Mozilla/5.0 (X11; Linux x86_64) AppleWebKit/537.36 (KHTML, like Gecko) HeadlessChrome/88.0.4298.0 Safari/537.36"
3.238.187.158 - - [17/Feb/2025:22:55:13 -0500] "GET /seo-audit HTTP/1.1" 301 795 "-" "Mozilla/5.0 (X11; Linux x86_64) AppleWebKit/537.36 (KHTML, like Gecko) HeadlessChrome/88.0.4298.0 Safari/537.36"
3.238.3.27 - - [17/Feb/2025:23:07:59 -0500] "GET /impressum HTTP/1.1" 301 795 "-" "Mozilla/5.0 (X11; Linux x86_64) AppleWebKit/537.36 (KHTML, like Gecko) HeadlessChrome/88.0.4298.0 Safari/537.36"
3.238.187.158 - - [17/Feb/2025:23:49:24 -0500] "GET /fr/accueil HTTP/1.1" 301 795 "-" "Mozilla/5.0 (X11; Linux x86_64) AppleWebKit/537.36 (KHTML, like Gecko) HeadlessChrome/88.0.4298.0 Safari/537.36"
3.238.3.27 - - [17/Feb/2025:23:53:45 -0500] "GET /articles HTTP/1.1" 301 795 "-" "Mozilla/5.0 (X11; Linux x86_64) AppleWebKit/537.36 (KHTML, like Gecko) HeadlessChrome/88.0.4298.0 Safari/537.36"
54.196.24.236 - - [17/Feb/2025:23:59:49 -0500] "GET /articles HTTP/1.1" 301 795 "-" "Mozilla/5.0 (X11; Linux x86_64) AppleWebKit/537.36 (KHTML, like Gecko) HeadlessChrome/88.0.4298.0 Safari/537.36"
54.196.24.236 - - [18/Feb/2025:00:12:56 -0500] "GET /fr/accueil HTTP/1.1" 301 795 "-" "Mozilla/5.0 (X11; Linux x86_64) AppleWebKit/537.36 (KHTML, like Gecko) HeadlessChrome/88.0.4298.0 Safari/537.36"
44.201.237.249 - - [18/Feb/2025:00:21:44 -0500] "GET /category/ai HTTP/1.1" 301 795 "-" "Mozilla/5.0 (X11; Linux x86_64) AppleWebKit/537.36 (KHTML, like Gecko) HeadlessChrome/88.0.4298.0 Safari/537.36"
44.203.106.181 - - [18/Feb/2025:00:23:53 -0500] "GET /impressum HTTP/1.1" 301 795 "-" "Mozilla/5.0 (X11; Linux x86_64) AppleWebKit/537.36 (KHTML, like Gecko) HeadlessChrome/88.0.4298.0 Safari/537.36"
3.94.78.78 - - [18/Feb/2025:00:33:46 -0500] "GET /impressum HTTP/1.1" 301 795 "-" "Mozilla/5.0 (X11; Linux x86_64) AppleWebKit/537.36 (KHTML, like Gecko) HeadlessChrome/88.0.4298.0 Safari/537.36"
3.238.3.27 - - [18/Feb/2025:00:50:10 -0500] "GET /seo-audit HTTP/1.1" 301 795 "-" "Mozilla/5.0 (X11; Linux x86_64) AppleWebKit/537.36 (KHTML, like Gecko) HeadlessChrome/88.0.4298.0 Safari/537.36"
3.238.3.27 - - [18/Feb/2025:00:50:23 -0500] "GET /category/ai HTTP/1.1" 301 795 "-" "Mozilla/5.0 (X11; Linux x86_64) AppleWebKit/537.36 (KHTML, like Gecko) HeadlessChrome/88.0.4298.0 Safari/537.36"
43.166.7.113 - - [18/Feb/2025:00:53:18 -0500] "GET / HTTP/1.1" 301 795 "-" "Mozilla/5.0 (iPhone; CPU iPhone OS 13_2_3 like Mac OS X) AppleWebKit/605.1.15 (KHTML, like Gecko) Version/13.0.3 Mobile/15E148 Safari/604.1"
216.244.66.239 - - [18/Feb/2025:00:54:41 -0500] "GET /robots.txt HTTP/1.1" 301 795 "-" "Mozilla/5.0 (compatible; DotBot/1.2; +https://opensiteexplorer.org/dotbot; help@moz.com)"
54.196.24.236 - - [18/Feb/2025:00:55:02 -0500] "GET /category/press-release HTTP/1.1" 301 795 "-" "Mozilla/5.0 (X11; Linux x86_64) AppleWebKit/537.36 (KHTML, like Gecko) HeadlessChrome/88.0.4298.0 Safari/537.36"
3.94.78.78 - - [18/Feb/2025:01:22:50 -0500] "GET /seo-berlino-rebrands-as-heyseo-ai-smarter-seo-for-the-ai-powered-era HTTP/1.1" 301 795 "-" "Mozilla/5.0 (X11; Linux x86_64) AppleWebKit/537.36 (KHTML, like Gecko) HeadlessChrome/88.0.4298.0 Safari/537.36"
18.222.72.95 - - [18/Feb/2025:01:36:16 -0500] "GET / HTTP/1.1" 301 795 "-" "Mozilla/5.0 (Macintosh; Intel Mac OS X 10_15_7) AppleWebKit/537.36 (KHTML, like Gecko) Chrome/121.0.0.0 Safari/537.36"
18.222.72.95 - - [18/Feb/2025:01:36:16 -0500] "GET / HTTP/1.1" 301 795 "-" "Mozilla/5.0 (Macintosh; Intel Mac OS X 10_15_7) AppleWebKit/537.36 (KHTML, like Gecko) Chrome/121.0.0.0 Safari/537.36"
166.108.200.123 - - [18/Feb/2025:02:07:37 -0500] "GET /robots.txt HTTP/1.1" 301 795 "http://heyseo.ai/robots.txt" "Mozilla/5.0 (Macintosh; Intel Mac OS X 10_15_7) AppleWebKit/537.36 (KHTML, like Gecko) Chrome/119.0.0.0 Safari/537.36"
44.201.237.249 - - [18/Feb/2025:02:26:09 -0500] "GET /impressum HTTP/1.1" 301 795 "-" "Mozilla/5.0 (X11; Linux x86_64) AppleWebKit/537.36 (KHTML, like Gecko) HeadlessChrome/88.0.4298.0 Safari/537.36"
44.201.237.249 - - [18/Feb/2025:02:44:14 -0500] "GET /category/ai HTTP/1.1" 301 795 "-" "Mozilla/5.0 (X11; Linux x86_64) AppleWebKit/537.36 (KHTML, like Gecko) HeadlessChrome/88.0.4298.0 Safari/537.36"
44.201.237.249 - - [18/Feb/2025:02:52:12 -0500] "GET /category/ai HTTP/1.1" 301 795 "-" "Mozilla/5.0 (X11; Linux x86_64) AppleWebKit/537.36 (KHTML, like Gecko) HeadlessChrome/88.0.4298.0 Safari/537.36"
54.196.24.236 - - [18/Feb/2025:02:53:17 -0500] "GET /impressum HTTP/1.1" 301 795 "-" "Mozilla/5.0 (X11; Linux x86_64) AppleWebKit/537.36 (KHTML, like Gecko) HeadlessChrome/88.0.4298.0 Safari/537.36"
3.94.78.78 - - [18/Feb/2025:03:19:41 -0500] "GET /how-to-set-up-a-google-search-console-backup-using-google-cloud-docker-and-python HTTP/1.1" 301 795 "-" "Mozilla/5.0 (X11; Linux x86_64) AppleWebKit/537.36 (KHTML, like Gecko) HeadlessChrome/88.0.4298.0 Safari/537.36"
54.196.24.236 - - [18/Feb/2025:03:28:35 -0500] "GET /de/index HTTP/1.1" 301 795 "-" "Mozilla/5.0 (X11; Linux x86_64) AppleWebKit/537.36 (KHTML, like Gecko) HeadlessChrome/88.0.4298.0 Safari/537.36"
3.94.78.78 - - [18/Feb/2025:04:37:26 -0500] "GET /category/press-release HTTP/1.1" 301 795 "-" "Mozilla/5.0 (X11; Linux x86_64) AppleWebKit/537.36 (KHTML, like Gecko) HeadlessChrome/88.0.4298.0 Safari/537.36"
103.131.71.41 - - [18/Feb/2025:04:43:43 -0500] "GET /robots.txt HTTP/1.1" 301 795 "-" "Mozilla/5.0 (compatible; coccocbot-image/1.0; +http://help.coccoc.com/searchengine)"
3.146.107.120 - - [18/Feb/2025:04:55:14 -0500] "GET / HTTP/1.1" 301 795 "-" "Mozilla/5.0 (Macintosh; Intel Mac OS X 10_15_7) AppleWebKit/537.36 (KHTML, like Gecko) Chrome/121.0.0.0 Safari/537.36"
3.146.107.120 - - [18/Feb/2025:04:55:14 -0500] "GET / HTTP/1.1" 301 795 "-" "Mozilla/5.0 (Macintosh; Intel Mac OS X 10_15_7) AppleWebKit/537.36 (KHTML, like Gecko) Chrome/121.0.0.0 Safari/537.36"
216.244.66.239 - - [18/Feb/2025:05:35:52 -0500] "GET /robots.txt HTTP/1.1" 301 795 "-" "Mozilla/5.0 (compatible; DotBot/1.2; +https://opensiteexplorer.org/dotbot; help@moz.com)"
3.238.187.158 - - [18/Feb/2025:05:59:25 -0500] "GET /how-to-set-up-a-google-search-console-backup-using-google-cloud-docker-and-python HTTP/1.1" 301 795 "-" "Mozilla/5.0 (X11; Linux x86_64) AppleWebKit/537.36 (KHTML, like Gecko) HeadlessChrome/88.0.4298.0 Safari/537.36"
3.238.187.158 - - [18/Feb/2025:06:12:16 -0500] "GET /de/index HTTP/1.1" 301 795 "-" "Mozilla/5.0 (X11; Linux x86_64) AppleWebKit/537.36 (KHTML, like Gecko) HeadlessChrome/88.0.4298.0 Safari/537.36"
3.94.78.78 - - [18/Feb/2025:06:52:33 -0500] "GET /category/press-release HTTP/1.1" 301 795 "-" "Mozilla/5.0 (X11; Linux x86_64) AppleWebKit/537.36 (KHTML, like Gecko) HeadlessChrome/88.0.4298.0 Safari/537.36"
54.196.24.236 - - [18/Feb/2025:07:24:01 -0500] "GET /seo-audit HTTP/1.1" 301 795 "-" "Mozilla/5.0 (X11; Linux x86_64) AppleWebKit/537.36 (KHTML, like Gecko) HeadlessChrome/88.0.4298.0 Safari/537.36"
3.94.78.78 - - [18/Feb/2025:07:32:07 -0500] "GET /how-to-set-up-a-google-search-console-backup-using-google-cloud-docker-and-python HTTP/1.1" 301 795 "-" "Mozilla/5.0 (X11; Linux x86_64) AppleWebKit/537.36 (KHTML, like Gecko) HeadlessChrome/88.0.4298.0 Safari/537.36"
54.196.24.236 - - [18/Feb/2025:07:48:44 -0500] "GET /category/press-release HTTP/1.1" 301 795 "-" "Mozilla/5.0 (X11; Linux x86_64) AppleWebKit/537.36 (KHTML, like Gecko) HeadlessChrome/88.0.4298.0 Safari/537.36"
54.196.24.236 - - [18/Feb/2025:07:57:28 -0500] "GET /category/press-release HTTP/1.1" 301 795 "-" "Mozilla/5.0 (X11; Linux x86_64) AppleWebKit/537.36 (KHTML, like Gecko) HeadlessChrome/88.0.4298.0 Safari/537.36"
3.238.187.158 - - [18/Feb/2025:08:10:41 -0500] "GET /category/press-release HTTP/1.1" 301 795 "-" "Mozilla/5.0 (X11; Linux x86_64) AppleWebKit/537.36 (KHTML, like Gecko) HeadlessChrome/88.0.4298.0 Safari/537.36"
44.201.237.249 - - [18/Feb/2025:08:19:15 -0500] "GET /how-to-set-up-a-google-search-console-backup-using-google-cloud-docker-and-python HTTP/1.1" 301 795 "-" "Mozilla/5.0 (X11; Linux x86_64) AppleWebKit/537.36 (KHTML, like Gecko) HeadlessChrome/88.0.4298.0 Safari/537.36"
44.201.237.249 - - [18/Feb/2025:08:34:40 -0500] "GET /articles HTTP/1.1" 301 795 "-" "Mozilla/5.0 (X11; Linux x86_64) AppleWebKit/537.36 (KHTML, like Gecko) HeadlessChrome/88.0.4298.0 Safari/537.36"
44.201.237.249 - - [18/Feb/2025:10:22:31 -0500] "GET /category/press-release HTTP/1.1" 301 795 "-" "Mozilla/5.0 (X11; Linux x86_64) AppleWebKit/537.36 (KHTML, like Gecko) HeadlessChrome/88.0.4298.0 Safari/537.36"
44.203.106.181 - - [18/Feb/2025:10:28:16 -0500] "GET /impressum HTTP/1.1" 301 795 "-" "Mozilla/5.0 (X11; Linux x86_64) AppleWebKit/537.36 (KHTML, like Gecko) HeadlessChrome/88.0.4298.0 Safari/537.36"
216.244.66.239 - - [18/Feb/2025:11:18:07 -0500] "GET /robots.txt HTTP/1.1" 301 795 "-" "Mozilla/5.0 (compatible; DotBot/1.2; +https://opensiteexplorer.org/dotbot; help@moz.com)"
3.238.187.158 - - [18/Feb/2025:11:21:08 -0500] "GET /de/index HTTP/1.1" 301 795 "-" "Mozilla/5.0 (X11; Linux x86_64) AppleWebKit/537.36 (KHTML, like Gecko) HeadlessChrome/88.0.4298.0 Safari/537.36"
3.238.187.158 - - [18/Feb/2025:11:46:12 -0500] "GET /category/press-release HTTP/1.1" 301 795 "-" "Mozilla/5.0 (X11; Linux x86_64) AppleWebKit/537.36 (KHTML, like Gecko) HeadlessChrome/88.0.4298.0 Safari/537.36"
54.196.24.236 - - [18/Feb/2025:12:30:31 -0500] "GET /category/press-release HTTP/1.1" 301 795 "-" "Mozilla/5.0 (X11; Linux x86_64) AppleWebKit/537.36 (KHTML, like Gecko) HeadlessChrome/88.0.4298.0 Safari/537.36"
3.238.187.158 - - [18/Feb/2025:12:49:47 -0500] "GET /how-to-set-up-a-google-search-console-backup-using-google-cloud-docker-and-python HTTP/1.1" 301 795 "-" "Mozilla/5.0 (X11; Linux x86_64) AppleWebKit/537.36 (KHTML, like Gecko) HeadlessChrome/88.0.4298.0 Safari/537.36"
216.244.66.239 - - [18/Feb/2025:12:50:46 -0500] "GET /robots.txt HTTP/1.1" 301 795 "-" "Mozilla/5.0 (compatible; DotBot/1.2; +https://opensiteexplorer.org/dotbot; help@moz.com)"
35.91.195.192 - - [18/Feb/2025:13:12:40 -0500] "GET / HTTP/1.1" 301 795 "-" "Mozilla/5.0 (Windows NT 10.0; Win64; x64) AppleWebKit/537.36 (KHTML, like Gecko) Chrome/113.0.0.0 Safari/537.36"
3.238.187.158 - - [18/Feb/2025:13:23:54 -0500] "GET /de/index HTTP/1.1" 301 795 "-" "Mozilla/5.0 (X11; Linux x86_64) AppleWebKit/537.36 (KHTML, like Gecko) HeadlessChrome/88.0.4298.0 Safari/537.36"
3.238.187.158 - - [18/Feb/2025:13:27:02 -0500] "GET /category/press-release HTTP/1.1" 301 795 "-" "Mozilla/5.0 (X11; Linux x86_64) AppleWebKit/537.36 (KHTML, like Gecko) HeadlessChrome/88.0.4298.0 Safari/537.36"
3.238.3.27 - - [18/Feb/2025:13:30:11 -0500] "GET /seo-audit HTTP/1.1" 301 795 "-" "Mozilla/5.0 (X11; Linux x86_64) AppleWebKit/537.36 (KHTML, like Gecko) HeadlessChrome/88.0.4298.0 Safari/537.36"
3.238.187.158 - - [18/Feb/2025:14:36:35 -0500] "GET /seo-audit HTTP/1.1" 301 795 "-" "Mozilla/5.0 (X11; Linux x86_64) AppleWebKit/537.36 (KHTML, like Gecko) HeadlessChrome/88.0.4298.0 Safari/537.36"
44.244.9.137 - - [18/Feb/2025:14:41:17 -0500] "GET / HTTP/1.1" 301 795 "-" "Mozilla/5.0 (Windows NT 10.0; Win64; x64) AppleWebKit/537.36 (KHTML, like Gecko) Chrome/113.0.0.0 Safari/537.36"
185.209.162.159 - - [18/Feb/2025:15:25:22 -0500] "GET / HTTP/1.1" 301 795 "-" "Mozilla/5.0 (Windows NT 6.1; Win64; x64; rv:80.0) Gecko/20100101 Firefox/125.0/8mqQaZuL-16"
44.201.237.249 - - [18/Feb/2025:15:25:26 -0500] "GET /how-to-set-up-a-google-search-console-backup-using-google-cloud-docker-and-python HTTP/1.1" 301 795 "-" "Mozilla/5.0 (X11; Linux x86_64) AppleWebKit/537.36 (KHTML, like Gecko) HeadlessChrome/88.0.4298.0 Safari/537.36"
216.244.66.239 - - [18/Feb/2025:15:52:28 -0500] "GET /robots.txt HTTP/1.1" 301 795 "-" "Mozilla/5.0 (compatible; DotBot/1.2; +https://opensiteexplorer.org/dotbot; help@moz.com)"
44.203.106.181 - - [18/Feb/2025:16:19:14 -0500] "GET /seo-audit HTTP/1.1" 301 795 "-" "Mozilla/5.0 (X11; Linux x86_64) AppleWebKit/537.36 (KHTML, like Gecko) HeadlessChrome/88.0.4298.0 Safari/537.36"
3.238.3.27 - - [18/Feb/2025:16:43:30 -0500] "GET /seo-audit HTTP/1.1" 301 795 "-" "Mozilla/5.0 (X11; Linux x86_64) AppleWebKit/537.36 (KHTML, like Gecko) HeadlessChrome/88.0.4298.0 Safari/537.36"
44.203.106.181 - - [18/Feb/2025:16:54:08 -0500] "GET /impressum HTTP/1.1" 301 795 "-" "Mozilla/5.0 (X11; Linux x86_64) AppleWebKit/537.36 (KHTML, like Gecko) HeadlessChrome/88.0.4298.0 Safari/537.36"
3.94.78.78 - - [18/Feb/2025:17:09:27 -0500] "GET /category/press-release HTTP/1.1" 301 795 "-" "Mozilla/5.0 (X11; Linux x86_64) AppleWebKit/537.36 (KHTML, like Gecko) HeadlessChrome/88.0.4298.0 Safari/537.36"
216.244.66.239 - - [18/Feb/2025:17:21:44 -0500] "GET /robots.txt HTTP/1.1" 301 795 "-" "Mozilla/5.0 (compatible; DotBot/1.2; +https://opensiteexplorer.org/dotbot; help@moz.com)"
3.238.3.27 - - [18/Feb/2025:17:31:34 -0500] "GET /de/index HTTP/1.1" 301 795 "-" "Mozilla/5.0 (X11; Linux x86_64) AppleWebKit/537.36 (KHTML, like Gecko) HeadlessChrome/88.0.4298.0 Safari/537.36"
103.131.71.52 - - [18/Feb/2025:17:51:51 -0500] "GET /robots.txt HTTP/1.1" 301 795 "-" "Mozilla/5.0 (compatible; coccocbot-image/1.0; +http://help.coccoc.com/searchengine)"
103.131.71.35 - - [18/Feb/2025:18:17:34 -0500] "GET /robots.txt HTTP/1.1" 301 795 "-" "Mozilla/5.0 (compatible; coccocbot-image/1.0; +http://help.coccoc.com/searchengine)"
54.196.24.236 - - [18/Feb/2025:18:36:52 -0500] "GET /category/press-release HTTP/1.1" 301 795 "-" "Mozilla/5.0 (X11; Linux x86_64) AppleWebKit/537.36 (KHTML, like Gecko) HeadlessChrome/88.0.4298.0 Safari/537.36"
216.244.66.239 - - [18/Feb/2025:18:53:56 -0500] "GET /robots.txt HTTP/1.1" 301 795 "-" "Mozilla/5.0 (compatible; DotBot/1.2; +https://opensiteexplorer.org/dotbot; help@moz.com)"
85.208.98.23 - - [18/Feb/2025:18:57:28 -0500] "GET /robots.txt HTTP/1.1" 301 795 "-" "Mozilla/5.0 (compatible; SemrushBot-BA; +http://www.semrush.com/bot.html)"
54.196.24.236 - - [18/Feb/2025:19:05:13 -0500] "GET /category/ai HTTP/1.1" 301 795 "-" "Mozilla/5.0 (X11; Linux x86_64) AppleWebKit/537.36 (KHTML, like Gecko) HeadlessChrome/88.0.4298.0 Safari/537.36"
43.157.209.67 - - [18/Feb/2025:19:17:33 -0500] "GET / HTTP/1.1" 301 795 "-" "Mozilla/5.0 (iPhone; CPU iPhone OS 13_2_3 like Mac OS X) AppleWebKit/605.1.15 (KHTML, like Gecko) Version/13.0.3 Mobile/15E148 Safari/604.1"
3.238.187.158 - - [18/Feb/2025:19:33:23 -0500] "GET /category/press-release HTTP/1.1" 301 795 "-" "Mozilla/5.0 (X11; Linux x86_64) AppleWebKit/537.36 (KHTML, like Gecko) HeadlessChrome/88.0.4298.0 Safari/537.36"
54.196.24.236 - - [18/Feb/2025:19:41:03 -0500] "GET /impressum HTTP/1.1" 301 795 "-" "Mozilla/5.0 (X11; Linux x86_64) AppleWebKit/537.36 (KHTML, like Gecko) HeadlessChrome/88.0.4298.0 Safari/537.36"
44.201.237.249 - - [18/Feb/2025:20:24:17 -0500] "GET /articles HTTP/1.1" 301 795 "-" "Mozilla/5.0 (X11; Linux x86_64) AppleWebKit/537.36 (KHTML, like Gecko) HeadlessChrome/88.0.4298.0 Safari/537.36"
124.236.100.56 - - [18/Feb/2025:20:26:49 -0500] "GET / HTTP/1.1" 301 795 "-" "Mozilla/5.0 (Windows NT 6.1; WOW64; rv:29.0) Gecko/20120101 Firefox/29.0"
124.236.100.56 - - [18/Feb/2025:20:26:49 -0500] "GET / HTTP/1.1" 301 795 "-" "Mozilla/5.0 (Windows NT 10.0; WOW64; Trident/7.0; Touch; rv:11.0) like Gecko"
44.203.106.181 - - [18/Feb/2025:20:36:44 -0500] "GET /how-to-set-up-a-google-search-console-backup-using-google-cloud-docker-and-python HTTP/1.1" 301 795 "-" "Mozilla/5.0 (X11; Linux x86_64) AppleWebKit/537.36 (KHTML, like Gecko) HeadlessChrome/88.0.4298.0 Safari/537.36"
3.238.187.158 - - [18/Feb/2025:20:37:45 -0500] "GET /category/press-release HTTP/1.1" 301 795 "-" "Mozilla/5.0 (X11; Linux x86_64) AppleWebKit/537.36 (KHTML, like Gecko) HeadlessChrome/88.0.4298.0 Safari/537.36"
62.244.23.106 - - [18/Feb/2025:21:28:01 -0500] "GET / HTTP/1.1" 301 795 "-" "Mozilla/5.0 (Windows NT 6.1; WOW64) AppleWebKit/537.36 (KHTML, like Gecko) Chrome/41.0.2227.0 Safari/537.36"
216.244.66.239 - - [18/Feb/2025:22:42:49 -0500] "GET /robots.txt HTTP/1.1" 301 795 "-" "Mozilla/5.0 (compatible; DotBot/1.2; +https://opensiteexplorer.org/dotbot; help@moz.com)"
3.238.3.27 - - [18/Feb/2025:22:44:10 -0500] "GET /de/index HTTP/1.1" 301 795 "-" "Mozilla/5.0 (X11; Linux x86_64) AppleWebKit/537.36 (KHTML, like Gecko) HeadlessChrome/88.0.4298.0 Safari/537.36"
54.196.24.236 - - [19/Feb/2025:00:03:46 -0500] "GET /category/press-release HTTP/1.1" 301 795 "-" "Mozilla/5.0 (X11; Linux x86_64) AppleWebKit/537.36 (KHTML, like Gecko) HeadlessChrome/88.0.4298.0 Safari/537.36"
3.16.155.252 - - [19/Feb/2025:02:51:26 -0500] "GET / HTTP/1.1" 301 795 "-" "curl/8.3.0"
216.244.66.239 - - [19/Feb/2025:04:12:47 -0500] "GET /robots.txt HTTP/1.1" 301 795 "-" "Mozilla/5.0 (compatible; DotBot/1.2; +https://opensiteexplorer.org/dotbot; help@moz.com)"
168.119.141.170 - - [19/Feb/2025:06:03:50 -0500] "GET / HTTP/1.1" 301 795 "-" "Mozilla/5.0 (compatible; RSiteAuditor)"
216.244.66.239 - - [19/Feb/2025:06:34:13 -0500] "GET /robots.txt HTTP/1.1" 301 795 "-" "Mozilla/5.0 (compatible; DotBot/1.2; +https://opensiteexplorer.org/dotbot; help@moz.com)"
216.244.66.239 - - [19/Feb/2025:08:08:32 -0500] "GET /robots.txt HTTP/1.1" 301 795 "-" "Mozilla/5.0 (compatible; DotBot/1.2; +https://opensiteexplorer.org/dotbot; help@moz.com)"
216.244.66.239 - - [19/Feb/2025:08:57:24 -0500] "GET /robots.txt HTTP/1.1" 301 795 "-" "Mozilla/5.0 (compatible; DotBot/1.2; +https://opensiteexplorer.org/dotbot; help@moz.com)"
44.234.109.115 - - [19/Feb/2025:09:35:18 -0500] "GET / HTTP/1.1" 301 795 "-" "Mozilla/4.0 (compatible; MSIE 6.0; Windows NT 5.1; FSL 7.0.6.01001)"
103.131.71.23 - - [19/Feb/2025:10:02:16 -0500] "GET /robots.txt HTTP/1.1" 301 795 "-" "Mozilla/5.0 (compatible; coccocbot-image/1.0; +http://help.coccoc.com/searchengine)"
185.4.176.103 - - [19/Feb/2025:11:49:49 -0500] "GET /robots.txt HTTP/1.1" 301 795 "-" "Mozilla/5.0 (compatible; MJ12bot/v2.0.0; http://mj12bot.com/)"
185.4.176.103 - - [19/Feb/2025:11:49:49 -0500] "GET / HTTP/1.1" 301 795 "-" "Mozilla/5.0 (compatible; MJ12bot/v2.0.0; http://mj12bot.com/)"
216.244.66.239 - - [19/Feb/2025:12:04:16 -0500] "GET /robots.txt HTTP/1.1" 301 795 "-" "Mozilla/5.0 (compatible; DotBot/1.2; +https://opensiteexplorer.org/dotbot; help@moz.com)"
54.186.69.225 - - [19/Feb/2025:14:20:27 -0500] "GET / HTTP/1.1" 301 795 "-" "Mozilla/5.0 (Windows NT 10.0; Win64; x64) AppleWebKit/537.36 (KHTML, like Gecko) Chrome/113.0.0.0 Safari/537.36"
216.244.66.239 - - [19/Feb/2025:14:24:59 -0500] "GET /robots.txt HTTP/1.1" 301 795 "-" "Mozilla/5.0 (compatible; DotBot/1.2; +https://opensiteexplorer.org/dotbot; help@moz.com)"
216.244.66.239 - - [19/Feb/2025:15:58:03 -0500] "GET /robots.txt HTTP/1.1" 301 795 "-" "Mozilla/5.0 (compatible; DotBot/1.2; +https://opensiteexplorer.org/dotbot; help@moz.com)"
54.186.217.220 - - [19/Feb/2025:16:39:03 -0500] "GET / HTTP/1.1" 301 795 "-" "Mozilla/5.0 (Windows NT 10.0; Win64; x64) AppleWebKit/537.36 (KHTML, like Gecko) Chrome/113.0.0.0 Safari/537.36"
43.157.201.184 - - [19/Feb/2025:17:14:05 -0500] "GET / HTTP/1.1" 301 795 "-" "Mozilla/5.0 (iPhone; CPU iPhone OS 13_2_3 like Mac OS X) AppleWebKit/605.1.15 (KHTML, like Gecko) Version/13.0.3 Mobile/15E148 Safari/604.1"
35.86.78.130 - - [19/Feb/2025:19:21:35 -0500] "GET /de/contact HTTP/1.1" 301 795 "-" "Mozilla/5.0 (Windows NT 6.1; WOW64; rv:52.0) Gecko/20100101 Firefox/52.0"
52.42.211.45 - - [19/Feb/2025:19:25:15 -0500] "GET /de/contact/ HTTP/1.1" 301 795 "-" "Mozilla/5.0 (Windows NT 6.1; WOW64; rv:52.0) Gecko/20100101 Firefox/52.0"
216.244.66.239 - - [19/Feb/2025:19:31:49 -0500] "GET /robots.txt HTTP/1.1" 301 795 "-" "Mozilla/5.0 (compatible; DotBot/1.2; +https://opensiteexplorer.org/dotbot; help@moz.com)"
103.131.71.46 - - [19/Feb/2025:20:04:19 -0500] "GET /robots.txt HTTP/1.1" 301 795 "-" "Mozilla/5.0 (compatible; coccocbot-image/1.0; +http://help.coccoc.com/searchengine)"
216.244.66.239 - - [19/Feb/2025:20:21:54 -0500] "GET /robots.txt HTTP/1.1" 301 795 "-" "Mozilla/5.0 (compatible; DotBot/1.2; +https://opensiteexplorer.org/dotbot; help@moz.com)"
216.244.66.239 - - [19/Feb/2025:21:08:38 -0500] "GET /robots.txt HTTP/1.1" 301 795 "-" "Mozilla/5.0 (compatible; DotBot/1.2; +https://opensiteexplorer.org/dotbot; help@moz.com)"
216.244.66.239 - - [19/Feb/2025:21:55:16 -0500] "GET /robots.txt HTTP/1.1" 301 795 "-" "Mozilla/5.0 (compatible; DotBot/1.2; +https://opensiteexplorer.org/dotbot; help@moz.com)"
216.244.66.239 - - [19/Feb/2025:22:45:25 -0500] "GET /robots.txt HTTP/1.1" 301 795 "-" "Mozilla/5.0 (compatible; DotBot/1.2; +https://opensiteexplorer.org/dotbot; help@moz.com)"
216.244.66.239 - - [20/Feb/2025:02:56:09 -0500] "GET /robots.txt HTTP/1.1" 301 795 "-" "Mozilla/5.0 (compatible; DotBot/1.2; +https://opensiteexplorer.org/dotbot; help@moz.com)"
35.180.231.251 - - [20/Feb/2025:03:11:31 -0500] "GET /sftp-config.json HTTP/1.1" 301 795 "-" "Mozilla/5.0 (Macintosh; Intel Mac OS X 10.15; rv:77.0) Gecko/20100101 Firefox/77.0"
35.180.231.251 - - [20/Feb/2025:03:11:33 -0500] "GET /.vscode/sftp.json HTTP/1.1" 301 795 "-" "Mozilla/5.0 (Macintosh; Intel Mac OS X 10.15; rv:77.0) Gecko/20100101 Firefox/77.0"
176.9.124.23 - - [20/Feb/2025:04:16:28 -0500] "GET / HTTP/1.1" 301 795 "-" "rc-crawler"
148.251.20.94 - - [20/Feb/2025:04:16:30 -0500] "GET /robots.txt HTTP/1.1" 301 795 "-" "-"
193.37.145.64 - - [20/Feb/2025:04:49:11 -0500] "GET /wp-json/wp/v2/users HTTP/1.1" 301 795 "-" "Mozilla/5.0 (Windows NT 6.1; Win64; x64) AppleWebKit/537.36 (KHTML, like Gecko) Chrome/69.0.3497.100 Safari/537.36"
103.131.71.27 - - [20/Feb/2025:06:01:42 -0500] "GET /robots.txt HTTP/1.1" 301 795 "-" "Mozilla/5.0 (compatible; coccocbot-image/1.0; +http://help.coccoc.com/searchengine)"
31.31.73.22 - - [20/Feb/2025:06:42:26 -0500] "GET / HTTP/1.1" 301 795 "-" "Mozilla/5.0 (Windows NT 6.1; Win64; x64) AppleWebKit/537.36 (KHTML, like Gecko) Chrome/126.0.4183.83 Safari/537.36 uAdb-9"
216.244.66.239 - - [20/Feb/2025:06:47:57 -0500] "GET /robots.txt HTTP/1.1" 301 795 "-" "Mozilla/5.0 (compatible; DotBot/1.2; +https://opensiteexplorer.org/dotbot; help@moz.com)"
