5.28.89.133 - - [20/Feb/2025:10:30:28 -0500] "GET /wp-content/plugins/wpforms-lite/assets/lib/punycode.min.js?ver=1.0.0 HTTP/1.1" 200 833 "https://heyseo.ai/?gtm_debug=1740065314296" "Mozilla/5.0 (Macintosh; Intel Mac OS X 10_15_7) AppleWebKit/537.36 (KHTML, like Gecko) Chrome/133.0.0.0 Safari/537.36"
5.28.89.133 - - [20/Feb/2025:10:30:28 -0500] "GET /wp-content/plugins/wpforms-lite/assets/js/share/utils.min.js?ver=1.9.3.2 HTTP/1.1" 200 610 "https://heyseo.ai/?gtm_debug=1740065314296" "Mozilla/5.0 (Macintosh; Intel Mac OS X 10_15_7) AppleWebKit/537.36 (KHTML, like Gecko) Chrome/133.0.0.0 Safari/537.36"
5.28.89.133 - - [20/Feb/2025:10:30:28 -0500] "GET /wp-content/plugins/wpforms-lite/assets/js/frontend/wpforms-modern.min.js?ver=1.9.3.2 HTTP/1.1" 200 1856 "https://heyseo.ai/?gtm_debug=1740065314296" "Mozilla/5.0 (Macintosh; Intel Mac OS X 10_15_7) AppleWebKit/537.36 (KHTML, like Gecko) Chrome/133.0.0.0 Safari/537.36"
5.28.89.133 - - [20/Feb/2025:10:30:28 -0500] "GET /wp-content/plugins/wpforms-lite/assets/lib/jquery.validate.min.js?ver=1.21.0 HTTP/1.1" 200 7806 "https://heyseo.ai/?gtm_debug=1740065314296" "Mozilla/5.0 (Macintosh; Intel Mac OS X 10_15_7) AppleWebKit/537.36 (KHTML, like Gecko) Chrome/133.0.0.0 Safari/537.36"
5.28.89.133 - - [20/Feb/2025:10:30:28 -0500] "GET /wp-content/plugins/wpforms-lite/assets/js/frontend/wpforms.min.js?ver=1.9.3.2 HTTP/1.1" 200 14230 "https://heyseo.ai/?gtm_debug=1740065314296" "Mozilla/5.0 (Macintosh; Intel Mac OS X 10_15_7) AppleWebKit/537.36 (KHTML, like Gecko) Chrome/133.0.0.0 Safari/537.36"
5.28.89.133 - - [20/Feb/2025:10:30:48 -0500] "GET /?gtm_debug=1740065448439 HTTP/1.1" 200 35024 "https://tagassistant.google.com/" "Mozilla/5.0 (Macintosh; Intel Mac OS X 10_15_7) AppleWebKit/537.36 (KHTML, like Gecko) Chrome/133.0.0.0 Safari/537.36"
162.0.217.198 - - [20/Feb/2025:10:31:23 -0500] "POST /wp-admin/admin-ajax.php?action=as_async_request_queue_runner&nonce=951bf18162 HTTP/1.1" 200 0 "-" "WordPress/6.7.2; https://heyseo.ai"
5.28.89.133 - - [20/Feb/2025:10:31:22 -0500] "POST /wp-admin/admin-ajax.php HTTP/1.1" 200 47 "https://heyseo.ai/wp-admin/plugins.php?plugin_status=all&paged=1&s" "Mozilla/5.0 (Macintosh; Intel Mac OS X 10_15_7) AppleWebKit/537.36 (KHTML, like Gecko) Chrome/133.0.0.0 Safari/537.36"
162.0.217.198 - - [20/Feb/2025:10:31:48 -0500] "POST /wp-cron.php?doing_wp_cron=1740065508.2313370704650878906250 HTTP/1.1" 200 0 "-" "WordPress/6.7.2; https://heyseo.ai"
5.28.89.133 - - [20/Feb/2025:10:31:47 -0500] "GET /wp-admin/plugins.php?action=activate&plugin=litespeed-cache%2Flitespeed-cache.php&plugin_status=all&paged=1&s&_wpnonce=aef7a45d65 HTTP/1.1" 302 0 "https://heyseo.ai/wp-admin/plugins.php?plugin_status=all&paged=1&s" "Mozilla/5.0 (Macintosh; Intel Mac OS X 10_15_7) AppleWebKit/537.36 (KHTML, like Gecko) Chrome/133.0.0.0 Safari/537.36"
162.0.217.198 - - [20/Feb/2025:10:31:49 -0500] "POST /wp-cron.php?doing_wp_cron=1740065509.5151379108428955078125 HTTP/1.1" 200 0 "-" "WordPress/6.7.2; https://heyseo.ai"
5.28.89.133 - - [20/Feb/2025:10:31:48 -0500] "GET /wp-admin/plugins.php?activate=true&plugin_status=all&paged=1&s= HTTP/1.1" 200 34561 "https://heyseo.ai/wp-admin/plugins.php?plugin_status=all&paged=1&s" "Mozilla/5.0 (Macintosh; Intel Mac OS X 10_15_7) AppleWebKit/537.36 (KHTML, like Gecko) Chrome/133.0.0.0 Safari/537.36"
162.0.217.198 - - [20/Feb/2025:10:31:49 -0500] "POST /wp-admin/admin-ajax.php?action=async_litespeed&nonce=0ZRCz4k0285ImTfMUBlPS1qrVIsxiztq&litespeed_type=imgoptm HTTP/1.1" 200 21 "-" "WordPress/6.7.2; https://heyseo.ai"
5.28.89.133 - - [20/Feb/2025:10:31:53 -0500] "GET /wp-admin/admin.php?page=litespeed HTTP/1.1" 200 19474 "https://heyseo.ai/wp-admin/plugins.php?plugin_status=all&paged=1&s" "Mozilla/5.0 (Macintosh; Intel Mac OS X 10_15_7) AppleWebKit/537.36 (KHTML, like Gecko) Chrome/133.0.0.0 Safari/537.36"
5.28.89.133 - - [20/Feb/2025:10:32:02 -0500] "GET /wp-admin/admin.php?page=litespeed-general HTTP/1.1" 200 20649 "https://heyseo.ai/wp-admin/admin.php?page=litespeed" "Mozilla/5.0 (Macintosh; Intel Mac OS X 10_15_7) AppleWebKit/537.36 (KHTML, like Gecko) Chrome/133.0.0.0 Safari/537.36"
5.28.89.133 - - [20/Feb/2025:10:32:03 -0500] "GET /wp-content/plugins/litespeed-cache/assets/img/quic-cloud-icon-16x16.svg HTTP/1.1" 200 1030 "https://heyseo.ai/wp-content/plugins/litespeed-cache/assets/css/litespeed.css?ver=6.5.4" "Mozilla/5.0 (Macintosh; Intel Mac OS X 10_15_7) AppleWebKit/537.36 (KHTML, like Gecko) Chrome/133.0.0.0 Safari/537.36"
5.28.89.133 - - [20/Feb/2025:10:32:03 -0500] "POST /wp-content/plugins/litespeed-cache/guest.vary.php HTTP/1.1" 200 6 "https://heyseo.ai/wp-admin/admin.php?page=litespeed-general" "Mozilla/5.0 (Macintosh; Intel Mac OS X 10_15_7) AppleWebKit/537.36 (KHTML, like Gecko) Chrome/133.0.0.0 Safari/537.36"
162.0.217.198 - - [20/Feb/2025:10:33:02 -0500] "POST /wp-cron.php?doing_wp_cron=1740065582.1680989265441894531250 HTTP/1.1" 200 0 "-" "WordPress/6.7.2; https://heyseo.ai"
5.28.89.133 - - [20/Feb/2025:10:33:01 -0500] "POST /wp-admin/admin.php?page=litespeed-general HTTP/1.1" 200 20679 "https://heyseo.ai/wp-admin/admin.php?page=litespeed-general" "Mozilla/5.0 (Macintosh; Intel Mac OS X 10_15_7) AppleWebKit/537.36 (KHTML, like Gecko) Chrome/133.0.0.0 Safari/537.36"
162.0.217.198 - - [20/Feb/2025:10:33:02 -0500] "POST /wp-admin/admin-ajax.php?action=async_litespeed&nonce=ft7RHo4fnHUiewdB25ErthfqppBwFZqw&litespeed_type=imgoptm HTTP/1.1" 200 21 "-" "WordPress/6.7.2; https://heyseo.ai"
5.28.89.133 - - [20/Feb/2025:10:33:03 -0500] "POST /wp-content/plugins/litespeed-cache/guest.vary.php HTTP/1.1" 200 6 "https://heyseo.ai/wp-admin/admin.php?page=litespeed-general" "Mozilla/5.0 (Macintosh; Intel Mac OS X 10_15_7) AppleWebKit/537.36 (KHTML, like Gecko) Chrome/133.0.0.0 Safari/537.36"
5.28.89.133 - - [20/Feb/2025:10:33:07 -0500] "GET /wp-admin/admin.php?page=litespeed HTTP/1.1" 200 19473 "https://heyseo.ai/wp-admin/admin.php?page=litespeed-general" "Mozilla/5.0 (Macintosh; Intel Mac OS X 10_15_7) AppleWebKit/537.36 (KHTML, like Gecko) Chrome/133.0.0.0 Safari/537.36"
5.28.89.133 - - [20/Feb/2025:10:33:10 -0500] "GET /wp-admin/admin.php?page=litespeed-presets HTTP/1.1" 200 19508 "https://heyseo.ai/wp-admin/admin.php?page=litespeed" "Mozilla/5.0 (Macintosh; Intel Mac OS X 10_15_7) AppleWebKit/537.36 (KHTML, like Gecko) Chrome/133.0.0.0 Safari/537.36"
162.0.217.198 - - [20/Feb/2025:10:33:32 -0500] "POST /wp-cron.php?doing_wp_cron=1740065612.3133370876312255859375 HTTP/1.1" 200 0 "-" "WordPress/6.7.2; https://heyseo.ai"
5.28.89.133 - - [20/Feb/2025:10:33:32 -0500] "GET /wp-admin/admin.php?page=litespeed-general HTTP/1.1" 200 20646 "https://heyseo.ai/wp-admin/admin.php?page=litespeed-presets" "Mozilla/5.0 (Macintosh; Intel Mac OS X 10_15_7) AppleWebKit/537.36 (KHTML, like Gecko) Chrome/133.0.0.0 Safari/537.36"
5.28.89.133 - - [20/Feb/2025:10:33:33 -0500] "POST /wp-content/plugins/litespeed-cache/guest.vary.php HTTP/1.1" 200 6 "https://heyseo.ai/wp-admin/admin.php?page=litespeed-general" "Mozilla/5.0 (Macintosh; Intel Mac OS X 10_15_7) AppleWebKit/537.36 (KHTML, like Gecko) Chrome/133.0.0.0 Safari/537.36"
5.28.89.133 - - [20/Feb/2025:10:33:36 -0500] "GET /wp-admin/admin.php?page=litespeed-cache HTTP/1.1" 200 26207 "https://heyseo.ai/wp-admin/admin.php?page=litespeed-general" "Mozilla/5.0 (Macintosh; Intel Mac OS X 10_15_7) AppleWebKit/537.36 (KHTML, like Gecko) Chrome/133.0.0.0 Safari/537.36"
5.28.89.133 - - [20/Feb/2025:10:33:41 -0500] "GET /wp-admin/admin.php?page=litespeed-cdn HTTP/1.1" 200 21396 "https://heyseo.ai/wp-admin/admin.php?page=litespeed-cache" "Mozilla/5.0 (Macintosh; Intel Mac OS X 10_15_7) AppleWebKit/537.36 (KHTML, like Gecko) Chrome/133.0.0.0 Safari/537.36"
5.28.89.133 - - [20/Feb/2025:10:33:42 -0500] "GET /wp-content/plugins/litespeed-cache/assets/js/react.min.js?ver=6.5.4 HTTP/1.1" 200 41805 "https://heyseo.ai/wp-admin/admin.php?page=litespeed-cdn" "Mozilla/5.0 (Macintosh; Intel Mac OS X 10_15_7) AppleWebKit/537.36 (KHTML, like Gecko) Chrome/133.0.0.0 Safari/537.36"
5.28.89.133 - - [20/Feb/2025:10:33:42 -0500] "GET /wp-content/plugins/litespeed-cache/assets/js/babel.min.js?ver=6.5.4 HTTP/1.1" 200 206720 "https://heyseo.ai/wp-admin/admin.php?page=litespeed-cdn" "Mozilla/5.0 (Macintosh; Intel Mac OS X 10_15_7) AppleWebKit/537.36 (KHTML, like Gecko) Chrome/133.0.0.0 Safari/537.36"
5.28.89.133 - - [20/Feb/2025:10:33:42 -0500] "GET /wp-content/plugins/litespeed-cache/assets/js/component.cdn.js?ver=6.5.4 HTTP/1.1" 200 1306 "https://heyseo.ai/wp-admin/admin.php?page=litespeed-cdn" "Mozilla/5.0 (Macintosh; Intel Mac OS X 10_15_7) AppleWebKit/537.36 (KHTML, like Gecko) Chrome/133.0.0.0 Safari/537.36"
162.0.217.198 - - [20/Feb/2025:10:33:54 -0500] "POST /wp-cron.php?doing_wp_cron=1740065634.5339770317077636718750 HTTP/1.1" 200 0 "-" "WordPress/6.7.2; https://heyseo.ai"
5.28.89.133 - - [20/Feb/2025:10:33:54 -0500] "GET /wp-admin/admin.php?page=litespeed-img_optm HTTP/1.1" 200 21448 "https://heyseo.ai/wp-admin/admin.php?page=litespeed-cdn" "Mozilla/5.0 (Macintosh; Intel Mac OS X 10_15_7) AppleWebKit/537.36 (KHTML, like Gecko) Chrome/133.0.0.0 Safari/537.36"
162.0.217.198 - - [20/Feb/2025:10:33:54 -0500] "POST /wp-admin/admin-ajax.php?action=async_litespeed&nonce=RhmxKqN9WlqewPKWDA7dJzjQ4fCBDGAT&litespeed_type=imgoptm HTTP/1.1" 200 21 "-" "WordPress/6.7.2; https://heyseo.ai"
5.28.89.133 - - [20/Feb/2025:10:34:04 -0500] "GET /wp-admin/admin.php?page=litespeed-page_optm HTTP/1.1" 200 27470 "https://heyseo.ai/wp-admin/admin.php?page=litespeed-img_optm" "Mozilla/5.0 (Macintosh; Intel Mac OS X 10_15_7) AppleWebKit/537.36 (KHTML, like Gecko) Chrome/133.0.0.0 Safari/537.36"
5.28.89.133 - - [20/Feb/2025:10:34:12 -0500] "GET /wp-admin/admin.php?page=litespeed-db_optm HTTP/1.1" 200 19196 "https://heyseo.ai/wp-admin/admin.php?page=litespeed-page_optm" "Mozilla/5.0 (Macintosh; Intel Mac OS X 10_15_7) AppleWebKit/537.36 (KHTML, like Gecko) Chrome/133.0.0.0 Safari/537.36"
5.28.89.133 - - [20/Feb/2025:10:34:14 -0500] "GET /wp-content/plugins/litespeed-cache/assets/img/icons/all.svg HTTP/1.1" 200 2798 "https://heyseo.ai/wp-content/plugins/litespeed-cache/assets/css/litespeed.css?ver=6.5.4" "Mozilla/5.0 (Macintosh; Intel Mac OS X 10_15_7) AppleWebKit/537.36 (KHTML, like Gecko) Chrome/133.0.0.0 Safari/537.36"
5.28.89.133 - - [20/Feb/2025:10:34:14 -0500] "GET /wp-content/plugins/litespeed-cache/assets/img/icons/cross_icon.svg HTTP/1.1" 200 1114 "https://heyseo.ai/wp-content/plugins/litespeed-cache/assets/css/litespeed.css?ver=6.5.4" "Mozilla/5.0 (Macintosh; Intel Mac OS X 10_15_7) AppleWebKit/537.36 (KHTML, like Gecko) Chrome/133.0.0.0 Safari/537.36"
5.28.89.133 - - [20/Feb/2025:10:34:14 -0500] "GET /wp-content/plugins/litespeed-cache/assets/img/icons/revision.svg HTTP/1.1" 200 1016 "https://heyseo.ai/wp-content/plugins/litespeed-cache/assets/css/litespeed.css?ver=6.5.4" "Mozilla/5.0 (Macintosh; Intel Mac OS X 10_15_7) AppleWebKit/537.36 (KHTML, like Gecko) Chrome/133.0.0.0 Safari/537.36"
5.28.89.133 - - [20/Feb/2025:10:34:14 -0500] "GET /wp-content/plugins/litespeed-cache/assets/img/icons/auto_draft.svg HTTP/1.1" 200 2416 "https://heyseo.ai/wp-content/plugins/litespeed-cache/assets/css/litespeed.css?ver=6.5.4" "Mozilla/5.0 (Macintosh; Intel Mac OS X 10_15_7) AppleWebKit/537.36 (KHTML, like Gecko) Chrome/133.0.0.0 Safari/537.36"
5.28.89.133 - - [20/Feb/2025:10:34:14 -0500] "GET /wp-content/plugins/litespeed-cache/assets/img/icons/expired_transient.svg HTTP/1.1" 200 1739 "https://heyseo.ai/wp-content/plugins/litespeed-cache/assets/css/litespeed.css?ver=6.5.4" "Mozilla/5.0 (Macintosh; Intel Mac OS X 10_15_7) AppleWebKit/537.36 (KHTML, like Gecko) Chrome/133.0.0.0 Safari/537.36"
5.28.89.133 - - [20/Feb/2025:10:34:14 -0500] "GET /wp-content/plugins/litespeed-cache/assets/img/icons/spam_comment.svg HTTP/1.1" 200 1555 "https://heyseo.ai/wp-content/plugins/litespeed-cache/assets/css/litespeed.css?ver=6.5.4" "Mozilla/5.0 (Macintosh; Intel Mac OS X 10_15_7) AppleWebKit/537.36 (KHTML, like Gecko) Chrome/133.0.0.0 Safari/537.36"
5.28.89.133 - - [20/Feb/2025:10:34:14 -0500] "GET /wp-content/plugins/litespeed-cache/assets/img/icons/trash_comment.svg HTTP/1.1" 200 2526 "https://heyseo.ai/wp-content/plugins/litespeed-cache/assets/css/litespeed.css?ver=6.5.4" "Mozilla/5.0 (Macintosh; Intel Mac OS X 10_15_7) AppleWebKit/537.36 (KHTML, like Gecko) Chrome/133.0.0.0 Safari/537.36"
5.28.89.133 - - [20/Feb/2025:10:34:14 -0500] "GET /wp-content/plugins/litespeed-cache/assets/img/icons/success_icon.svg HTTP/1.1" 200 1204 "https://heyseo.ai/wp-content/plugins/litespeed-cache/assets/css/litespeed.css?ver=6.5.4" "Mozilla/5.0 (Macintosh; Intel Mac OS X 10_15_7) AppleWebKit/537.36 (KHTML, like Gecko) Chrome/133.0.0.0 Safari/537.36"
5.28.89.133 - - [20/Feb/2025:10:34:14 -0500] "GET /wp-content/plugins/litespeed-cache/assets/img/icons/trash_post.svg HTTP/1.1" 200 2044 "https://heyseo.ai/wp-content/plugins/litespeed-cache/assets/css/litespeed.css?ver=6.5.4" "Mozilla/5.0 (Macintosh; Intel Mac OS X 10_15_7) AppleWebKit/537.36 (KHTML, like Gecko) Chrome/133.0.0.0 Safari/537.36"
5.28.89.133 - - [20/Feb/2025:10:34:14 -0500] "GET /wp-content/plugins/litespeed-cache/assets/img/icons/trackback-pingback.svg HTTP/1.1" 200 1007 "https://heyseo.ai/wp-content/plugins/litespeed-cache/assets/css/litespeed.css?ver=6.5.4" "Mozilla/5.0 (Macintosh; Intel Mac OS X 10_15_7) AppleWebKit/537.36 (KHTML, like Gecko) Chrome/133.0.0.0 Safari/537.36"
5.28.89.133 - - [20/Feb/2025:10:34:14 -0500] "GET /wp-content/plugins/litespeed-cache/assets/img/icons/optimize_tables.svg HTTP/1.1" 200 1175 "https://heyseo.ai/wp-content/plugins/litespeed-cache/assets/css/litespeed.css?ver=6.5.4" "Mozilla/5.0 (Macintosh; Intel Mac OS X 10_15_7) AppleWebKit/537.36 (KHTML, like Gecko) Chrome/133.0.0.0 Safari/537.36"
5.28.89.133 - - [20/Feb/2025:10:34:14 -0500] "GET /wp-content/plugins/litespeed-cache/assets/img/icons/all_transients.svg HTTP/1.1" 200 1480 "https://heyseo.ai/wp-content/plugins/litespeed-cache/assets/css/litespeed.css?ver=6.5.4" "Mozilla/5.0 (Macintosh; Intel Mac OS X 10_15_7) AppleWebKit/537.36 (KHTML, like Gecko) Chrome/133.0.0.0 Safari/537.36"
162.0.217.198 - - [20/Feb/2025:10:35:15 -0500] "POST /wp-cron.php?doing_wp_cron=1740065715.4949760437011718750000 HTTP/1.1" 200 0 "-" "WordPress/6.7.2; https://heyseo.ai"
5.28.89.133 - - [20/Feb/2025:10:35:15 -0500] "POST /wp-admin/admin-ajax.php HTTP/1.1" 200 47 "https://heyseo.ai/wp-admin/admin.php?page=litespeed-db_optm" "Mozilla/5.0 (Macintosh; Intel Mac OS X 10_15_7) AppleWebKit/537.36 (KHTML, like Gecko) Chrome/133.0.0.0 Safari/537.36"
162.0.217.198 - - [20/Feb/2025:10:35:15 -0500] "POST /wp-admin/admin-ajax.php?action=async_litespeed&nonce=SqxE57qqqIP6gmX8i6bAQaEK5ynyJrvI&litespeed_type=imgoptm HTTP/1.1" 200 21 "-" "WordPress/6.7.2; https://heyseo.ai"
162.0.217.198 - - [20/Feb/2025:10:35:40 -0500] "POST /wp-cron.php?doing_wp_cron=1740065740.2385449409484863281250 HTTP/1.1" 200 0 "-" "WordPress/6.7.2; https://heyseo.ai"
5.28.89.133 - - [20/Feb/2025:10:35:39 -0500] "GET /wp-admin/admin.php?page=litespeed-crawler HTTP/1.1" 200 21905 "https://heyseo.ai/wp-admin/admin.php?page=litespeed-db_optm" "Mozilla/5.0 (Macintosh; Intel Mac OS X 10_15_7) AppleWebKit/537.36 (KHTML, like Gecko) Chrome/133.0.0.0 Safari/537.36"
5.28.89.133 - - [20/Feb/2025:10:35:41 -0500] "GET /wp-content/plugins/litespeed-cache/assets/img/Litespeed.icon.svg HTTP/1.1" 200 1333 "https://heyseo.ai/wp-admin/admin.php?page=litespeed-crawler" "Mozilla/5.0 (Macintosh; Intel Mac OS X 10_15_7) AppleWebKit/537.36 (KHTML, like Gecko) Chrome/133.0.0.0 Safari/537.36"
5.28.89.133 - - [20/Feb/2025:10:35:41 -0500] "GET /wp-content/plugins/litespeed-cache/assets/js/component.crawler.js?ver=6.5.4 HTTP/1.1" 200 884 "https://heyseo.ai/wp-admin/admin.php?page=litespeed-crawler" "Mozilla/5.0 (Macintosh; Intel Mac OS X 10_15_7) AppleWebKit/537.36 (KHTML, like Gecko) Chrome/133.0.0.0 Safari/537.36"
162.0.217.198 - - [20/Feb/2025:10:36:42 -0500] "POST /wp-cron.php?doing_wp_cron=1740065802.4408121109008789062500 HTTP/1.1" 200 0 "-" "WordPress/6.7.2; https://heyseo.ai"
5.28.89.133 - - [20/Feb/2025:10:36:42 -0500] "POST /wp-admin/admin-ajax.php HTTP/1.1" 200 47 "https://heyseo.ai/wp-admin/admin.php?page=litespeed-crawler" "Mozilla/5.0 (Macintosh; Intel Mac OS X 10_15_7) AppleWebKit/537.36 (KHTML, like Gecko) Chrome/133.0.0.0 Safari/537.36"
162.0.217.198 - - [20/Feb/2025:10:36:42 -0500] "POST /wp-admin/admin-ajax.php?action=async_litespeed&nonce=zVBCbWdEtJc97Qn9WfDVSn8MBa0fTxHs&litespeed_type=imgoptm HTTP/1.1" 200 21 "-" "WordPress/6.7.2; https://heyseo.ai"
162.0.217.198 - - [20/Feb/2025:10:36:56 -0500] "POST /wp-cron.php?doing_wp_cron=1740065816.7039680480957031250000 HTTP/1.1" 200 0 "-" "WordPress/6.7.2; https://heyseo.ai"
66.249.74.10 - - [20/Feb/2025:10:36:56 -0500] "GET /running-seo-tests-with-ai-and-python/ HTTP/1.1" 200 28070 "-" "Mozilla/5.0 (Linux; Android 6.0.1; Nexus 5X Build/MMB29P) AppleWebKit/537.36 (KHTML, like Gecko) Chrome/133.0.6943.53 Mobile Safari/537.36 (compatible; Googlebot/2.1; +http://www.google.com/bot.html)"
162.0.217.198 - - [20/Feb/2025:10:36:56 -0500] "POST /wp-admin/admin-ajax.php?action=async_litespeed&nonce=tY8fozVDidZtF1w0XzAkXd4QuY1UCmXB&litespeed_type=imgoptm HTTP/1.1" 200 21 "-" "WordPress/6.7.2; https://heyseo.ai"
216.244.66.239 - - [20/Feb/2025:10:37:01 -0500] "GET /robots.txt HTTP/1.1" 200 167 "-" "Mozilla/5.0 (compatible; DotBot/1.2; +https://opensiteexplorer.org/dotbot; help@moz.com)"
66.249.74.11 - - [20/Feb/2025:10:37:06 -0500] "GET /wp-content/litespeed/css/3a13856e01f13ed480c768b3f6427c52.css?ver=79a6a HTTP/1.1" 200 12604 "https://heyseo.ai/running-seo-tests-with-ai-and-python/" "Mozilla/5.0 (Linux; Android 6.0.1; Nexus 5X Build/MMB29P) AppleWebKit/537.36 (KHTML, like Gecko) Chrome/133.0.6943.53 Mobile Safari/537.36 (compatible; Googlebot/2.1; +http://www.google.com/bot.html)"
66.249.74.11 - - [20/Feb/2025:10:37:06 -0500] "GET /wp-content/themes/heyseo-v1.2/js/filterbar.js HTTP/1.1" 200 310 "https://heyseo.ai/running-seo-tests-with-ai-and-python/" "Mozilla/5.0 (Linux; Android 6.0.1; Nexus 5X Build/MMB29P) AppleWebKit/537.36 (KHTML, like Gecko) Chrome/133.0.6943.53 Mobile Safari/537.36 (compatible; Googlebot/2.1; +http://www.google.com/bot.html)"
66.249.74.10 - - [20/Feb/2025:10:37:08 -0500] "GET /wp-content/litespeed/css/d3c74332721031b112ced9c343a1950c.css?ver=1950c HTTP/1.1" 200 14218 "https://heyseo.ai/running-seo-tests-with-ai-and-python/" "Mozilla/5.0 (Linux; Android 6.0.1; Nexus 5X Build/MMB29P) AppleWebKit/537.36 (KHTML, like Gecko) Chrome/133.0.6943.53 Mobile Safari/537.36 (compatible; Googlebot/2.1; +http://www.google.com/bot.html)"
66.249.74.9 - - [20/Feb/2025:10:37:12 -0500] "GET /wp-content/plugins/cookie-law-info/lite/frontend/js/script.min.js HTTP/1.1" 200 6423 "https://heyseo.ai/running-seo-tests-with-ai-and-python/" "Mozilla/5.0 (Linux; Android 6.0.1; Nexus 5X Build/MMB29P) AppleWebKit/537.36 (KHTML, like Gecko) Chrome/133.0.6943.53 Mobile Safari/537.36 (compatible; Googlebot/2.1; +http://www.google.com/bot.html)"
66.249.74.10 - - [20/Feb/2025:10:37:16 -0500] "GET /wp-content/litespeed/css/a5d29831dff1a891b9202382f89445bc.css?ver=445bc HTTP/1.1" 200 14842 "https://heyseo.ai/running-seo-tests-with-ai-and-python/" "Mozilla/5.0 (Linux; Android 6.0.1; Nexus 5X Build/MMB29P) AppleWebKit/537.36 (KHTML, like Gecko) Chrome/133.0.6943.53 Mobile Safari/537.36 (compatible; Googlebot/2.1; +http://www.google.com/bot.html)"
5.28.89.133 - - [20/Feb/2025:10:37:16 -0500] "GET / HTTP/1.1" 200 35206 "-" "Mozilla/5.0 (Macintosh; Intel Mac OS X 10_15_7) AppleWebKit/537.36 (KHTML, like Gecko) Chrome/133.0.0.0 Safari/537.36"
66.249.74.9 - - [20/Feb/2025:10:37:19 -0500] "GET /wp-content/themes/heyseo-v1.2/js/modals.js HTTP/1.1" 200 484 "https://heyseo.ai/running-seo-tests-with-ai-and-python/" "Mozilla/5.0 (Linux; Android 6.0.1; Nexus 5X Build/MMB29P) AppleWebKit/537.36 (KHTML, like Gecko) Chrome/133.0.6943.53 Mobile Safari/537.36 (compatible; Googlebot/2.1; +http://www.google.com/bot.html)"
66.249.74.9 - - [20/Feb/2025:10:37:23 -0500] "GET /wp-content/themes/heyseo-v1.2/js/faqs.js HTTP/1.1" 200 200 "https://heyseo.ai/running-seo-tests-with-ai-and-python/" "Mozilla/5.0 (Linux; Android 6.0.1; Nexus 5X Build/MMB29P) AppleWebKit/537.36 (KHTML, like Gecko) Chrome/133.0.6943.53 Mobile Safari/537.36 (compatible; Googlebot/2.1; +http://www.google.com/bot.html)"
162.0.217.198 - - [20/Feb/2025:10:37:29 -0500] "POST /wp-cron.php?doing_wp_cron=1740065849.7610349655151367187500 HTTP/1.1" 200 0 "-" "WordPress/6.7.2; https://heyseo.ai"
5.28.89.133 - - [20/Feb/2025:10:37:29 -0500] "GET / HTTP/1.1" 200 35234 "-" "Mozilla/5.0 (iPhone; CPU iPhone OS 16_6 like Mac OS X) AppleWebKit/605.1.15 (KHTML, like Gecko) Version/16.6 Mobile/15E148 Safari/604.1"
66.249.74.9 - - [20/Feb/2025:10:37:30 -0500] "GET /wp-content/themes/heyseo-v1.2/js/scrollfade.js HTTP/1.1" 200 230 "https://heyseo.ai/running-seo-tests-with-ai-and-python/" "Mozilla/5.0 (Linux; Android 6.0.1; Nexus 5X Build/MMB29P) AppleWebKit/537.36 (KHTML, like Gecko) Chrome/133.0.6943.53 Mobile Safari/537.36 (compatible; Googlebot/2.1; +http://www.google.com/bot.html)"
66.249.74.9 - - [20/Feb/2025:10:37:37 -0500] "GET /wp-content/themes/heyseo-v1.2/js/custom-menu-hide.js HTTP/1.1" 200 271 "https://heyseo.ai/running-seo-tests-with-ai-and-python/" "Mozilla/5.0 (Linux; Android 6.0.1; Nexus 5X Build/MMB29P) AppleWebKit/537.36 (KHTML, like Gecko) Chrome/133.0.6943.53 Mobile Safari/537.36 (compatible; Googlebot/2.1; +http://www.google.com/bot.html)"
66.249.74.9 - - [20/Feb/2025:10:37:40 -0500] "GET /wp-content/plugins/wp-consent-api/assets/js/wp-consent-api.min.js HTTP/1.1" 200 600 "https://heyseo.ai/running-seo-tests-with-ai-and-python/" "Mozilla/5.0 (Linux; Android 6.0.1; Nexus 5X Build/MMB29P) AppleWebKit/537.36 (KHTML, like Gecko) Chrome/133.0.6943.53 Mobile Safari/537.36 (compatible; Googlebot/2.1; +http://www.google.com/bot.html)"
5.28.89.133 - - [20/Feb/2025:10:37:41 -0500] "POST /wp-admin/admin-ajax.php HTTP/1.1" 200 47 "https://heyseo.ai/wp-admin/admin.php?page=litespeed-crawler" "Mozilla/5.0 (Macintosh; Intel Mac OS X 10_15_7) AppleWebKit/537.36 (KHTML, like Gecko) Chrome/133.0.0.0 Safari/537.36"
66.249.74.9 - - [20/Feb/2025:10:37:44 -0500] "GET /wp-content/plugins/wpforms-lite/assets/lib/jquery.validate.min.js HTTP/1.1" 200 7806 "https://heyseo.ai/running-seo-tests-with-ai-and-python/" "Mozilla/5.0 (Linux; Android 6.0.1; Nexus 5X Build/MMB29P) AppleWebKit/537.36 (KHTML, like Gecko) Chrome/133.0.6943.53 Mobile Safari/537.36 (compatible; Googlebot/2.1; +http://www.google.com/bot.html)"
66.249.74.9 - - [20/Feb/2025:10:37:47 -0500] "GET /wp-content/plugins/wpforms-lite/assets/lib/mailcheck.min.js HTTP/1.1" 200 1615 "https://heyseo.ai/running-seo-tests-with-ai-and-python/" "Mozilla/5.0 (Linux; Android 6.0.1; Nexus 5X Build/MMB29P) AppleWebKit/537.36 (KHTML, like Gecko) Chrome/133.0.6943.53 Mobile Safari/537.36 (compatible; Googlebot/2.1; +http://www.google.com/bot.html)"
66.249.74.9 - - [20/Feb/2025:10:37:51 -0500] "GET /wp-content/plugins/wpforms-lite/assets/lib/punycode.min.js HTTP/1.1" 200 833 "https://heyseo.ai/running-seo-tests-with-ai-and-python/" "Mozilla/5.0 (Linux; Android 6.0.1; Nexus 5X Build/MMB29P) AppleWebKit/537.36 (KHTML, like Gecko) Chrome/133.0.6943.53 Mobile Safari/537.36 (compatible; Googlebot/2.1; +http://www.google.com/bot.html)"
66.249.74.9 - - [20/Feb/2025:10:37:54 -0500] "GET /wp-content/plugins/wpforms-lite/assets/js/share/utils.min.js HTTP/1.1" 200 610 "https://heyseo.ai/running-seo-tests-with-ai-and-python/" "Mozilla/5.0 (Linux; Android 6.0.1; Nexus 5X Build/MMB29P) AppleWebKit/537.36 (KHTML, like Gecko) Chrome/133.0.6943.53 Mobile Safari/537.36 (compatible; Googlebot/2.1; +http://www.google.com/bot.html)"
162.0.217.198 - - [20/Feb/2025:10:39:47 -0500] "POST /wp-cron.php?doing_wp_cron=1740065987.5525670051574707031250 HTTP/1.1" 200 0 "-" "WordPress/6.7.2; https://heyseo.ai"
5.28.89.133 - - [20/Feb/2025:10:39:43 -0500] "POST /wp-admin/admin-ajax.php HTTP/1.1" 200 47 "https://heyseo.ai/wp-admin/admin.php?page=litespeed-crawler" "Mozilla/5.0 (Macintosh; Intel Mac OS X 10_15_7) AppleWebKit/537.36 (KHTML, like Gecko) Chrome/133.0.0.0 Safari/537.36"
162.0.217.198 - - [20/Feb/2025:10:39:48 -0500] "POST /wp-admin/admin-ajax.php?action=async_litespeed&nonce=VdVp1MdaWQBdHqmWMBA2YciWRcojCXKV&litespeed_type=imgoptm HTTP/1.1" 200 21 "-" "WordPress/6.7.2; https://heyseo.ai"
159.223.173.64 - - [20/Feb/2025:10:40:13 -0500] "GET /wp-admin/css/ HTTP/1.1" 200 3455 "binance.com" "Mozilla/5.0 (Windows NT 10.0; Win64; x64) AppleWebKit/537.36 (KHTML, like Gecko) Chrome/90.0.4430.85 Safari/537.36"
159.223.173.64 - - [20/Feb/2025:10:40:21 -0500] "GET /wp-content/uploads/2025/02/ HTTP/1.1" 200 10756 "binance.com" "Mozilla/5.0 (Windows NT 10.0; Win64; x64) AppleWebKit/537.36 (KHTML, like Gecko) Chrome/90.0.4430.85 Safari/537.36"
159.223.173.64 - - [20/Feb/2025:10:40:28 -0500] "GET /wp-content/uploads/2025/01/ HTTP/1.1" 200 1349 "binance.com" "Mozilla/5.0 (Windows NT 10.0; Win64; x64) AppleWebKit/537.36 (KHTML, like Gecko) Chrome/90.0.4430.85 Safari/537.36"
159.223.173.64 - - [20/Feb/2025:10:40:36 -0500] "GET /wp-content/uploads/ HTTP/1.1" 200 847 "binance.com" "Mozilla/5.0 (Windows NT 10.0; Win64; x64) AppleWebKit/537.36 (KHTML, like Gecko) Chrome/90.0.4430.85 Safari/537.36"
159.223.173.64 - - [20/Feb/2025:10:40:42 -0500] "GET /wp-content/upgrade/ HTTP/1.1" 200 682 "binance.com" "Mozilla/5.0 (Windows NT 10.0; Win64; x64) AppleWebKit/537.36 (KHTML, like Gecko) Chrome/90.0.4430.85 Safari/537.36"
159.223.173.64 - - [20/Feb/2025:10:40:46 -0500] "GET /wp-content/languages/ HTTP/1.1" 200 7352 "binance.com" "Mozilla/5.0 (Windows NT 10.0; Win64; x64) AppleWebKit/537.36 (KHTML, like Gecko) Chrome/90.0.4430.85 Safari/537.36"
159.223.173.64 - - [20/Feb/2025:10:40:48 -0500] "GET /wp-content/languages/ HTTP/1.1" 200 7352 "binance.com" "Mozilla/5.0 (Windows NT 10.0; Win64; x64) AppleWebKit/537.36 (KHTML, like Gecko) Chrome/90.0.4430.85 Safari/537.36"
159.223.173.64 - - [20/Feb/2025:10:40:50 -0500] "GET /wp-content/languages/admin-de_DE.l10n.php HTTP/1.1" 200 0 "binance.com" "Mozilla/5.0 (Windows NT 10.0; Win64; x64) AppleWebKit/537.36 (KHTML, like Gecko) Chrome/90.0.4430.85 Safari/537.36"
159.223.173.64 - - [20/Feb/2025:10:40:51 -0500] "GET /wp-content/languages/admin-en_GB.l10n.php HTTP/1.1" 200 0 "binance.com" "Mozilla/5.0 (Windows NT 10.0; Win64; x64) AppleWebKit/537.36 (KHTML, like Gecko) Chrome/90.0.4430.85 Safari/537.36"
159.223.173.64 - - [20/Feb/2025:10:40:53 -0500] "GET /wp-content/languages/admin-fr_FR.l10n.php HTTP/1.1" 200 0 "binance.com" "Mozilla/5.0 (Windows NT 10.0; Win64; x64) AppleWebKit/537.36 (KHTML, like Gecko) Chrome/90.0.4430.85 Safari/537.36"
159.223.173.64 - - [20/Feb/2025:10:40:56 -0500] "GET /wp-content/languages/admin-network-de_DE.l10n.php HTTP/1.1" 200 0 "binance.com" "Mozilla/5.0 (Windows NT 10.0; Win64; x64) AppleWebKit/537.36 (KHTML, like Gecko) Chrome/90.0.4430.85 Safari/537.36"
159.223.173.64 - - [20/Feb/2025:10:40:59 -0500] "GET /wp-content/languages/admin-network-en_GB.l10n.php HTTP/1.1" 200 0 "binance.com" "Mozilla/5.0 (Windows NT 10.0; Win64; x64) AppleWebKit/537.36 (KHTML, like Gecko) Chrome/90.0.4430.85 Safari/537.36"
159.223.173.64 - - [20/Feb/2025:10:41:01 -0500] "GET /wp-content/languages/admin-network-fr_FR.l10n.php HTTP/1.1" 200 0 "binance.com" "Mozilla/5.0 (Windows NT 10.0; Win64; x64) AppleWebKit/537.36 (KHTML, like Gecko) Chrome/90.0.4430.85 Safari/537.36"
159.223.173.64 - - [20/Feb/2025:10:41:02 -0500] "GET /wp-content/languages/continents-cities-de_DE.l10n.php HTTP/1.1" 200 0 "binance.com" "Mozilla/5.0 (Windows NT 10.0; Win64; x64) AppleWebKit/537.36 (KHTML, like Gecko) Chrome/90.0.4430.85 Safari/537.36"
159.223.173.64 - - [20/Feb/2025:10:41:04 -0500] "GET /wp-content/languages/continents-cities-fr_FR.l10n.php HTTP/1.1" 200 0 "binance.com" "Mozilla/5.0 (Windows NT 10.0; Win64; x64) AppleWebKit/537.36 (KHTML, like Gecko) Chrome/90.0.4430.85 Safari/537.36"
159.223.173.64 - - [20/Feb/2025:10:41:05 -0500] "GET /wp-content/languages/de_DE.l10n.php HTTP/1.1" 200 0 "binance.com" "Mozilla/5.0 (Windows NT 10.0; Win64; x64) AppleWebKit/537.36 (KHTML, like Gecko) Chrome/90.0.4430.85 Safari/537.36"
159.223.173.64 - - [20/Feb/2025:10:41:06 -0500] "GET /wp-content/languages/en_GB.l10n.php HTTP/1.1" 200 0 "binance.com" "Mozilla/5.0 (Windows NT 10.0; Win64; x64) AppleWebKit/537.36 (KHTML, like Gecko) Chrome/90.0.4430.85 Safari/537.36"
159.223.173.64 - - [20/Feb/2025:10:41:08 -0500] "GET /wp-content/languages/fr_FR.l10n.php HTTP/1.1" 200 0 "binance.com" "Mozilla/5.0 (Windows NT 10.0; Win64; x64) AppleWebKit/537.36 (KHTML, like Gecko) Chrome/90.0.4430.85 Safari/537.36"
159.223.173.64 - - [20/Feb/2025:10:41:09 -0500] "GET /wp-admin/includes/ HTTP/1.1" 200 3973 "binance.com" "Mozilla/5.0 (Windows NT 10.0; Win64; x64) AppleWebKit/537.36 (KHTML, like Gecko) Chrome/90.0.4430.85 Safari/537.36"
159.223.173.64 - - [20/Feb/2025:10:41:10 -0500] "GET /wp-admin/includes/ HTTP/1.1" 200 3973 "binance.com" "Mozilla/5.0 (Windows NT 10.0; Win64; x64) AppleWebKit/537.36 (KHTML, like Gecko) Chrome/90.0.4430.85 Safari/537.36"
159.223.173.64 - - [20/Feb/2025:10:41:11 -0500] "GET /wp-admin/maint/ HTTP/1.1" 200 772 "binance.com" "Mozilla/5.0 (Windows NT 10.0; Win64; x64) AppleWebKit/537.36 (KHTML, like Gecko) Chrome/90.0.4430.85 Safari/537.36"
159.223.173.64 - - [20/Feb/2025:10:41:15 -0500] "GET /wp-admin/maint/ HTTP/1.1" 200 772 "binance.com" "Mozilla/5.0 (Windows NT 10.0; Win64; x64) AppleWebKit/537.36 (KHTML, like Gecko) Chrome/90.0.4430.85 Safari/537.36"
162.0.217.198 - - [20/Feb/2025:10:41:25 -0500] "POST /wp-cron.php?doing_wp_cron=1740066085.6526780128479003906250 HTTP/1.1" 200 0 "-" "WordPress/6.7.2; https://heyseo.ai"
159.223.173.64 - - [20/Feb/2025:10:41:24 -0500] "GET /wp-admin/network/ HTTP/1.1" 302 0 "binance.com" "Mozilla/5.0 (Windows NT 10.0; Win64; x64) AppleWebKit/537.36 (KHTML, like Gecko) Chrome/90.0.4430.85 Safari/537.36"
159.223.173.64 - - [20/Feb/2025:10:41:25 -0500] "GET /wp-login.php?redirect_to=https%3A%2F%2Fheyseo.ai%2Fwp-admin%2Fnetwork%2F&reauth=1 HTTP/1.1" 200 3158 "binance.com" "Mozilla/5.0 (Windows NT 10.0; Win64; x64) AppleWebKit/537.36 (KHTML, like Gecko) Chrome/90.0.4430.85 Safari/537.36"
162.0.217.198 - - [20/Feb/2025:10:41:26 -0500] "POST /wp-admin/admin-ajax.php?action=async_litespeed&nonce=hnSTuBrjwCGu71OtMGA8FDsrgRfi010A&litespeed_type=imgoptm HTTP/1.1" 200 21 "-" "WordPress/6.7.2; https://heyseo.ai"
162.0.217.198 - - [20/Feb/2025:10:41:33 -0500] "POST /wp-cron.php?doing_wp_cron=1740066093.3707540035247802734375 HTTP/1.1" 200 0 "-" "WordPress/6.7.2; https://heyseo.ai"
159.223.173.64 - - [20/Feb/2025:10:41:32 -0500] "GET /wp-admin/user/ HTTP/1.1" 302 0 "binance.com" "Mozilla/5.0 (Windows NT 10.0; Win64; x64) AppleWebKit/537.36 (KHTML, like Gecko) Chrome/90.0.4430.85 Safari/537.36"
159.223.173.64 - - [20/Feb/2025:10:41:33 -0500] "GET /wp-login.php?redirect_to=https%3A%2F%2Fheyseo.ai%2Fwp-admin%2Fuser%2F&reauth=1 HTTP/1.1" 200 3163 "binance.com" "Mozilla/5.0 (Windows NT 10.0; Win64; x64) AppleWebKit/537.36 (KHTML, like Gecko) Chrome/90.0.4430.85 Safari/537.36"
159.223.173.64 - - [20/Feb/2025:10:41:42 -0500] "GET /wp-admin/css/ HTTP/1.1" 200 3430 "binance.com" "Mozilla/5.0 (Windows NT 10.0; Win64; x64) AppleWebKit/537.36 (KHTML, like Gecko) Chrome/90.0.4430.85 Safari/537.36"
5.28.89.133 - - [20/Feb/2025:10:41:44 -0500] "POST /wp-admin/admin-ajax.php HTTP/1.1" 200 47 "https://heyseo.ai/wp-admin/admin.php?page=litespeed-crawler" "Mozilla/5.0 (Macintosh; Intel Mac OS X 10_15_7) AppleWebKit/537.36 (KHTML, like Gecko) Chrome/133.0.0.0 Safari/537.36"
159.223.173.64 - - [20/Feb/2025:10:41:47 -0500] "GET /wp-admin/css/colors/ HTTP/1.1" 200 1322 "binance.com" "Mozilla/5.0 (Windows NT 10.0; Win64; x64) AppleWebKit/537.36 (KHTML, like Gecko) Chrome/90.0.4430.85 Safari/537.36"
159.223.173.64 - - [20/Feb/2025:10:41:51 -0500] "GET /wp-admin/css/colors/blue/ HTTP/1.1" 200 886 "binance.com" "Mozilla/5.0 (Windows NT 10.0; Win64; x64) AppleWebKit/537.36 (KHTML, like Gecko) Chrome/90.0.4430.85 Safari/537.36"
159.223.173.64 - - [20/Feb/2025:10:41:53 -0500] "GET /wp-admin/css/colors/coffee/ HTTP/1.1" 200 885 "binance.com" "Mozilla/5.0 (Windows NT 10.0; Win64; x64) AppleWebKit/537.36 (KHTML, like Gecko) Chrome/90.0.4430.85 Safari/537.36"
159.223.173.64 - - [20/Feb/2025:10:41:56 -0500] "GET /wp-admin/css/colors/ectoplasm/ HTTP/1.1" 200 894 "binance.com" "Mozilla/5.0 (Windows NT 10.0; Win64; x64) AppleWebKit/537.36 (KHTML, like Gecko) Chrome/90.0.4430.85 Safari/537.36"
159.223.173.64 - - [20/Feb/2025:10:41:59 -0500] "GET /wp-admin/css/colors/light/ HTTP/1.1" 200 887 "binance.com" "Mozilla/5.0 (Windows NT 10.0; Win64; x64) AppleWebKit/537.36 (KHTML, like Gecko) Chrome/90.0.4430.85 Safari/537.36"
159.223.173.64 - - [20/Feb/2025:10:42:00 -0500] "GET /wp-admin/css/colors/midnight/ HTTP/1.1" 200 889 "binance.com" "Mozilla/5.0 (Windows NT 10.0; Win64; x64) AppleWebKit/537.36 (KHTML, like Gecko) Chrome/90.0.4430.85 Safari/537.36"
159.223.173.64 - - [20/Feb/2025:10:42:02 -0500] "GET /wp-admin/css/colors/modern/ HTTP/1.1" 200 889 "binance.com" "Mozilla/5.0 (Windows NT 10.0; Win64; x64) AppleWebKit/537.36 (KHTML, like Gecko) Chrome/90.0.4430.85 Safari/537.36"
159.223.173.64 - - [20/Feb/2025:10:42:03 -0500] "GET /wp-admin/css/colors/ocean/ HTTP/1.1" 200 892 "binance.com" "Mozilla/5.0 (Windows NT 10.0; Win64; x64) AppleWebKit/537.36 (KHTML, like Gecko) Chrome/90.0.4430.85 Safari/537.36"
162.0.217.198 - - [20/Feb/2025:10:42:05 -0500] "POST /wp-cron.php?doing_wp_cron=1740066125.6648499965667724609375 HTTP/1.1" 200 0 "-" "WordPress/6.7.2; https://heyseo.ai"
159.223.173.64 - - [20/Feb/2025:10:42:05 -0500] "GET /wp-admin/css/colors/sunrise/%20 HTTP/1.1" 301 0 "binance.com" "Mozilla/5.0 (Windows NT 10.0; Win64; x64) AppleWebKit/537.36 (KHTML, like Gecko) Chrome/90.0.4430.85 Safari/537.36"
159.223.173.64 - - [20/Feb/2025:10:42:06 -0500] "GET /wp-admin/css/colors/sunrise/ HTTP/1.1" 200 889 "binance.com" "Mozilla/5.0 (Windows NT 10.0; Win64; x64) AppleWebKit/537.36 (KHTML, like Gecko) Chrome/90.0.4430.85 Safari/537.36"
162.0.217.198 - - [20/Feb/2025:10:42:05 -0500] "POST /wp-admin/admin-ajax.php?action=async_litespeed&nonce=MtLlDxLl7XaUkyvBH9kOMHjOT7r5wbNq&litespeed_type=imgoptm HTTP/1.1" 200 21 "-" "WordPress/6.7.2; https://heyseo.ai"
159.223.173.64 - - [20/Feb/2025:10:42:07 -0500] "GET /wp-admin/images/ HTTP/1.1" 200 2882 "binance.com" "Mozilla/5.0 (Windows NT 10.0; Win64; x64) AppleWebKit/537.36 (KHTML, like Gecko) Chrome/90.0.4430.85 Safari/537.36"
159.223.173.64 - - [20/Feb/2025:10:42:08 -0500] "GET /wp-admin/js/ HTTP/1.1" 200 3583 "binance.com" "Mozilla/5.0 (Windows NT 10.0; Win64; x64) AppleWebKit/537.36 (KHTML, like Gecko) Chrome/90.0.4430.85 Safari/537.36"
159.223.173.64 - - [20/Feb/2025:10:42:09 -0500] "GET /wp-admin/js/widgets/ HTTP/1.1" 200 1441 "binance.com" "Mozilla/5.0 (Windows NT 10.0; Win64; x64) AppleWebKit/537.36 (KHTML, like Gecko) Chrome/90.0.4430.85 Safari/537.36"
159.223.173.64 - - [20/Feb/2025:10:42:09 -0500] "GET /wp-includes/ HTTP/1.1" 200 8250 "binance.com" "Mozilla/5.0 (Windows NT 10.0; Win64; x64) AppleWebKit/537.36 (KHTML, like Gecko) Chrome/90.0.4430.85 Safari/537.36"
159.223.173.64 - - [20/Feb/2025:10:42:13 -0500] "GET /wp-includes/ HTTP/1.1" 200 8250 "binance.com" "Mozilla/5.0 (Windows NT 10.0; Win64; x64) AppleWebKit/537.36 (KHTML, like Gecko) Chrome/90.0.4430.85 Safari/537.36"
159.223.173.64 - - [20/Feb/2025:10:42:15 -0500] "GET /wp-includes/block-bindings.php HTTP/1.1" 200 0 "binance.com" "Mozilla/5.0 (Windows NT 10.0; Win64; x64) AppleWebKit/537.36 (KHTML, like Gecko) Chrome/90.0.4430.85 Safari/537.36"
5.28.89.133 - - [20/Feb/2025:10:42:15 -0500] "GET /?gtm_debug=1740065448439 HTTP/1.1" 200 30860 "https://tagassistant.google.com/" "Mozilla/5.0 (Macintosh; Intel Mac OS X 10_15_7) AppleWebKit/537.36 (KHTML, like Gecko) Chrome/133.0.0.0 Safari/537.36"
159.223.173.64 - - [20/Feb/2025:10:42:21 -0500] "GET /wp-includes/block-editor.php HTTP/1.1" 200 0 "binance.com" "Mozilla/5.0 (Windows NT 10.0; Win64; x64) AppleWebKit/537.36 (KHTML, like Gecko) Chrome/90.0.4430.85 Safari/537.36"
159.223.173.64 - - [20/Feb/2025:10:42:26 -0500] "GET /wp-includes/block-template-utils.php HTTP/1.1" 200 0 "binance.com" "Mozilla/5.0 (Windows NT 10.0; Win64; x64) AppleWebKit/537.36 (KHTML, like Gecko) Chrome/90.0.4430.85 Safari/537.36"
159.223.173.64 - - [20/Feb/2025:10:42:34 -0500] "GET /wp-includes/block-template.php HTTP/1.1" 200 0 "binance.com" "Mozilla/5.0 (Windows NT 10.0; Win64; x64) AppleWebKit/537.36 (KHTML, like Gecko) Chrome/90.0.4430.85 Safari/537.36"
162.0.217.198 - - [20/Feb/2025:10:42:37 -0500] "POST /wp-cron.php?doing_wp_cron=1740066157.1409189701080322265625 HTTP/1.1" 200 0 "-" "WordPress/6.7.2; https://heyseo.ai"
49.51.180.2 - - [20/Feb/2025:10:42:36 -0500] "GET /wp-json/oembed/1.0/embed?url=https%3A%2F%2Fheyseo.ai%2Fde%2Findex%2F HTTP/1.1" 200 2259 "-" "Mozilla/5.0 (iPhone; CPU iPhone OS 13_2_3 like Mac OS X) AppleWebKit/605.1.15 (KHTML, like Gecko) Version/13.0.3 Mobile/15E148 Safari/604.1"
5.28.89.133 - - [20/Feb/2025:10:42:37 -0500] "GET /?gtm_debug=1740066156608 HTTP/1.1" 200 30867 "https://tagassistant.google.com/" "Mozilla/5.0 (Macintosh; Intel Mac OS X 10_15_7) AppleWebKit/537.36 (KHTML, like Gecko) Chrome/133.0.0.0 Safari/537.36"
159.223.173.64 - - [20/Feb/2025:10:42:40 -0500] "GET /wp-includes/class-avif-info.php HTTP/1.1" 200 0 "binance.com" "Mozilla/5.0 (Windows NT 10.0; Win64; x64) AppleWebKit/537.36 (KHTML, like Gecko) Chrome/90.0.4430.85 Safari/537.36"
159.223.173.64 - - [20/Feb/2025:10:42:47 -0500] "GET /wp-includes/class-wp-block-bindings-registry.php HTTP/1.1" 200 0 "binance.com" "Mozilla/5.0 (Windows NT 10.0; Win64; x64) AppleWebKit/537.36 (KHTML, like Gecko) Chrome/90.0.4430.85 Safari/537.36"
5.28.89.133 - - [20/Feb/2025:10:42:48 -0500] "GET /?gtm_debug=1740066156608 HTTP/1.1" 200 30867 "https://tagassistant.google.com/" "Mozilla/5.0 (Macintosh; Intel Mac OS X 10_15_7) AppleWebKit/537.36 (KHTML, like Gecko) Chrome/133.0.0.0 Safari/537.36"
5.28.89.133 - - [20/Feb/2025:10:42:49 -0500] "GET /wp-content/litespeed/css/297c428f6dc5c2d5eb6896996a381654.css?ver=81654 HTTP/1.1" 200 0 "https://heyseo.ai/?gtm_debug=1740066156608" "Mozilla/5.0 (Macintosh; Intel Mac OS X 10_15_7) AppleWebKit/537.36 (KHTML, like Gecko) Chrome/133.0.0.0 Safari/537.36"
5.28.89.133 - - [20/Feb/2025:10:42:49 -0500] "GET /wp-content/litespeed/css/3a13856e01f13ed480c768b3f6427c52.css?ver=79a6a HTTP/1.1" 200 12604 "https://heyseo.ai/?gtm_debug=1740066156608" "Mozilla/5.0 (Macintosh; Intel Mac OS X 10_15_7) AppleWebKit/537.36 (KHTML, like Gecko) Chrome/133.0.0.0 Safari/537.36"
5.28.89.133 - - [20/Feb/2025:10:42:49 -0500] "GET /wp-content/litespeed/css/d3c74332721031b112ced9c343a1950c.css?ver=1950c HTTP/1.1" 200 14218 "https://heyseo.ai/?gtm_debug=1740066156608" "Mozilla/5.0 (Macintosh; Intel Mac OS X 10_15_7) AppleWebKit/537.36 (KHTML, like Gecko) Chrome/133.0.0.0 Safari/537.36"
5.28.89.133 - - [20/Feb/2025:10:42:49 -0500] "GET /wp-content/plugins/cookie-law-info/lite/frontend/js/script.min.js HTTP/1.1" 200 6423 "https://heyseo.ai/?gtm_debug=1740066156608" "Mozilla/5.0 (Macintosh; Intel Mac OS X 10_15_7) AppleWebKit/537.36 (KHTML, like Gecko) Chrome/133.0.0.0 Safari/537.36"
5.28.89.133 - - [20/Feb/2025:10:42:49 -0500] "GET /wp-content/themes/heyseo-v1.2/images/branding/heyseo-logo-color-horizontal.svg HTTP/1.1" 200 1299 "https://heyseo.ai/?gtm_debug=1740066156608" "Mozilla/5.0 (Macintosh; Intel Mac OS X 10_15_7) AppleWebKit/537.36 (KHTML, like Gecko) Chrome/133.0.0.0 Safari/537.36"
5.28.89.133 - - [20/Feb/2025:10:42:49 -0500] "GET /wp-content/themes/heyseo-v1.2/images/branding/stx-logo.svg HTTP/1.1" 200 2765 "https://heyseo.ai/?gtm_debug=1740066156608" "Mozilla/5.0 (Macintosh; Intel Mac OS X 10_15_7) AppleWebKit/537.36 (KHTML, like Gecko) Chrome/133.0.0.0 Safari/537.36"
5.28.89.133 - - [20/Feb/2025:10:42:49 -0500] "GET /wp-content/plugins/cookie-law-info/lite/frontend/js/wca.min.js HTTP/1.1" 200 748 "https://heyseo.ai/?gtm_debug=1740066156608" "Mozilla/5.0 (Macintosh; Intel Mac OS X 10_15_7) AppleWebKit/537.36 (KHTML, like Gecko) Chrome/133.0.0.0 Safari/537.36"
159.223.173.64 - - [20/Feb/2025:10:42:49 -0500] "GET /wp-includes/class-wp-block-bindings-source.php HTTP/1.1" 200 0 "binance.com" "Mozilla/5.0 (Windows NT 10.0; Win64; x64) AppleWebKit/537.36 (KHTML, like Gecko) Chrome/90.0.4430.85 Safari/537.36"
5.28.89.133 - - [20/Feb/2025:10:42:49 -0500] "GET /wp-content/uploads/2024/10/mb-logo.svg HTTP/1.1" 200 1465 "https://heyseo.ai/?gtm_debug=1740066156608" "Mozilla/5.0 (Macintosh; Intel Mac OS X 10_15_7) AppleWebKit/537.36 (KHTML, like Gecko) Chrome/133.0.0.0 Safari/537.36"
5.28.89.133 - - [20/Feb/2025:10:42:49 -0500] "GET /wp-content/uploads/2024/10/absor-logo.svg HTTP/1.1" 200 1686 "https://heyseo.ai/?gtm_debug=1740066156608" "Mozilla/5.0 (Macintosh; Intel Mac OS X 10_15_7) AppleWebKit/537.36 (KHTML, like Gecko) Chrome/133.0.0.0 Safari/537.36"
5.28.89.133 - - [20/Feb/2025:10:42:49 -0500] "GET /wp-content/uploads/2024/10/bsh-logo.svg HTTP/1.1" 200 1055 "https://heyseo.ai/?gtm_debug=1740066156608" "Mozilla/5.0 (Macintosh; Intel Mac OS X 10_15_7) AppleWebKit/537.36 (KHTML, like Gecko) Chrome/133.0.0.0 Safari/537.36"
5.28.89.133 - - [20/Feb/2025:10:42:49 -0500] "GET /wp-includes/js/jquery/jquery.js HTTP/1.1" 200 81316 "https://heyseo.ai/?gtm_debug=1740066156608" "Mozilla/5.0 (Macintosh; Intel Mac OS X 10_15_7) AppleWebKit/537.36 (KHTML, like Gecko) Chrome/133.0.0.0 Safari/537.36"
5.28.89.133 - - [20/Feb/2025:10:42:49 -0500] "GET /wp-content/litespeed/css/a5d29831dff1a891b9202382f89445bc.css?ver=445bc HTTP/1.1" 200 14842 "https://heyseo.ai/?gtm_debug=1740066156608" "Mozilla/5.0 (Macintosh; Intel Mac OS X 10_15_7) AppleWebKit/537.36 (KHTML, like Gecko) Chrome/133.0.0.0 Safari/537.36"
5.28.89.133 - - [20/Feb/2025:10:42:49 -0500] "GET /wp-content/themes/heyseo-v1.2/js/modals.js HTTP/1.1" 200 484 "https://heyseo.ai/?gtm_debug=1740066156608" "Mozilla/5.0 (Macintosh; Intel Mac OS X 10_15_7) AppleWebKit/537.36 (KHTML, like Gecko) Chrome/133.0.0.0 Safari/537.36"
5.28.89.133 - - [20/Feb/2025:10:42:49 -0500] "GET /wp-content/themes/heyseo-v1.2/js/faqs.js HTTP/1.1" 200 200 "https://heyseo.ai/?gtm_debug=1740066156608" "Mozilla/5.0 (Macintosh; Intel Mac OS X 10_15_7) AppleWebKit/537.36 (KHTML, like Gecko) Chrome/133.0.0.0 Safari/537.36"
5.28.89.133 - - [20/Feb/2025:10:42:49 -0500] "GET /wp-content/themes/heyseo-v1.2/js/filterbar.js HTTP/1.1" 200 310 "https://heyseo.ai/?gtm_debug=1740066156608" "Mozilla/5.0 (Macintosh; Intel Mac OS X 10_15_7) AppleWebKit/537.36 (KHTML, like Gecko) Chrome/133.0.0.0 Safari/537.36"
5.28.89.133 - - [20/Feb/2025:10:42:49 -0500] "GET /wp-content/themes/heyseo-v1.2/js/scrollfade.js HTTP/1.1" 200 230 "https://heyseo.ai/?gtm_debug=1740066156608" "Mozilla/5.0 (Macintosh; Intel Mac OS X 10_15_7) AppleWebKit/537.36 (KHTML, like Gecko) Chrome/133.0.0.0 Safari/537.36"
5.28.89.133 - - [20/Feb/2025:10:42:49 -0500] "GET /wp-content/themes/heyseo-v1.2/js/custom-menu-hide.js HTTP/1.1" 200 271 "https://heyseo.ai/?gtm_debug=1740066156608" "Mozilla/5.0 (Macintosh; Intel Mac OS X 10_15_7) AppleWebKit/537.36 (KHTML, like Gecko) Chrome/133.0.0.0 Safari/537.36"
5.28.89.133 - - [20/Feb/2025:10:42:49 -0500] "GET /wp-content/plugins/wpforms-lite/assets/lib/mailcheck.min.js HTTP/1.1" 200 1615 "https://heyseo.ai/?gtm_debug=1740066156608" "Mozilla/5.0 (Macintosh; Intel Mac OS X 10_15_7) AppleWebKit/537.36 (KHTML, like Gecko) Chrome/133.0.0.0 Safari/537.36"
5.28.89.133 - - [20/Feb/2025:10:42:49 -0500] "GET /wp-content/plugins/wpforms-lite/assets/lib/jquery.validate.min.js HTTP/1.1" 200 7806 "https://heyseo.ai/?gtm_debug=1740066156608" "Mozilla/5.0 (Macintosh; Intel Mac OS X 10_15_7) AppleWebKit/537.36 (KHTML, like Gecko) Chrome/133.0.0.0 Safari/537.36"
5.28.89.133 - - [20/Feb/2025:10:42:49 -0500] "GET /wp-content/plugins/wpforms-lite/assets/js/frontend/wpforms-modern.min.js HTTP/1.1" 200 1856 "https://heyseo.ai/?gtm_debug=1740066156608" "Mozilla/5.0 (Macintosh; Intel Mac OS X 10_15_7) AppleWebKit/537.36 (KHTML, like Gecko) Chrome/133.0.0.0 Safari/537.36"
5.28.89.133 - - [20/Feb/2025:10:42:49 -0500] "GET /wp-content/uploads/2024/10/rogue-logo.svg HTTP/1.1" 200 1233 "https://heyseo.ai/?gtm_debug=1740066156608" "Mozilla/5.0 (Macintosh; Intel Mac OS X 10_15_7) AppleWebKit/537.36 (KHTML, like Gecko) Chrome/133.0.0.0 Safari/537.36"
5.28.89.133 - - [20/Feb/2025:10:42:49 -0500] "GET /wp-content/themes/heyseo-v1.2/js/navigation.js HTTP/1.1" 200 557 "https://heyseo.ai/?gtm_debug=1740066156608" "Mozilla/5.0 (Macintosh; Intel Mac OS X 10_15_7) AppleWebKit/537.36 (KHTML, like Gecko) Chrome/133.0.0.0 Safari/537.36"
5.28.89.133 - - [20/Feb/2025:10:42:49 -0500] "GET /wp-content/themes/heyseo-v1.2/js/swipers.js HTTP/1.1" 200 291 "https://heyseo.ai/?gtm_debug=1740066156608" "Mozilla/5.0 (Macintosh; Intel Mac OS X 10_15_7) AppleWebKit/537.36 (KHTML, like Gecko) Chrome/133.0.0.0 Safari/537.36"
5.28.89.133 - - [20/Feb/2025:10:42:49 -0500] "GET /wp-content/uploads/2024/10/ricoh-logo.svg HTTP/1.1" 200 2860 "https://heyseo.ai/?gtm_debug=1740066156608" "Mozilla/5.0 (Macintosh; Intel Mac OS X 10_15_7) AppleWebKit/537.36 (KHTML, like Gecko) Chrome/133.0.0.0 Safari/537.36"
5.28.89.133 - - [20/Feb/2025:10:42:49 -0500] "GET /wp-content/uploads/2024/10/spartoo-logo.svg HTTP/1.1" 200 3098 "https://heyseo.ai/?gtm_debug=1740066156608" "Mozilla/5.0 (Macintosh; Intel Mac OS X 10_15_7) AppleWebKit/537.36 (KHTML, like Gecko) Chrome/133.0.0.0 Safari/537.36"
5.28.89.133 - - [20/Feb/2025:10:42:49 -0500] "GET /wp-content/uploads/2024/10/tahiti-logo.svg HTTP/1.1" 200 2734 "https://heyseo.ai/?gtm_debug=1740066156608" "Mozilla/5.0 (Macintosh; Intel Mac OS X 10_15_7) AppleWebKit/537.36 (KHTML, like Gecko) Chrome/133.0.0.0 Safari/537.36"
5.28.89.133 - - [20/Feb/2025:10:42:49 -0500] "GET /wp-content/uploads/2025/02/twotickets-240x119.png HTTP/1.1" 200 3849 "https://heyseo.ai/?gtm_debug=1740066156608" "Mozilla/5.0 (Macintosh; Intel Mac OS X 10_15_7) AppleWebKit/537.36 (KHTML, like Gecko) Chrome/133.0.0.0 Safari/537.36"
5.28.89.133 - - [20/Feb/2025:10:42:49 -0500] "GET /wp-content/uploads/2025/02/thrive-e1739188756965-240x79.png HTTP/1.1" 200 3062 "https://heyseo.ai/?gtm_debug=1740066156608" "Mozilla/5.0 (Macintosh; Intel Mac OS X 10_15_7) AppleWebKit/537.36 (KHTML, like Gecko) Chrome/133.0.0.0 Safari/537.36"
5.28.89.133 - - [20/Feb/2025:10:42:49 -0500] "GET /wp-content/uploads/2024/10/ras-logo.svg HTTP/1.1" 200 2643 "https://heyseo.ai/?gtm_debug=1740066156608" "Mozilla/5.0 (Macintosh; Intel Mac OS X 10_15_7) AppleWebKit/537.36 (KHTML, like Gecko) Chrome/133.0.0.0 Safari/537.36"
5.28.89.133 - - [20/Feb/2025:10:42:49 -0500] "GET /wp-content/uploads/2024/10/alao-logo.svg HTTP/1.1" 200 751 "https://heyseo.ai/?gtm_debug=1740066156608" "Mozilla/5.0 (Macintosh; Intel Mac OS X 10_15_7) AppleWebKit/537.36 (KHTML, like Gecko) Chrome/133.0.0.0 Safari/537.36"
5.28.89.133 - - [20/Feb/2025:10:42:49 -0500] "GET /wp-content/uploads/2024/10/gb-logo-240x105.png HTTP/1.1" 200 5860 "https://heyseo.ai/?gtm_debug=1740066156608" "Mozilla/5.0 (Macintosh; Intel Mac OS X 10_15_7) AppleWebKit/537.36 (KHTML, like Gecko) Chrome/133.0.0.0 Safari/537.36"
5.28.89.133 - - [20/Feb/2025:10:42:49 -0500] "GET /wp-content/uploads/2025/02/plannet-240x119.jpg HTTP/1.1" 200 3080 "https://heyseo.ai/?gtm_debug=1740066156608" "Mozilla/5.0 (Macintosh; Intel Mac OS X 10_15_7) AppleWebKit/537.36 (KHTML, like Gecko) Chrome/133.0.0.0 Safari/537.36"
5.28.89.133 - - [20/Feb/2025:10:42:49 -0500] "GET /wp-content/plugins/wp-consent-api/assets/js/wp-consent-api.min.js HTTP/1.1" 200 600 "https://heyseo.ai/?gtm_debug=1740066156608" "Mozilla/5.0 (Macintosh; Intel Mac OS X 10_15_7) AppleWebKit/537.36 (KHTML, like Gecko) Chrome/133.0.0.0 Safari/537.36"
5.28.89.133 - - [20/Feb/2025:10:42:49 -0500] "GET /wp-content/uploads/2025/02/independent-240x69.png HTTP/1.1" 200 4384 "https://heyseo.ai/?gtm_debug=1740066156608" "Mozilla/5.0 (Macintosh; Intel Mac OS X 10_15_7) AppleWebKit/537.36 (KHTML, like Gecko) Chrome/133.0.0.0 Safari/537.36"
5.28.89.133 - - [20/Feb/2025:10:42:49 -0500] "GET /wp-content/uploads/2025/02/feather-insurance-logo-copy-e1739188630813-240x86.png HTTP/1.1" 200 5047 "https://heyseo.ai/?gtm_debug=1740066156608" "Mozilla/5.0 (Macintosh; Intel Mac OS X 10_15_7) AppleWebKit/537.36 (KHTML, like Gecko) Chrome/133.0.0.0 Safari/537.36"
5.28.89.133 - - [20/Feb/2025:10:42:49 -0500] "GET /wp-content/uploads/2025/02/monospace-240x17.png HTTP/1.1" 200 2839 "https://heyseo.ai/?gtm_debug=1740066156608" "Mozilla/5.0 (Macintosh; Intel Mac OS X 10_15_7) AppleWebKit/537.36 (KHTML, like Gecko) Chrome/133.0.0.0 Safari/537.36"
5.28.89.133 - - [20/Feb/2025:10:42:49 -0500] "GET /wp-content/uploads/2025/02/logo-Teezily-Plus-e1739188713649-240x100.png HTTP/1.1" 200 11990 "https://heyseo.ai/?gtm_debug=1740066156608" "Mozilla/5.0 (Macintosh; Intel Mac OS X 10_15_7) AppleWebKit/537.36 (KHTML, like Gecko) Chrome/133.0.0.0 Safari/537.36"
5.28.89.133 - - [20/Feb/2025:10:42:49 -0500] "GET /wp-content/plugins/wpforms-lite/assets/lib/punycode.min.js HTTP/1.1" 200 833 "https://heyseo.ai/?gtm_debug=1740066156608" "Mozilla/5.0 (Macintosh; Intel Mac OS X 10_15_7) AppleWebKit/537.36 (KHTML, like Gecko) Chrome/133.0.0.0 Safari/537.36"
5.28.89.133 - - [20/Feb/2025:10:42:49 -0500] "GET /wp-content/uploads/2024/10/piero-e1739209329614.jpeg HTTP/1.1" 200 4199 "https://heyseo.ai/?gtm_debug=1740066156608" "Mozilla/5.0 (Macintosh; Intel Mac OS X 10_15_7) AppleWebKit/537.36 (KHTML, like Gecko) Chrome/133.0.0.0 Safari/537.36"
5.28.89.133 - - [20/Feb/2025:10:42:49 -0500] "GET /wp-content/uploads/2024/10/joy-corkery-240x240.jpeg HTTP/1.1" 200 13466 "https://heyseo.ai/?gtm_debug=1740066156608" "Mozilla/5.0 (Macintosh; Intel Mac OS X 10_15_7) AppleWebKit/537.36 (KHTML, like Gecko) Chrome/133.0.0.0 Safari/537.36"
