162.0.217.198 - - [20/Feb/2025:07:58:23 -0500] "POST /wp-admin/admin-ajax.php?action=async_litespeed&nonce=aZuLPUiIuHnxF6ge5cQdQciLGBgZInl2&litespeed_type=imgoptm HTTP/1.1" 200 21 "-" "WordPress/6.7.2; https://heyseo.ai"
162.0.217.198 - - [20/Feb/2025:07:58:32 -0500] "POST /wp-cron.php?doing_wp_cron=1740056312.9202361106872558593750 HTTP/1.1" 200 0 "-" "WordPress/6.7.2; https://heyseo.ai"
5.28.89.133 - - [20/Feb/2025:07:58:32 -0500] "POST /wp-admin/admin-ajax.php HTTP/1.1" 200 98 "https://heyseo.ai/wp-admin/post.php?post=8&action=edit" "Mozilla/5.0 (Macintosh; Intel Mac OS X 10_15_7) AppleWebKit/537.36 (KHTML, like Gecko) Chrome/133.0.0.0 Safari/537.36"
5.28.89.133 - - [20/Feb/2025:07:58:42 -0500] "POST /wp-admin/admin-ajax.php HTTP/1.1" 200 98 "https://heyseo.ai/wp-admin/post.php?post=8&action=edit" "Mozilla/5.0 (Macintosh; Intel Mac OS X 10_15_7) AppleWebKit/537.36 (KHTML, like Gecko) Chrome/133.0.0.0 Safari/537.36"
5.28.89.133 - - [20/Feb/2025:07:58:52 -0500] "POST /wp-admin/admin-ajax.php HTTP/1.1" 200 98 "https://heyseo.ai/wp-admin/post.php?post=8&action=edit" "Mozilla/5.0 (Macintosh; Intel Mac OS X 10_15_7) AppleWebKit/537.36 (KHTML, like Gecko) Chrome/133.0.0.0 Safari/537.36"
162.0.217.198 - - [20/Feb/2025:07:59:02 -0500] "POST /wp-cron.php?doing_wp_cron=1740056342.9549410343170166015625 HTTP/1.1" 200 0 "-" "WordPress/6.7.2; https://heyseo.ai"
5.28.89.133 - - [20/Feb/2025:07:59:02 -0500] "POST /wp-admin/admin-ajax.php HTTP/1.1" 200 98 "https://heyseo.ai/wp-admin/post.php?post=8&action=edit" "Mozilla/5.0 (Macintosh; Intel Mac OS X 10_15_7) AppleWebKit/537.36 (KHTML, like Gecko) Chrome/133.0.0.0 Safari/537.36"
5.28.89.133 - - [20/Feb/2025:07:59:12 -0500] "POST /wp-admin/admin-ajax.php HTTP/1.1" 200 98 "https://heyseo.ai/wp-admin/post.php?post=8&action=edit" "Mozilla/5.0 (Macintosh; Intel Mac OS X 10_15_7) AppleWebKit/537.36 (KHTML, like Gecko) Chrome/133.0.0.0 Safari/537.36"
162.0.217.198 - - [20/Feb/2025:07:59:22 -0500] "POST /wp-cron.php?doing_wp_cron=1740056362.9206960201263427734375 HTTP/1.1" 200 0 "-" "WordPress/6.7.2; https://heyseo.ai"
5.28.89.133 - - [20/Feb/2025:07:59:22 -0500] "POST /wp-admin/admin-ajax.php HTTP/1.1" 200 98 "https://heyseo.ai/wp-admin/post.php?post=8&action=edit" "Mozilla/5.0 (Macintosh; Intel Mac OS X 10_15_7) AppleWebKit/537.36 (KHTML, like Gecko) Chrome/133.0.0.0 Safari/537.36"
162.0.217.198 - - [20/Feb/2025:07:59:23 -0500] "POST /wp-admin/admin-ajax.php?action=async_litespeed&nonce=iJtVUO1PycghsVuNIlHxKo09pOUnMcHD&litespeed_type=imgoptm HTTP/1.1" 200 21 "-" "WordPress/6.7.2; https://heyseo.ai"
162.0.217.198 - - [20/Feb/2025:07:59:32 -0500] "POST /wp-cron.php?doing_wp_cron=1740056372.9528610706329345703125 HTTP/1.1" 200 0 "-" "WordPress/6.7.2; https://heyseo.ai"
5.28.89.133 - - [20/Feb/2025:07:59:32 -0500] "POST /wp-admin/admin-ajax.php HTTP/1.1" 200 98 "https://heyseo.ai/wp-admin/post.php?post=8&action=edit" "Mozilla/5.0 (Macintosh; Intel Mac OS X 10_15_7) AppleWebKit/537.36 (KHTML, like Gecko) Chrome/133.0.0.0 Safari/537.36"
5.28.89.133 - - [20/Feb/2025:07:59:42 -0500] "POST /wp-admin/admin-ajax.php HTTP/1.1" 200 98 "https://heyseo.ai/wp-admin/post.php?post=8&action=edit" "Mozilla/5.0 (Macintosh; Intel Mac OS X 10_15_7) AppleWebKit/537.36 (KHTML, like Gecko) Chrome/133.0.0.0 Safari/537.36"
5.28.89.133 - - [20/Feb/2025:07:59:50 -0500] "POST /wp-admin/admin-ajax.php HTTP/1.1" 200 46 "https://heyseo.ai/wp-admin/post.php?post=8&action=edit" "Mozilla/5.0 (Macintosh; Intel Mac OS X 10_15_7) AppleWebKit/537.36 (KHTML, like Gecko) Chrome/133.0.0.0 Safari/537.36"
5.28.89.133 - - [20/Feb/2025:07:59:52 -0500] "POST /wp-admin/admin-ajax.php HTTP/1.1" 200 98 "https://heyseo.ai/wp-admin/post.php?post=8&action=edit" "Mozilla/5.0 (Macintosh; Intel Mac OS X 10_15_7) AppleWebKit/537.36 (KHTML, like Gecko) Chrome/133.0.0.0 Safari/537.36"
5.28.89.133 - - [20/Feb/2025:07:59:51 -0500] "POST /wp-admin/post.php HTTP/1.1" 302 0 "https://heyseo.ai/wp-admin/post.php?post=8&action=edit" "Mozilla/5.0 (Macintosh; Intel Mac OS X 10_15_7) AppleWebKit/537.36 (KHTML, like Gecko) Chrome/133.0.0.0 Safari/537.36"
5.28.89.133 - - [20/Feb/2025:07:59:56 -0500] "GET /wp-admin/post.php?post=8&action=edit&message=1 HTTP/1.1" 200 0 "https://heyseo.ai/wp-admin/post.php?post=8&action=edit" "Mozilla/5.0 (Macintosh; Intel Mac OS X 10_15_7) AppleWebKit/537.36 (KHTML, like Gecko) Chrome/133.0.0.0 Safari/537.36"
5.28.89.133 - - [20/Feb/2025:07:59:57 -0500] "GET /wp-admin/edit.php?post_type=page HTTP/1.1" 200 31670 "https://heyseo.ai/wp-admin/post.php?post=8&action=edit" "Mozilla/5.0 (Macintosh; Intel Mac OS X 10_15_7) AppleWebKit/537.36 (KHTML, like Gecko) Chrome/133.0.0.0 Safari/537.36"
5.28.89.133 - - [20/Feb/2025:07:59:59 -0500] "POST /wp-admin/admin-ajax.php HTTP/1.1" 200 47 "https://heyseo.ai/wp-admin/edit.php?post_type=page" "Mozilla/5.0 (Macintosh; Intel Mac OS X 10_15_7) AppleWebKit/537.36 (KHTML, like Gecko) Chrome/133.0.0.0 Safari/537.36"
162.0.217.198 - - [20/Feb/2025:08:00:03 -0500] "POST /wp-cron.php?doing_wp_cron=1740056403.4327590465545654296875 HTTP/1.1" 200 0 "-" "WordPress/6.7.2; https://heyseo.ai"
5.28.89.133 - - [20/Feb/2025:08:00:02 -0500] "GET /wp-admin/post.php?post=656&action=edit HTTP/1.1" 200 160175 "https://heyseo.ai/wp-admin/edit.php?post_type=page" "Mozilla/5.0 (Macintosh; Intel Mac OS X 10_15_7) AppleWebKit/537.36 (KHTML, like Gecko) Chrome/133.0.0.0 Safari/537.36"
5.28.89.133 - - [20/Feb/2025:08:00:06 -0500] "GET /wp-json/wpforms/v1/themes/?_locale=user HTTP/1.1" 200 9111 "https://heyseo.ai/wp-admin/post.php?post=656&action=edit" "Mozilla/5.0 (Macintosh; Intel Mac OS X 10_15_7) AppleWebKit/537.36 (KHTML, like Gecko) Chrome/133.0.0.0 Safari/537.36"
5.28.89.133 - - [20/Feb/2025:08:00:07 -0500] "OPTIONS /wp-json/wp/v2/settings?_locale=user HTTP/1.1" 200 5189 "https://heyseo.ai/wp-admin/post.php?post=656&action=edit" "Mozilla/5.0 (Macintosh; Intel Mac OS X 10_15_7) AppleWebKit/537.36 (KHTML, like Gecko) Chrome/133.0.0.0 Safari/537.36"
5.28.89.133 - - [20/Feb/2025:08:00:07 -0500] "GET /wp-json/wp/v2/taxonomies?context=edit&per_page=100&_locale=user HTTP/1.1" 200 8236 "https://heyseo.ai/wp-admin/post.php?post=656&action=edit" "Mozilla/5.0 (Macintosh; Intel Mac OS X 10_15_7) AppleWebKit/537.36 (KHTML, like Gecko) Chrome/133.0.0.0 Safari/537.36"
5.28.89.133 - - [20/Feb/2025:08:00:07 -0500] "GET /wp-json/?_fields=description%2Cgmt_offset%2Chome%2Cname%2Csite_icon%2Csite_icon_url%2Csite_logo%2Ctimezone_string%2Curl&_locale=user HTTP/1.1" 200 500 "https://heyseo.ai/wp-admin/post.php?post=656&action=edit" "Mozilla/5.0 (Macintosh; Intel Mac OS X 10_15_7) AppleWebKit/537.36 (KHTML, like Gecko) Chrome/133.0.0.0 Safari/537.36"
5.28.89.133 - - [20/Feb/2025:08:00:07 -0500] "GET /wp-json/wp/v2/block-patterns/categories?_locale=user HTTP/1.1" 200 1941 "https://heyseo.ai/wp-admin/post.php?post=656&action=edit" "Mozilla/5.0 (Macintosh; Intel Mac OS X 10_15_7) AppleWebKit/537.36 (KHTML, like Gecko) Chrome/133.0.0.0 Safari/537.36"
5.28.89.133 - - [20/Feb/2025:08:00:07 -0500] "GET /wp-json/wp/v2/blocks?context=edit&per_page=100&page=1&lang=de&_locale=user HTTP/1.1" 200 2 "https://heyseo.ai/wp-admin/post.php?post=656&action=edit" "Mozilla/5.0 (Macintosh; Intel Mac OS X 10_15_7) AppleWebKit/537.36 (KHTML, like Gecko) Chrome/133.0.0.0 Safari/537.36"
5.28.89.133 - - [20/Feb/2025:08:00:07 -0500] "GET /wp-json/wp/v2/wp_pattern_category?context=view&per_page=100&_fields=id%2Cname%2Cdescription%2Cslug&_locale=user HTTP/1.1" 200 2 "https://heyseo.ai/wp-admin/post.php?post=656&action=edit" "Mozilla/5.0 (Macintosh; Intel Mac OS X 10_15_7) AppleWebKit/537.36 (KHTML, like Gecko) Chrome/133.0.0.0 Safari/537.36"
5.28.89.133 - - [20/Feb/2025:08:00:07 -0500] "GET /wp-json/wp/v2/taxonomies?context=edit&_locale=user HTTP/1.1" 200 8236 "https://heyseo.ai/wp-admin/post.php?post=656&action=edit" "Mozilla/5.0 (Macintosh; Intel Mac OS X 10_15_7) AppleWebKit/537.36 (KHTML, like Gecko) Chrome/133.0.0.0 Safari/537.36"
5.28.89.133 - - [20/Feb/2025:08:00:07 -0500] "GET /wp-json/wp/v2/users?context=view&who=authors&per_page=50&_fields=id%2Cname&_locale=user HTTP/1.1" 200 58 "https://heyseo.ai/wp-admin/post.php?post=656&action=edit" "Mozilla/5.0 (Macintosh; Intel Mac OS X 10_15_7) AppleWebKit/537.36 (KHTML, like Gecko) Chrome/133.0.0.0 Safari/537.36"
5.28.89.133 - - [20/Feb/2025:08:00:08 -0500] "GET /wp-json/wp/v2/pages/81?context=edit&_locale=user HTTP/1.1" 200 5830 "https://heyseo.ai/wp-admin/post.php?post=656&action=edit" "Mozilla/5.0 (Macintosh; Intel Mac OS X 10_15_7) AppleWebKit/537.36 (KHTML, like Gecko) Chrome/133.0.0.0 Safari/537.36"
5.28.89.133 - - [20/Feb/2025:08:00:08 -0500] "GET /wp-json/wp/v2/users/2?context=view&_fields=id%2Cname&_locale=user HTTP/1.1" 200 28 "https://heyseo.ai/wp-admin/post.php?post=656&action=edit" "Mozilla/5.0 (Macintosh; Intel Mac OS X 10_15_7) AppleWebKit/537.36 (KHTML, like Gecko) Chrome/133.0.0.0 Safari/537.36"
5.28.89.133 - - [20/Feb/2025:08:00:07 -0500] "GET /wp-json/wp/v2/block-patterns/patterns?_locale=user HTTP/1.1" 200 161931 "https://heyseo.ai/wp-admin/post.php?post=656&action=edit" "Mozilla/5.0 (Macintosh; Intel Mac OS X 10_15_7) AppleWebKit/537.36 (KHTML, like Gecko) Chrome/133.0.0.0 Safari/537.36"
162.0.217.198 - - [20/Feb/2025:08:00:17 -0500] "POST /wp-cron.php?doing_wp_cron=1740056417.5102479457855224609375 HTTP/1.1" 200 0 "-" "WordPress/6.7.2; https://heyseo.ai"
5.28.89.133 - - [20/Feb/2025:08:00:16 -0500] "POST /wp-admin/admin-ajax.php HTTP/1.1" 200 98 "https://heyseo.ai/wp-admin/post.php?post=656&action=edit" "Mozilla/5.0 (Macintosh; Intel Mac OS X 10_15_7) AppleWebKit/537.36 (KHTML, like Gecko) Chrome/133.0.0.0 Safari/537.36"
162.0.217.198 - - [20/Feb/2025:08:00:18 -0500] "POST /wp-admin/admin-ajax.php?action=async_litespeed&nonce=G37QumqaZboGJzGnMPELWhtkkd9LoWpd&litespeed_type=imgoptm HTTP/1.1" 200 21 "-" "WordPress/6.7.2; https://heyseo.ai"
162.0.217.198 - - [20/Feb/2025:08:00:27 -0500] "POST /wp-cron.php?doing_wp_cron=1740056427.3499228954315185546875 HTTP/1.1" 200 0 "-" "WordPress/6.7.2; https://heyseo.ai"
5.28.89.133 - - [20/Feb/2025:08:00:26 -0500] "POST /wp-admin/admin-ajax.php HTTP/1.1" 200 98 "https://heyseo.ai/wp-admin/post.php?post=656&action=edit" "Mozilla/5.0 (Macintosh; Intel Mac OS X 10_15_7) AppleWebKit/537.36 (KHTML, like Gecko) Chrome/133.0.0.0 Safari/537.36"
5.28.89.133 - - [20/Feb/2025:08:00:36 -0500] "POST /wp-admin/admin-ajax.php HTTP/1.1" 200 98 "https://heyseo.ai/wp-admin/post.php?post=656&action=edit" "Mozilla/5.0 (Macintosh; Intel Mac OS X 10_15_7) AppleWebKit/537.36 (KHTML, like Gecko) Chrome/133.0.0.0 Safari/537.36"
5.28.89.133 - - [20/Feb/2025:08:00:46 -0500] "POST /wp-admin/admin-ajax.php HTTP/1.1" 200 98 "https://heyseo.ai/wp-admin/post.php?post=656&action=edit" "Mozilla/5.0 (Macintosh; Intel Mac OS X 10_15_7) AppleWebKit/537.36 (KHTML, like Gecko) Chrome/133.0.0.0 Safari/537.36"
5.28.89.133 - - [20/Feb/2025:08:00:56 -0500] "POST /wp-admin/admin-ajax.php HTTP/1.1" 200 98 "https://heyseo.ai/wp-admin/post.php?post=656&action=edit" "Mozilla/5.0 (Macintosh; Intel Mac OS X 10_15_7) AppleWebKit/537.36 (KHTML, like Gecko) Chrome/133.0.0.0 Safari/537.36"
162.0.217.198 - - [20/Feb/2025:08:01:07 -0500] "POST /wp-cron.php?doing_wp_cron=1740056467.5684590339660644531250 HTTP/1.1" 200 0 "-" "WordPress/6.7.2; https://heyseo.ai"
5.28.89.133 - - [20/Feb/2025:08:01:07 -0500] "POST /wp-admin/admin-ajax.php HTTP/1.1" 200 98 "https://heyseo.ai/wp-admin/post.php?post=656&action=edit" "Mozilla/5.0 (Macintosh; Intel Mac OS X 10_15_7) AppleWebKit/537.36 (KHTML, like Gecko) Chrome/133.0.0.0 Safari/537.36"
5.28.89.133 - - [20/Feb/2025:08:01:07 -0500] "POST /wp-json/wp/v2/pages/656/autosaves?_locale=user HTTP/1.1" 200 643 "https://heyseo.ai/wp-admin/post.php?post=656&action=edit" "Mozilla/5.0 (Macintosh; Intel Mac OS X 10_15_7) AppleWebKit/537.36 (KHTML, like Gecko) Chrome/133.0.0.0 Safari/537.36"
162.0.217.198 - - [20/Feb/2025:08:01:54 -0500] "POST /wp-cron.php?doing_wp_cron=1740056514.7522919178009033203125 HTTP/1.1" 200 0 "-" "WordPress/6.7.2; https://heyseo.ai"
5.28.89.133 - - [20/Feb/2025:08:01:54 -0500] "POST /wp-admin/admin-ajax.php HTTP/1.1" 200 98 "https://heyseo.ai/wp-admin/post.php?post=656&action=edit" "Mozilla/5.0 (Macintosh; Intel Mac OS X 10_15_7) AppleWebKit/537.36 (KHTML, like Gecko) Chrome/133.0.0.0 Safari/537.36"
162.0.217.198 - - [20/Feb/2025:08:01:54 -0500] "POST /wp-admin/admin-ajax.php?action=async_litespeed&nonce=fEm8tzDfdOcUGf72TtNMFclPBxqzkvLT&litespeed_type=imgoptm HTTP/1.1" 200 21 "-" "WordPress/6.7.2; https://heyseo.ai"
162.0.217.198 - - [20/Feb/2025:08:02:04 -0500] "POST /wp-cron.php?doing_wp_cron=1740056524.4060308933258056640625 HTTP/1.1" 200 0 "-" "WordPress/6.7.2; https://heyseo.ai"
5.28.89.133 - - [20/Feb/2025:08:02:04 -0500] "POST /wp-admin/admin-ajax.php HTTP/1.1" 200 98 "https://heyseo.ai/wp-admin/post.php?post=656&action=edit" "Mozilla/5.0 (Macintosh; Intel Mac OS X 10_15_7) AppleWebKit/537.36 (KHTML, like Gecko) Chrome/133.0.0.0 Safari/537.36"
5.28.89.133 - - [20/Feb/2025:08:02:07 -0500] "POST /wp-json/wp/v2/pages/656/autosaves?_locale=user HTTP/1.1" 200 643 "https://heyseo.ai/wp-admin/post.php?post=656&action=edit" "Mozilla/5.0 (Macintosh; Intel Mac OS X 10_15_7) AppleWebKit/537.36 (KHTML, like Gecko) Chrome/133.0.0.0 Safari/537.36"
5.28.89.133 - - [20/Feb/2025:08:02:14 -0500] "POST /wp-admin/admin-ajax.php HTTP/1.1" 200 98 "https://heyseo.ai/wp-admin/post.php?post=656&action=edit" "Mozilla/5.0 (Macintosh; Intel Mac OS X 10_15_7) AppleWebKit/537.36 (KHTML, like Gecko) Chrome/133.0.0.0 Safari/537.36"
162.0.217.198 - - [20/Feb/2025:08:02:20 -0500] "POST /wp-cron.php?doing_wp_cron=1740056540.7117640972137451171875 HTTP/1.1" 200 0 "-" "WordPress/6.7.2; https://heyseo.ai"
162.0.217.198 - - [20/Feb/2025:08:02:20 -0500] "POST /wp-admin/admin-ajax.php?action=async_litespeed&nonce=mDbOJy6BG8aG5JTRkeLnvHFp3nq4zLah&litespeed_type=imgoptm HTTP/1.1" 200 21 "-" "WordPress/6.7.2; https://heyseo.ai"
5.28.89.133 - - [20/Feb/2025:08:02:20 -0500] "GET /de/index/ HTTP/1.1" 200 36770 "https://heyseo.ai/streamlit-example/" "Mozilla/5.0 (Macintosh; Intel Mac OS X 10_15_7) AppleWebKit/537.36 (KHTML, like Gecko) Chrome/133.0.0.0 Safari/537.36"
162.0.217.198 - - [20/Feb/2025:08:02:25 -0500] "POST /wp-cron.php?doing_wp_cron=1740056545.2428779602050781250000 HTTP/1.1" 200 0 "-" "WordPress/6.7.2; https://heyseo.ai"
5.28.89.133 - - [20/Feb/2025:08:02:25 -0500] "POST /wp-admin/admin-ajax.php HTTP/1.1" 200 98 "https://heyseo.ai/wp-admin/post.php?post=656&action=edit" "Mozilla/5.0 (Macintosh; Intel Mac OS X 10_15_7) AppleWebKit/537.36 (KHTML, like Gecko) Chrome/133.0.0.0 Safari/537.36"
162.0.217.198 - - [20/Feb/2025:08:02:35 -0500] "POST /wp-cron.php?doing_wp_cron=1740056555.1940240859985351562500 HTTP/1.1" 200 0 "-" "WordPress/6.7.2; https://heyseo.ai"
5.28.89.133 - - [20/Feb/2025:08:02:35 -0500] "POST /wp-admin/admin-ajax.php HTTP/1.1" 200 98 "https://heyseo.ai/wp-admin/post.php?post=656&action=edit" "Mozilla/5.0 (Macintosh; Intel Mac OS X 10_15_7) AppleWebKit/537.36 (KHTML, like Gecko) Chrome/133.0.0.0 Safari/537.36"
5.28.89.133 - - [20/Feb/2025:08:02:45 -0500] "POST /wp-admin/admin-ajax.php HTTP/1.1" 200 98 "https://heyseo.ai/wp-admin/post.php?post=656&action=edit" "Mozilla/5.0 (Macintosh; Intel Mac OS X 10_15_7) AppleWebKit/537.36 (KHTML, like Gecko) Chrome/133.0.0.0 Safari/537.36"
77.75.79.54 - - [20/Feb/2025:08:02:52 -0500] "GET /category/backlinks/ HTTP/1.1" 200 29317 "-" "Mozilla/5.0 (compatible; SeznamBot/4.0; +https://o-seznam.cz/napoveda/vyhledavani/en/seznambot-crawler/)"
5.28.89.133 - - [20/Feb/2025:08:02:55 -0500] "POST /wp-admin/admin-ajax.php HTTP/1.1" 200 98 "https://heyseo.ai/wp-admin/post.php?post=656&action=edit" "Mozilla/5.0 (Macintosh; Intel Mac OS X 10_15_7) AppleWebKit/537.36 (KHTML, like Gecko) Chrome/133.0.0.0 Safari/537.36"
43.130.47.33 - - [20/Feb/2025:08:02:54 -0500] "GET / HTTP/1.1" 200 40895 "-" "Mozilla/5.0 (iPhone; CPU iPhone OS 13_2_3 like Mac OS X) AppleWebKit/605.1.15 (KHTML, like Gecko) Version/13.0.3 Mobile/15E148 Safari/604.1"
162.0.217.198 - - [20/Feb/2025:08:03:05 -0500] "POST /wp-cron.php?doing_wp_cron=1740056585.2546510696411132812500 HTTP/1.1" 200 0 "-" "WordPress/6.7.2; https://heyseo.ai"
5.28.89.133 - - [20/Feb/2025:08:03:05 -0500] "POST /wp-admin/admin-ajax.php HTTP/1.1" 200 98 "https://heyseo.ai/wp-admin/post.php?post=656&action=edit" "Mozilla/5.0 (Macintosh; Intel Mac OS X 10_15_7) AppleWebKit/537.36 (KHTML, like Gecko) Chrome/133.0.0.0 Safari/537.36"
5.28.89.133 - - [20/Feb/2025:08:03:07 -0500] "POST /wp-json/wp/v2/pages/656/autosaves?_locale=user HTTP/1.1" 200 643 "https://heyseo.ai/wp-admin/post.php?post=656&action=edit" "Mozilla/5.0 (Macintosh; Intel Mac OS X 10_15_7) AppleWebKit/537.36 (KHTML, like Gecko) Chrome/133.0.0.0 Safari/537.36"
162.0.217.198 - - [20/Feb/2025:08:03:15 -0500] "POST /wp-cron.php?doing_wp_cron=1740056595.2522161006927490234375 HTTP/1.1" 200 0 "-" "WordPress/6.7.2; https://heyseo.ai"
5.28.89.133 - - [20/Feb/2025:08:03:15 -0500] "POST /wp-admin/admin-ajax.php HTTP/1.1" 200 98 "https://heyseo.ai/wp-admin/post.php?post=656&action=edit" "Mozilla/5.0 (Macintosh; Intel Mac OS X 10_15_7) AppleWebKit/537.36 (KHTML, like Gecko) Chrome/133.0.0.0 Safari/537.36"
162.0.217.198 - - [20/Feb/2025:08:03:15 -0500] "POST /wp-admin/admin-ajax.php?action=async_litespeed&nonce=V1T33Np4fVrvCnBFSiRp3aB1qOAFCjYr&litespeed_type=imgoptm HTTP/1.1" 200 21 "-" "WordPress/6.7.2; https://heyseo.ai"
162.0.217.198 - - [20/Feb/2025:08:03:26 -0500] "POST /wp-cron.php?doing_wp_cron=1740056606.3750109672546386718750 HTTP/1.1" 200 0 "-" "WordPress/6.7.2; https://heyseo.ai"
5.28.89.133 - - [20/Feb/2025:08:03:26 -0500] "POST /wp-admin/admin-ajax.php HTTP/1.1" 200 98 "https://heyseo.ai/wp-admin/post.php?post=656&action=edit" "Mozilla/5.0 (Macintosh; Intel Mac OS X 10_15_7) AppleWebKit/537.36 (KHTML, like Gecko) Chrome/133.0.0.0 Safari/537.36"
162.0.217.198 - - [20/Feb/2025:08:03:36 -0500] "POST /wp-cron.php?doing_wp_cron=1740056616.3029439449310302734375 HTTP/1.1" 200 0 "-" "WordPress/6.7.2; https://heyseo.ai"
5.28.89.133 - - [20/Feb/2025:08:03:36 -0500] "POST /wp-admin/admin-ajax.php HTTP/1.1" 200 98 "https://heyseo.ai/wp-admin/post.php?post=656&action=edit" "Mozilla/5.0 (Macintosh; Intel Mac OS X 10_15_7) AppleWebKit/537.36 (KHTML, like Gecko) Chrome/133.0.0.0 Safari/537.36"
5.28.89.133 - - [20/Feb/2025:08:03:46 -0500] "POST /wp-admin/admin-ajax.php HTTP/1.1" 200 98 "https://heyseo.ai/wp-admin/post.php?post=656&action=edit" "Mozilla/5.0 (Macintosh; Intel Mac OS X 10_15_7) AppleWebKit/537.36 (KHTML, like Gecko) Chrome/133.0.0.0 Safari/537.36"
5.28.89.133 - - [20/Feb/2025:08:03:56 -0500] "POST /wp-admin/admin-ajax.php HTTP/1.1" 200 98 "https://heyseo.ai/wp-admin/post.php?post=656&action=edit" "Mozilla/5.0 (Macintosh; Intel Mac OS X 10_15_7) AppleWebKit/537.36 (KHTML, like Gecko) Chrome/133.0.0.0 Safari/537.36"
162.0.217.198 - - [20/Feb/2025:08:04:06 -0500] "POST /wp-cron.php?doing_wp_cron=1740056646.2329339981079101562500 HTTP/1.1" 200 0 "-" "WordPress/6.7.2; https://heyseo.ai"
5.28.89.133 - - [20/Feb/2025:08:04:06 -0500] "POST /wp-admin/admin-ajax.php HTTP/1.1" 200 98 "https://heyseo.ai/wp-admin/post.php?post=656&action=edit" "Mozilla/5.0 (Macintosh; Intel Mac OS X 10_15_7) AppleWebKit/537.36 (KHTML, like Gecko) Chrome/133.0.0.0 Safari/537.36"
5.28.89.133 - - [20/Feb/2025:08:04:07 -0500] "POST /wp-json/wp/v2/pages/656/autosaves?_locale=user HTTP/1.1" 200 643 "https://heyseo.ai/wp-admin/post.php?post=656&action=edit" "Mozilla/5.0 (Macintosh; Intel Mac OS X 10_15_7) AppleWebKit/537.36 (KHTML, like Gecko) Chrome/133.0.0.0 Safari/537.36"
162.0.217.198 - - [20/Feb/2025:08:04:16 -0500] "POST /wp-cron.php?doing_wp_cron=1740056656.2682979106903076171875 HTTP/1.1" 200 0 "-" "WordPress/6.7.2; https://heyseo.ai"
5.28.89.133 - - [20/Feb/2025:08:04:16 -0500] "POST /wp-admin/admin-ajax.php HTTP/1.1" 200 98 "https://heyseo.ai/wp-admin/post.php?post=656&action=edit" "Mozilla/5.0 (Macintosh; Intel Mac OS X 10_15_7) AppleWebKit/537.36 (KHTML, like Gecko) Chrome/133.0.0.0 Safari/537.36"
162.0.217.198 - - [20/Feb/2025:08:04:16 -0500] "POST /wp-admin/admin-ajax.php?action=async_litespeed&nonce=xSqgtpfYynIucTPWt9DeOoNydG9Vi1Yo&litespeed_type=imgoptm HTTP/1.1" 200 21 "-" "WordPress/6.7.2; https://heyseo.ai"
162.0.217.198 - - [20/Feb/2025:08:04:26 -0500] "POST /wp-cron.php?doing_wp_cron=1740056666.3569719791412353515625 HTTP/1.1" 200 0 "-" "WordPress/6.7.2; https://heyseo.ai"
5.28.89.133 - - [20/Feb/2025:08:04:26 -0500] "POST /wp-admin/admin-ajax.php HTTP/1.1" 200 98 "https://heyseo.ai/wp-admin/post.php?post=656&action=edit" "Mozilla/5.0 (Macintosh; Intel Mac OS X 10_15_7) AppleWebKit/537.36 (KHTML, like Gecko) Chrome/133.0.0.0 Safari/537.36"
162.0.217.198 - - [20/Feb/2025:08:04:36 -0500] "POST /wp-cron.php?doing_wp_cron=1740056676.2696969509124755859375 HTTP/1.1" 200 0 "-" "WordPress/6.7.2; https://heyseo.ai"
5.28.89.133 - - [20/Feb/2025:08:04:36 -0500] "POST /wp-admin/admin-ajax.php HTTP/1.1" 200 98 "https://heyseo.ai/wp-admin/post.php?post=656&action=edit" "Mozilla/5.0 (Macintosh; Intel Mac OS X 10_15_7) AppleWebKit/537.36 (KHTML, like Gecko) Chrome/133.0.0.0 Safari/537.36"
5.28.89.133 - - [20/Feb/2025:08:04:46 -0500] "POST /wp-admin/admin-ajax.php HTTP/1.1" 200 98 "https://heyseo.ai/wp-admin/post.php?post=656&action=edit" "Mozilla/5.0 (Macintosh; Intel Mac OS X 10_15_7) AppleWebKit/537.36 (KHTML, like Gecko) Chrome/133.0.0.0 Safari/537.36"
5.28.89.133 - - [20/Feb/2025:08:04:56 -0500] "POST /wp-admin/admin-ajax.php HTTP/1.1" 200 98 "https://heyseo.ai/wp-admin/post.php?post=656&action=edit" "Mozilla/5.0 (Macintosh; Intel Mac OS X 10_15_7) AppleWebKit/537.36 (KHTML, like Gecko) Chrome/133.0.0.0 Safari/537.36"
162.0.217.198 - - [20/Feb/2025:08:05:07 -0500] "POST /wp-cron.php?doing_wp_cron=1740056707.2998030185699462890625 HTTP/1.1" 200 0 "-" "WordPress/6.7.2; https://heyseo.ai"
5.28.89.133 - - [20/Feb/2025:08:05:06 -0500] "POST /wp-admin/admin-ajax.php HTTP/1.1" 200 98 "https://heyseo.ai/wp-admin/post.php?post=656&action=edit" "Mozilla/5.0 (Macintosh; Intel Mac OS X 10_15_7) AppleWebKit/537.36 (KHTML, like Gecko) Chrome/133.0.0.0 Safari/537.36"
5.28.89.133 - - [20/Feb/2025:08:05:07 -0500] "POST /wp-json/wp/v2/pages/656/autosaves?_locale=user HTTP/1.1" 200 643 "https://heyseo.ai/wp-admin/post.php?post=656&action=edit" "Mozilla/5.0 (Macintosh; Intel Mac OS X 10_15_7) AppleWebKit/537.36 (KHTML, like Gecko) Chrome/133.0.0.0 Safari/537.36"
162.0.217.198 - - [20/Feb/2025:08:05:18 -0500] "POST /wp-cron.php?doing_wp_cron=1740056718.2670469284057617187500 HTTP/1.1" 200 0 "-" "WordPress/6.7.2; https://heyseo.ai"
5.28.89.133 - - [20/Feb/2025:08:05:17 -0500] "POST /wp-admin/admin-ajax.php HTTP/1.1" 200 98 "https://heyseo.ai/wp-admin/post.php?post=656&action=edit" "Mozilla/5.0 (Macintosh; Intel Mac OS X 10_15_7) AppleWebKit/537.36 (KHTML, like Gecko) Chrome/133.0.0.0 Safari/537.36"
5.28.89.133 - - [20/Feb/2025:08:05:17 -0500] "POST /wp-admin/admin-ajax.php HTTP/1.1" 200 46 "https://heyseo.ai/wp-admin/post.php?post=656&action=edit" "Mozilla/5.0 (Macintosh; Intel Mac OS X 10_15_7) AppleWebKit/537.36 (KHTML, like Gecko) Chrome/133.0.0.0 Safari/537.36"
5.28.89.133 - - [20/Feb/2025:08:05:18 -0500] "POST /wp-json/wpforms/v1/themes/custom/?_locale=user HTTP/1.1" 200 15 "https://heyseo.ai/wp-admin/post.php?post=656&action=edit" "Mozilla/5.0 (Macintosh; Intel Mac OS X 10_15_7) AppleWebKit/537.36 (KHTML, like Gecko) Chrome/133.0.0.0 Safari/537.36"
162.0.217.198 - - [20/Feb/2025:08:05:18 -0500] "POST /wp-admin/admin-ajax.php?action=async_litespeed&nonce=ApmTYKbdaWWF4b9SDKDupsiH6zu0rZdW&litespeed_type=imgoptm HTTP/1.1" 200 21 "-" "WordPress/6.7.2; https://heyseo.ai"
5.28.89.133 - - [20/Feb/2025:08:05:18 -0500] "POST /wp-json/wp/v2/pages/656?_locale=user HTTP/1.1" 200 7179 "https://heyseo.ai/wp-admin/post.php?post=656&action=edit" "Mozilla/5.0 (Macintosh; Intel Mac OS X 10_15_7) AppleWebKit/537.36 (KHTML, like Gecko) Chrome/133.0.0.0 Safari/537.36"
5.28.89.133 - - [20/Feb/2025:08:05:19 -0500] "POST /wp-json/wpforms/v1/themes/custom/?_locale=user HTTP/1.1" 200 15 "https://heyseo.ai/wp-admin/post.php?post=656&action=edit" "Mozilla/5.0 (Macintosh; Intel Mac OS X 10_15_7) AppleWebKit/537.36 (KHTML, like Gecko) Chrome/133.0.0.0 Safari/537.36"
5.28.89.133 - - [20/Feb/2025:08:05:20 -0500] "POST /wp-admin/post.php?post=656&action=edit&meta-box-loader=1&meta-box-loader-nonce=417a2dbf6a&_locale=user HTTP/1.1" 302 0 "https://heyseo.ai/wp-admin/post.php?post=656&action=edit" "Mozilla/5.0 (Macintosh; Intel Mac OS X 10_15_7) AppleWebKit/537.36 (KHTML, like Gecko) Chrome/133.0.0.0 Safari/537.36"
162.0.217.198 - - [20/Feb/2025:08:05:24 -0500] "POST /wp-cron.php?doing_wp_cron=1740056724.8836889266967773437500 HTTP/1.1" 200 0 "-" "WordPress/6.7.2; https://heyseo.ai"
5.28.89.133 - - [20/Feb/2025:08:05:24 -0500] "GET /wp-admin/post.php?post=656&action=edit&message=4 HTTP/1.1" 200 157975 "https://heyseo.ai/wp-admin/post.php?post=656&action=edit" "Mozilla/5.0 (Macintosh; Intel Mac OS X 10_15_7) AppleWebKit/537.36 (KHTML, like Gecko) Chrome/133.0.0.0 Safari/537.36"
5.28.89.133 - - [20/Feb/2025:08:05:26 -0500] "POST /wp-json/wpforms/v1/themes/custom/?_locale=user HTTP/1.1" 200 15 "https://heyseo.ai/wp-admin/post.php?post=656&action=edit" "Mozilla/5.0 (Macintosh; Intel Mac OS X 10_15_7) AppleWebKit/537.36 (KHTML, like Gecko) Chrome/133.0.0.0 Safari/537.36"
162.0.217.198 - - [20/Feb/2025:08:05:30 -0500] "POST /wp-cron.php?doing_wp_cron=1740056730.2383060455322265625000 HTTP/1.1" 200 0 "-" "WordPress/6.7.2; https://heyseo.ai"
5.28.89.133 - - [20/Feb/2025:08:05:30 -0500] "POST /wp-admin/admin-ajax.php HTTP/1.1" 200 98 "https://heyseo.ai/wp-admin/post.php?post=656&action=edit" "Mozilla/5.0 (Macintosh; Intel Mac OS X 10_15_7) AppleWebKit/537.36 (KHTML, like Gecko) Chrome/133.0.0.0 Safari/537.36"
5.28.89.133 - - [20/Feb/2025:08:05:31 -0500] "POST /wp-admin/admin-ajax.php HTTP/1.1" 200 5 "https://heyseo.ai/wp-admin/post.php?post=656&action=edit" "Mozilla/5.0 (Macintosh; Intel Mac OS X 10_15_7) AppleWebKit/537.36 (KHTML, like Gecko) Chrome/133.0.0.0 Safari/537.36"
5.28.89.133 - - [20/Feb/2025:08:05:31 -0500] "GET /wp-admin/edit.php?post_type=page HTTP/1.1" 200 31671 "https://heyseo.ai/wp-admin/post.php?post=656&action=edit" "Mozilla/5.0 (Macintosh; Intel Mac OS X 10_15_7) AppleWebKit/537.36 (KHTML, like Gecko) Chrome/133.0.0.0 Safari/537.36"
5.28.89.133 - - [20/Feb/2025:08:05:32 -0500] "POST /wp-admin/admin-ajax.php HTTP/1.1" 200 47 "https://heyseo.ai/wp-admin/edit.php?post_type=page" "Mozilla/5.0 (Macintosh; Intel Mac OS X 10_15_7) AppleWebKit/537.36 (KHTML, like Gecko) Chrome/133.0.0.0 Safari/537.36"
5.28.89.133 - - [20/Feb/2025:08:05:35 -0500] "GET /wp-admin/post.php?post=1065&action=edit HTTP/1.1" 200 157296 "https://heyseo.ai/wp-admin/edit.php?post_type=page" "Mozilla/5.0 (Macintosh; Intel Mac OS X 10_15_7) AppleWebKit/537.36 (KHTML, like Gecko) Chrome/133.0.0.0 Safari/537.36"
5.28.89.133 - - [20/Feb/2025:08:05:37 -0500] "GET /wp-json/wpforms/v1/themes/?_locale=user HTTP/1.1" 200 9111 "https://heyseo.ai/wp-admin/post.php?post=1065&action=edit" "Mozilla/5.0 (Macintosh; Intel Mac OS X 10_15_7) AppleWebKit/537.36 (KHTML, like Gecko) Chrome/133.0.0.0 Safari/537.36"
5.28.89.133 - - [20/Feb/2025:08:05:38 -0500] "GET /wp-content/uploads/2025/02/retainer-1.jpg HTTP/1.1" 200 98938 "https://heyseo.ai/wp-admin/post.php?post=1065&action=edit" "Mozilla/5.0 (Macintosh; Intel Mac OS X 10_15_7) AppleWebKit/537.36 (KHTML, like Gecko) Chrome/133.0.0.0 Safari/537.36"
5.28.89.133 - - [20/Feb/2025:08:05:38 -0500] "GET /wp-json/wp/v2/block-patterns/categories?_locale=user HTTP/1.1" 200 1941 "https://heyseo.ai/wp-admin/post.php?post=1065&action=edit" "Mozilla/5.0 (Macintosh; Intel Mac OS X 10_15_7) AppleWebKit/537.36 (KHTML, like Gecko) Chrome/133.0.0.0 Safari/537.36"
5.28.89.133 - - [20/Feb/2025:08:05:38 -0500] "OPTIONS /wp-json/wp/v2/settings?_locale=user HTTP/1.1" 200 5189 "https://heyseo.ai/wp-admin/post.php?post=1065&action=edit" "Mozilla/5.0 (Macintosh; Intel Mac OS X 10_15_7) AppleWebKit/537.36 (KHTML, like Gecko) Chrome/133.0.0.0 Safari/537.36"
5.28.89.133 - - [20/Feb/2025:08:05:38 -0500] "GET /wp-json/wp/v2/taxonomies?context=edit&per_page=100&_locale=user HTTP/1.1" 200 8236 "https://heyseo.ai/wp-admin/post.php?post=1065&action=edit" "Mozilla/5.0 (Macintosh; Intel Mac OS X 10_15_7) AppleWebKit/537.36 (KHTML, like Gecko) Chrome/133.0.0.0 Safari/537.36"
5.28.89.133 - - [20/Feb/2025:08:05:38 -0500] "GET /wp-json/wp/v2/blocks?context=edit&per_page=100&page=1&lang=en&_locale=user HTTP/1.1" 200 2 "https://heyseo.ai/wp-admin/post.php?post=1065&action=edit" "Mozilla/5.0 (Macintosh; Intel Mac OS X 10_15_7) AppleWebKit/537.36 (KHTML, like Gecko) Chrome/133.0.0.0 Safari/537.36"
5.28.89.133 - - [20/Feb/2025:08:05:38 -0500] "GET /wp-json/?_fields=description%2Cgmt_offset%2Chome%2Cname%2Csite_icon%2Csite_icon_url%2Csite_logo%2Ctimezone_string%2Curl&_locale=user HTTP/1.1" 200 500 "https://heyseo.ai/wp-admin/post.php?post=1065&action=edit" "Mozilla/5.0 (Macintosh; Intel Mac OS X 10_15_7) AppleWebKit/537.36 (KHTML, like Gecko) Chrome/133.0.0.0 Safari/537.36"
5.28.89.133 - - [20/Feb/2025:08:05:38 -0500] "GET /wp-json/wp/v2/wp_pattern_category?context=view&per_page=100&_fields=id%2Cname%2Cdescription%2Cslug&_locale=user HTTP/1.1" 200 2 "https://heyseo.ai/wp-admin/post.php?post=1065&action=edit" "Mozilla/5.0 (Macintosh; Intel Mac OS X 10_15_7) AppleWebKit/537.36 (KHTML, like Gecko) Chrome/133.0.0.0 Safari/537.36"
5.28.89.133 - - [20/Feb/2025:08:05:38 -0500] "GET /wp-json/wp/v2/taxonomies?context=edit&_locale=user HTTP/1.1" 200 8236 "https://heyseo.ai/wp-admin/post.php?post=1065&action=edit" "Mozilla/5.0 (Macintosh; Intel Mac OS X 10_15_7) AppleWebKit/537.36 (KHTML, like Gecko) Chrome/133.0.0.0 Safari/537.36"
5.28.89.133 - - [20/Feb/2025:08:05:38 -0500] "GET /wp-json/wp/v2/users?context=view&who=authors&per_page=50&_fields=id%2Cname&_locale=user HTTP/1.1" 200 58 "https://heyseo.ai/wp-admin/post.php?post=1065&action=edit" "Mozilla/5.0 (Macintosh; Intel Mac OS X 10_15_7) AppleWebKit/537.36 (KHTML, like Gecko) Chrome/133.0.0.0 Safari/537.36"
5.28.89.133 - - [20/Feb/2025:08:05:39 -0500] "GET /wp-json/wp/v2/pages/81?context=edit&_locale=user HTTP/1.1" 200 5830 "https://heyseo.ai/wp-admin/post.php?post=1065&action=edit" "Mozilla/5.0 (Macintosh; Intel Mac OS X 10_15_7) AppleWebKit/537.36 (KHTML, like Gecko) Chrome/133.0.0.0 Safari/537.36"
5.28.89.133 - - [20/Feb/2025:08:05:39 -0500] "GET /wp-json/wp/v2/users/2?context=view&_fields=id%2Cname&_locale=user HTTP/1.1" 200 28 "https://heyseo.ai/wp-admin/post.php?post=1065&action=edit" "Mozilla/5.0 (Macintosh; Intel Mac OS X 10_15_7) AppleWebKit/537.36 (KHTML, like Gecko) Chrome/133.0.0.0 Safari/537.36"
5.28.89.133 - - [20/Feb/2025:08:05:42 -0500] "POST /wp-admin/admin-ajax.php HTTP/1.1" 200 5 "https://heyseo.ai/wp-admin/post.php?post=1065&action=edit" "Mozilla/5.0 (Macintosh; Intel Mac OS X 10_15_7) AppleWebKit/537.36 (KHTML, like Gecko) Chrome/133.0.0.0 Safari/537.36"
5.28.89.133 - - [20/Feb/2025:08:05:42 -0500] "GET /wp-admin/edit.php?post_type=page HTTP/1.1" 200 31670 "https://heyseo.ai/wp-admin/post.php?post=656&action=edit" "Mozilla/5.0 (Macintosh; Intel Mac OS X 10_15_7) AppleWebKit/537.36 (KHTML, like Gecko) Chrome/133.0.0.0 Safari/537.36"
5.28.89.133 - - [20/Feb/2025:08:05:44 -0500] "POST /wp-admin/admin-ajax.php HTTP/1.1" 200 47 "https://heyseo.ai/wp-admin/edit.php?post_type=page" "Mozilla/5.0 (Macintosh; Intel Mac OS X 10_15_7) AppleWebKit/537.36 (KHTML, like Gecko) Chrome/133.0.0.0 Safari/537.36"
5.28.89.133 - - [20/Feb/2025:08:05:54 -0500] "POST /wp-admin/admin-ajax.php HTTP/1.1" 200 47 "https://heyseo.ai/wp-admin/edit.php?post_type=page" "Mozilla/5.0 (Macintosh; Intel Mac OS X 10_15_7) AppleWebKit/537.36 (KHTML, like Gecko) Chrome/133.0.0.0 Safari/537.36"
5.28.89.133 - - [20/Feb/2025:08:05:58 -0500] "GET /wp-admin/post.php?post=1134&action=edit HTTP/1.1" 200 158064 "https://heyseo.ai/wp-admin/edit.php?post_type=page" "Mozilla/5.0 (Macintosh; Intel Mac OS X 10_15_7) AppleWebKit/537.36 (KHTML, like Gecko) Chrome/133.0.0.0 Safari/537.36"
5.28.89.133 - - [20/Feb/2025:08:05:59 -0500] "GET /wp-json/wpforms/v1/themes/?_locale=user HTTP/1.1" 200 9111 "https://heyseo.ai/wp-admin/post.php?post=1134&action=edit" "Mozilla/5.0 (Macintosh; Intel Mac OS X 10_15_7) AppleWebKit/537.36 (KHTML, like Gecko) Chrome/133.0.0.0 Safari/537.36"
5.28.89.133 - - [20/Feb/2025:08:06:00 -0500] "OPTIONS /wp-json/wp/v2/settings?_locale=user HTTP/1.1" 200 0 "https://heyseo.ai/wp-admin/post.php?post=1134&action=edit" "Mozilla/5.0 (Macintosh; Intel Mac OS X 10_15_7) AppleWebKit/537.36 (KHTML, like Gecko) Chrome/133.0.0.0 Safari/537.36"
5.28.89.133 - - [20/Feb/2025:08:06:00 -0500] "GET /wp-json/wp/v2/block-patterns/categories?_locale=user HTTP/1.1" 200 1941 "https://heyseo.ai/wp-admin/post.php?post=1134&action=edit" "Mozilla/5.0 (Macintosh; Intel Mac OS X 10_15_7) AppleWebKit/537.36 (KHTML, like Gecko) Chrome/133.0.0.0 Safari/537.36"
5.28.89.133 - - [20/Feb/2025:08:06:00 -0500] "GET /wp-json/?_fields=description%2Cgmt_offset%2Chome%2Cname%2Csite_icon%2Csite_icon_url%2Csite_logo%2Ctimezone_string%2Curl&_locale=user HTTP/1.1" 200 500 "https://heyseo.ai/wp-admin/post.php?post=1134&action=edit" "Mozilla/5.0 (Macintosh; Intel Mac OS X 10_15_7) AppleWebKit/537.36 (KHTML, like Gecko) Chrome/133.0.0.0 Safari/537.36"
5.28.89.133 - - [20/Feb/2025:08:06:00 -0500] "GET /wp-json/wp/v2/wp_pattern_category?context=view&per_page=100&_fields=id%2Cname%2Cdescription%2Cslug&_locale=user HTTP/1.1" 200 2 "https://heyseo.ai/wp-admin/post.php?post=1134&action=edit" "Mozilla/5.0 (Macintosh; Intel Mac OS X 10_15_7) AppleWebKit/537.36 (KHTML, like Gecko) Chrome/133.0.0.0 Safari/537.36"
5.28.89.133 - - [20/Feb/2025:08:06:00 -0500] "GET /wp-json/wp/v2/users?context=view&who=authors&per_page=50&_fields=id%2Cname&_locale=user HTTP/1.1" 200 58 "https://heyseo.ai/wp-admin/post.php?post=1134&action=edit" "Mozilla/5.0 (Macintosh; Intel Mac OS X 10_15_7) AppleWebKit/537.36 (KHTML, like Gecko) Chrome/133.0.0.0 Safari/537.36"
5.28.89.133 - - [20/Feb/2025:08:06:00 -0500] "GET /wp-json/wp/v2/taxonomies?context=edit&per_page=100&_locale=user HTTP/1.1" 200 8236 "https://heyseo.ai/wp-admin/post.php?post=1134&action=edit" "Mozilla/5.0 (Macintosh; Intel Mac OS X 10_15_7) AppleWebKit/537.36 (KHTML, like Gecko) Chrome/133.0.0.0 Safari/537.36"
5.28.89.133 - - [20/Feb/2025:08:06:00 -0500] "GET /wp-json/wp/v2/blocks?context=edit&per_page=100&page=1&lang=de&_locale=user HTTP/1.1" 200 2 "https://heyseo.ai/wp-admin/post.php?post=1134&action=edit" "Mozilla/5.0 (Macintosh; Intel Mac OS X 10_15_7) AppleWebKit/537.36 (KHTML, like Gecko) Chrome/133.0.0.0 Safari/537.36"
5.28.89.133 - - [20/Feb/2025:08:06:00 -0500] "GET /wp-json/wp/v2/pages/81?context=edit&_locale=user HTTP/1.1" 200 5830 "https://heyseo.ai/wp-admin/post.php?post=1134&action=edit" "Mozilla/5.0 (Macintosh; Intel Mac OS X 10_15_7) AppleWebKit/537.36 (KHTML, like Gecko) Chrome/133.0.0.0 Safari/537.36"
5.28.89.133 - - [20/Feb/2025:08:06:00 -0500] "GET /wp-json/wp/v2/taxonomies?context=edit&_locale=user HTTP/1.1" 200 8236 "https://heyseo.ai/wp-admin/post.php?post=1134&action=edit" "Mozilla/5.0 (Macintosh; Intel Mac OS X 10_15_7) AppleWebKit/537.36 (KHTML, like Gecko) Chrome/133.0.0.0 Safari/537.36"
5.28.89.133 - - [20/Feb/2025:08:06:01 -0500] "GET /wp-json/wp/v2/users/2?context=view&_fields=id%2Cname&_locale=user HTTP/1.1" 200 28 "https://heyseo.ai/wp-admin/post.php?post=1134&action=edit" "Mozilla/5.0 (Macintosh; Intel Mac OS X 10_15_7) AppleWebKit/537.36 (KHTML, like Gecko) Chrome/133.0.0.0 Safari/537.36"
162.0.217.198 - - [20/Feb/2025:08:06:10 -0500] "POST /wp-cron.php?doing_wp_cron=1740056770.1102190017700195312500 HTTP/1.1" 200 0 "-" "WordPress/6.7.2; https://heyseo.ai"
5.28.89.133 - - [20/Feb/2025:08:06:09 -0500] "POST /wp-admin/admin-ajax.php HTTP/1.1" 200 98 "https://heyseo.ai/wp-admin/post.php?post=1134&action=edit" "Mozilla/5.0 (Macintosh; Intel Mac OS X 10_15_7) AppleWebKit/537.36 (KHTML, like Gecko) Chrome/133.0.0.0 Safari/537.36"
162.0.217.198 - - [20/Feb/2025:08:06:20 -0500] "POST /wp-cron.php?doing_wp_cron=1740056780.0707309246063232421875 HTTP/1.1" 200 0 "-" "WordPress/6.7.2; https://heyseo.ai"
5.28.89.133 - - [20/Feb/2025:08:06:19 -0500] "POST /wp-admin/admin-ajax.php HTTP/1.1" 200 98 "https://heyseo.ai/wp-admin/post.php?post=1134&action=edit" "Mozilla/5.0 (Macintosh; Intel Mac OS X 10_15_7) AppleWebKit/537.36 (KHTML, like Gecko) Chrome/133.0.0.0 Safari/537.36"
162.0.217.198 - - [20/Feb/2025:08:06:20 -0500] "POST /wp-admin/admin-ajax.php?action=async_litespeed&nonce=7UBrFPYLbcFaGImhzxIawmVRZBjMWJwg&litespeed_type=imgoptm HTTP/1.1" 200 21 "-" "WordPress/6.7.2; https://heyseo.ai"
162.0.217.198 - - [20/Feb/2025:08:06:30 -0500] "POST /wp-cron.php?doing_wp_cron=1740056790.1920490264892578125000 HTTP/1.1" 200 0 "-" "WordPress/6.7.2; https://heyseo.ai"
5.28.89.133 - - [20/Feb/2025:08:06:29 -0500] "POST /wp-admin/admin-ajax.php HTTP/1.1" 200 98 "https://heyseo.ai/wp-admin/post.php?post=1134&action=edit" "Mozilla/5.0 (Macintosh; Intel Mac OS X 10_15_7) AppleWebKit/537.36 (KHTML, like Gecko) Chrome/133.0.0.0 Safari/537.36"
43.159.139.164 - - [20/Feb/2025:08:06:34 -0500] "GET /datenschutz/ HTTP/1.1" 200 39809 "-" "Mozilla/5.0 (iPhone; CPU iPhone OS 13_2_3 like Mac OS X) AppleWebKit/605.1.15 (KHTML, like Gecko) Version/13.0.3 Mobile/15E148 Safari/604.1"
5.28.89.133 - - [20/Feb/2025:08:06:40 -0500] "POST /wp-admin/admin-ajax.php HTTP/1.1" 200 98 "https://heyseo.ai/wp-admin/post.php?post=1134&action=edit" "Mozilla/5.0 (Macintosh; Intel Mac OS X 10_15_7) AppleWebKit/537.36 (KHTML, like Gecko) Chrome/133.0.0.0 Safari/537.36"
5.28.89.133 - - [20/Feb/2025:08:06:46 -0500] "POST /wp-admin/admin-ajax.php HTTP/1.1" 200 5 "https://heyseo.ai/wp-admin/post.php?post=1134&action=edit" "Mozilla/5.0 (Macintosh; Intel Mac OS X 10_15_7) AppleWebKit/537.36 (KHTML, like Gecko) Chrome/133.0.0.0 Safari/537.36"
5.28.89.133 - - [20/Feb/2025:08:06:46 -0500] "GET /wp-admin/edit.php?post_type=page HTTP/1.1" 200 31670 "https://heyseo.ai/wp-admin/post.php?post=1134&action=edit" "Mozilla/5.0 (Macintosh; Intel Mac OS X 10_15_7) AppleWebKit/537.36 (KHTML, like Gecko) Chrome/133.0.0.0 Safari/537.36"
5.28.89.133 - - [20/Feb/2025:08:06:48 -0500] "POST /wp-admin/admin-ajax.php HTTP/1.1" 200 47 "https://heyseo.ai/wp-admin/edit.php?post_type=page" "Mozilla/5.0 (Macintosh; Intel Mac OS X 10_15_7) AppleWebKit/537.36 (KHTML, like Gecko) Chrome/133.0.0.0 Safari/537.36"
5.28.89.133 - - [20/Feb/2025:08:06:51 -0500] "GET /wp-admin/post.php?post=1173&action=edit HTTP/1.1" 200 153433 "https://heyseo.ai/wp-admin/edit.php?post_type=page" "Mozilla/5.0 (Macintosh; Intel Mac OS X 10_15_7) AppleWebKit/537.36 (KHTML, like Gecko) Chrome/133.0.0.0 Safari/537.36"
5.28.89.133 - - [20/Feb/2025:08:06:53 -0500] "GET /wp-json/wpforms/v1/themes/?_locale=user HTTP/1.1" 200 9111 "https://heyseo.ai/wp-admin/post.php?post=1173&action=edit" "Mozilla/5.0 (Macintosh; Intel Mac OS X 10_15_7) AppleWebKit/537.36 (KHTML, like Gecko) Chrome/133.0.0.0 Safari/537.36"
5.28.89.133 - - [20/Feb/2025:08:06:54 -0500] "OPTIONS /wp-json/wp/v2/settings?_locale=user HTTP/1.1" 200 0 "https://heyseo.ai/wp-admin/post.php?post=1173&action=edit" "Mozilla/5.0 (Macintosh; Intel Mac OS X 10_15_7) AppleWebKit/537.36 (KHTML, like Gecko) Chrome/133.0.0.0 Safari/537.36"
5.28.89.133 - - [20/Feb/2025:08:06:54 -0500] "GET /wp-content/uploads/2025/02/berlin.jpg HTTP/1.1" 200 98590 "https://heyseo.ai/wp-admin/post.php?post=1173&action=edit" "Mozilla/5.0 (Macintosh; Intel Mac OS X 10_15_7) AppleWebKit/537.36 (KHTML, like Gecko) Chrome/133.0.0.0 Safari/537.36"
5.28.89.133 - - [20/Feb/2025:08:06:54 -0500] "GET /wp-json/wp/v2/block-patterns/categories?_locale=user HTTP/1.1" 200 1941 "https://heyseo.ai/wp-admin/post.php?post=1173&action=edit" "Mozilla/5.0 (Macintosh; Intel Mac OS X 10_15_7) AppleWebKit/537.36 (KHTML, like Gecko) Chrome/133.0.0.0 Safari/537.36"
5.28.89.133 - - [20/Feb/2025:08:06:54 -0500] "GET /wp-json/?_fields=description%2Cgmt_offset%2Chome%2Cname%2Csite_icon%2Csite_icon_url%2Csite_logo%2Ctimezone_string%2Curl&_locale=user HTTP/1.1" 200 500 "https://heyseo.ai/wp-admin/post.php?post=1173&action=edit" "Mozilla/5.0 (Macintosh; Intel Mac OS X 10_15_7) AppleWebKit/537.36 (KHTML, like Gecko) Chrome/133.0.0.0 Safari/537.36"
5.28.89.133 - - [20/Feb/2025:08:06:54 -0500] "GET /wp-json/wp/v2/blocks?context=edit&per_page=100&page=1&lang=de&_locale=user HTTP/1.1" 200 2 "https://heyseo.ai/wp-admin/post.php?post=1173&action=edit" "Mozilla/5.0 (Macintosh; Intel Mac OS X 10_15_7) AppleWebKit/537.36 (KHTML, like Gecko) Chrome/133.0.0.0 Safari/537.36"
5.28.89.133 - - [20/Feb/2025:08:06:54 -0500] "GET /wp-json/wp/v2/wp_pattern_category?context=view&per_page=100&_fields=id%2Cname%2Cdescription%2Cslug&_locale=user HTTP/1.1" 200 2 "https://heyseo.ai/wp-admin/post.php?post=1173&action=edit" "Mozilla/5.0 (Macintosh; Intel Mac OS X 10_15_7) AppleWebKit/537.36 (KHTML, like Gecko) Chrome/133.0.0.0 Safari/537.36"
5.28.89.133 - - [20/Feb/2025:08:06:54 -0500] "GET /wp-json/wp/v2/users?context=view&who=authors&per_page=50&_fields=id%2Cname&_locale=user HTTP/1.1" 200 58 "https://heyseo.ai/wp-admin/post.php?post=1173&action=edit" "Mozilla/5.0 (Macintosh; Intel Mac OS X 10_15_7) AppleWebKit/537.36 (KHTML, like Gecko) Chrome/133.0.0.0 Safari/537.36"
5.28.89.133 - - [20/Feb/2025:08:06:54 -0500] "GET /wp-json/wp/v2/taxonomies?context=edit&per_page=100&_locale=user HTTP/1.1" 200 8236 "https://heyseo.ai/wp-admin/post.php?post=1173&action=edit" "Mozilla/5.0 (Macintosh; Intel Mac OS X 10_15_7) AppleWebKit/537.36 (KHTML, like Gecko) Chrome/133.0.0.0 Safari/537.36"
5.28.89.133 - - [20/Feb/2025:08:06:54 -0500] "GET /wp-json/wp/v2/pages/81?context=edit&_locale=user HTTP/1.1" 200 5830 "https://heyseo.ai/wp-admin/post.php?post=1173&action=edit" "Mozilla/5.0 (Macintosh; Intel Mac OS X 10_15_7) AppleWebKit/537.36 (KHTML, like Gecko) Chrome/133.0.0.0 Safari/537.36"
5.28.89.133 - - [20/Feb/2025:08:06:54 -0500] "GET /wp-json/wp/v2/taxonomies?context=edit&_locale=user HTTP/1.1" 200 8236 "https://heyseo.ai/wp-admin/post.php?post=1173&action=edit" "Mozilla/5.0 (Macintosh; Intel Mac OS X 10_15_7) AppleWebKit/537.36 (KHTML, like Gecko) Chrome/133.0.0.0 Safari/537.36"
5.28.89.133 - - [20/Feb/2025:08:06:54 -0500] "GET /wp-json/wp/v2/users/2?context=view&_fields=id%2Cname&_locale=user HTTP/1.1" 200 28 "https://heyseo.ai/wp-admin/post.php?post=1173&action=edit" "Mozilla/5.0 (Macintosh; Intel Mac OS X 10_15_7) AppleWebKit/537.36 (KHTML, like Gecko) Chrome/133.0.0.0 Safari/537.36"
162.0.217.198 - - [20/Feb/2025:08:07:04 -0500] "POST /wp-cron.php?doing_wp_cron=1740056823.9782090187072753906250 HTTP/1.1" 200 0 "-" "WordPress/6.7.2; https://heyseo.ai"
5.28.89.133 - - [20/Feb/2025:08:07:03 -0500] "POST /wp-admin/admin-ajax.php HTTP/1.1" 200 98 "https://heyseo.ai/wp-admin/post.php?post=1173&action=edit" "Mozilla/5.0 (Macintosh; Intel Mac OS X 10_15_7) AppleWebKit/537.36 (KHTML, like Gecko) Chrome/133.0.0.0 Safari/537.36"
5.28.89.133 - - [20/Feb/2025:08:07:13 -0500] "POST /wp-admin/admin-ajax.php HTTP/1.1" 200 98 "https://heyseo.ai/wp-admin/post.php?post=1173&action=edit" "Mozilla/5.0 (Macintosh; Intel Mac OS X 10_15_7) AppleWebKit/537.36 (KHTML, like Gecko) Chrome/133.0.0.0 Safari/537.36"
52.21.209.231 - - [20/Feb/2025:08:07:14 -0500] "POST /wp-login.php HTTP/1.1" 200 2907 "https://heyseo.ai" "Mozilla/5.0 (Macintosh; Intel Mac OS X 14.5) AppleWebKit/618.3.5 (KHTML, like Gecko) Version/17.4 Safari/618.3.5"
162.0.217.198 - - [20/Feb/2025:08:07:23 -0500] "POST /wp-cron.php?doing_wp_cron=1740056843.8633499145507812500000 HTTP/1.1" 200 0 "-" "WordPress/6.7.2; https://heyseo.ai"
5.28.89.133 - - [20/Feb/2025:08:07:23 -0500] "POST /wp-admin/admin-ajax.php HTTP/1.1" 200 98 "https://heyseo.ai/wp-admin/post.php?post=1173&action=edit" "Mozilla/5.0 (Macintosh; Intel Mac OS X 10_15_7) AppleWebKit/537.36 (KHTML, like Gecko) Chrome/133.0.0.0 Safari/537.36"
162.0.217.198 - - [20/Feb/2025:08:07:24 -0500] "POST /wp-admin/admin-ajax.php?action=async_litespeed&nonce=DbTGIRT1fFDrFN2knIVPSaPhizAiJp49&litespeed_type=imgoptm HTTP/1.1" 200 21 "-" "WordPress/6.7.2; https://heyseo.ai"
162.0.217.198 - - [20/Feb/2025:08:07:34 -0500] "POST /wp-cron.php?doing_wp_cron=1740056854.2481510639190673828125 HTTP/1.1" 200 0 "-" "WordPress/6.7.2; https://heyseo.ai"
5.28.89.133 - - [20/Feb/2025:08:07:34 -0500] "POST /wp-admin/admin-ajax.php HTTP/1.1" 200 98 "https://heyseo.ai/wp-admin/post.php?post=1173&action=edit" "Mozilla/5.0 (Macintosh; Intel Mac OS X 10_15_7) AppleWebKit/537.36 (KHTML, like Gecko) Chrome/133.0.0.0 Safari/537.36"
162.0.217.198 - - [20/Feb/2025:08:08:42 -0500] "POST /wp-cron.php?doing_wp_cron=1740056922.6988780498504638671875 HTTP/1.1" 200 0 "-" "WordPress/6.7.2; https://heyseo.ai"
5.28.89.133 - - [20/Feb/2025:08:08:42 -0500] "POST /wp-admin/admin-ajax.php HTTP/1.1" 200 98 "https://heyseo.ai/wp-admin/post.php?post=1173&action=edit" "Mozilla/5.0 (Macintosh; Intel Mac OS X 10_15_7) AppleWebKit/537.36 (KHTML, like Gecko) Chrome/133.0.0.0 Safari/537.36"
162.0.217.198 - - [20/Feb/2025:08:08:42 -0500] "POST /wp-admin/admin-ajax.php?action=async_litespeed&nonce=WAVLqdS1RlYMKpaB6kjSvul3ITNlaFsu&litespeed_type=imgoptm HTTP/1.1" 200 21 "-" "WordPress/6.7.2; https://heyseo.ai"
5.28.89.133 - - [20/Feb/2025:08:08:52 -0500] "POST /wp-admin/admin-ajax.php HTTP/1.1" 200 98 "https://heyseo.ai/wp-admin/post.php?post=1173&action=edit" "Mozilla/5.0 (Macintosh; Intel Mac OS X 10_15_7) AppleWebKit/537.36 (KHTML, like Gecko) Chrome/133.0.0.0 Safari/537.36"
162.0.217.198 - - [20/Feb/2025:08:09:03 -0500] "POST /wp-cron.php?doing_wp_cron=1740056943.3311889171600341796875 HTTP/1.1" 200 0 "-" "WordPress/6.7.2; https://heyseo.ai"
5.28.89.133 - - [20/Feb/2025:08:09:03 -0500] "POST /wp-admin/admin-ajax.php HTTP/1.1" 200 98 "https://heyseo.ai/wp-admin/post.php?post=1173&action=edit" "Mozilla/5.0 (Macintosh; Intel Mac OS X 10_15_7) AppleWebKit/537.36 (KHTML, like Gecko) Chrome/133.0.0.0 Safari/537.36"
5.28.89.133 - - [20/Feb/2025:08:09:05 -0500] "OPTIONS /wp-json/wp/v2/pages/?context=edit&lang=de&_locale=user HTTP/1.1" 200 12936 "https://heyseo.ai/wp-admin/post.php?post=1173&action=edit" "Mozilla/5.0 (Macintosh; Intel Mac OS X 10_15_7) AppleWebKit/537.36 (KHTML, like Gecko) Chrome/133.0.0.0 Safari/537.36"
5.28.89.133 - - [20/Feb/2025:08:09:13 -0500] "POST /wp-admin/admin-ajax.php HTTP/1.1" 200 98 "https://heyseo.ai/wp-admin/post.php?post=1173&action=edit" "Mozilla/5.0 (Macintosh; Intel Mac OS X 10_15_7) AppleWebKit/537.36 (KHTML, like Gecko) Chrome/133.0.0.0 Safari/537.36"
162.0.217.198 - - [20/Feb/2025:08:09:24 -0500] "POST /wp-cron.php?doing_wp_cron=1740056964.2208220958709716796875 HTTP/1.1" 200 0 "-" "WordPress/6.7.2; https://heyseo.ai"
5.28.89.133 - - [20/Feb/2025:08:09:24 -0500] "POST /wp-admin/admin-ajax.php HTTP/1.1" 200 98 "https://heyseo.ai/wp-admin/post.php?post=1173&action=edit" "Mozilla/5.0 (Macintosh; Intel Mac OS X 10_15_7) AppleWebKit/537.36 (KHTML, like Gecko) Chrome/133.0.0.0 Safari/537.36"
162.0.217.198 - - [20/Feb/2025:08:09:24 -0500] "POST /wp-admin/admin-ajax.php?action=async_litespeed&nonce=nSjczesuc54zTTGwBXET6ZTOCx1on4xH&litespeed_type=imgoptm HTTP/1.1" 200 21 "-" "WordPress/6.7.2; https://heyseo.ai"
162.0.217.198 - - [20/Feb/2025:08:09:35 -0500] "POST /wp-cron.php?doing_wp_cron=1740056975.2219569683074951171875 HTTP/1.1" 200 0 "-" "WordPress/6.7.2; https://heyseo.ai"
5.28.89.133 - - [20/Feb/2025:08:09:35 -0500] "POST /wp-admin/admin-ajax.php HTTP/1.1" 200 98 "https://heyseo.ai/wp-admin/post.php?post=1173&action=edit" "Mozilla/5.0 (Macintosh; Intel Mac OS X 10_15_7) AppleWebKit/537.36 (KHTML, like Gecko) Chrome/133.0.0.0 Safari/537.36"
5.28.89.133 - - [20/Feb/2025:08:09:45 -0500] "POST /wp-admin/admin-ajax.php HTTP/1.1" 200 98 "https://heyseo.ai/wp-admin/post.php?post=1173&action=edit" "Mozilla/5.0 (Macintosh; Intel Mac OS X 10_15_7) AppleWebKit/537.36 (KHTML, like Gecko) Chrome/133.0.0.0 Safari/537.36"
5.28.89.133 - - [20/Feb/2025:08:09:54 -0500] "POST /wp-json/wp/v2/pages/1173/autosaves?_locale=user HTTP/1.1" 200 32944 "https://heyseo.ai/wp-admin/post.php?post=1173&action=edit" "Mozilla/5.0 (Macintosh; Intel Mac OS X 10_15_7) AppleWebKit/537.36 (KHTML, like Gecko) Chrome/133.0.0.0 Safari/537.36"
5.28.89.133 - - [20/Feb/2025:08:09:55 -0500] "POST /wp-admin/admin-ajax.php HTTP/1.1" 200 98 "https://heyseo.ai/wp-admin/post.php?post=1173&action=edit" "Mozilla/5.0 (Macintosh; Intel Mac OS X 10_15_7) AppleWebKit/537.36 (KHTML, like Gecko) Chrome/133.0.0.0 Safari/537.36"
162.0.217.198 - - [20/Feb/2025:08:10:06 -0500] "POST /wp-cron.php?doing_wp_cron=1740057006.0813970565795898437500 HTTP/1.1" 200 0 "-" "WordPress/6.7.2; https://heyseo.ai"
5.28.89.133 - - [20/Feb/2025:08:10:05 -0500] "POST /wp-admin/admin-ajax.php HTTP/1.1" 200 98 "https://heyseo.ai/wp-admin/post.php?post=1173&action=edit" "Mozilla/5.0 (Macintosh; Intel Mac OS X 10_15_7) AppleWebKit/537.36 (KHTML, like Gecko) Chrome/133.0.0.0 Safari/537.36"
162.0.217.198 - - [20/Feb/2025:08:10:15 -0500] "POST /wp-cron.php?doing_wp_cron=1740057015.3161900043487548828125 HTTP/1.1" 200 0 "-" "WordPress/6.7.2; https://heyseo.ai"
5.28.89.133 - - [20/Feb/2025:08:10:15 -0500] "POST /wp-admin/admin-ajax.php HTTP/1.1" 200 98 "https://heyseo.ai/wp-admin/post.php?post=1173&action=edit" "Mozilla/5.0 (Macintosh; Intel Mac OS X 10_15_7) AppleWebKit/537.36 (KHTML, like Gecko) Chrome/133.0.0.0 Safari/537.36"
162.0.217.198 - - [20/Feb/2025:08:10:15 -0500] "POST /wp-admin/admin-ajax.php?action=async_litespeed&nonce=LFdCp3TmFznyMEXlBKn0S2ZzX4CtxZDr&litespeed_type=imgoptm HTTP/1.1" 200 21 "-" "WordPress/6.7.2; https://heyseo.ai"
162.0.217.198 - - [20/Feb/2025:08:10:25 -0500] "POST /wp-cron.php?doing_wp_cron=1740057025.2825179100036621093750 HTTP/1.1" 200 0 "-" "WordPress/6.7.2; https://heyseo.ai"
