88.130.209.134 - - [20/Feb/2025:09:55:00 -0500] "GET /wp-content/uploads/2024/10/mb-logo.svg HTTP/1.1" 200 1465 "https://heyseo.ai/de/index/" "Mozilla/5.0 (Windows NT 10.0; Win64; x64) AppleWebKit/537.36 (KHTML, like Gecko) Chrome/133.0.0.0 Safari/537.36"
88.130.209.134 - - [20/Feb/2025:09:55:02 -0500] "GET /wp-content/uploads/2024/10/absor-logo.svg HTTP/1.1" 200 1686 "https://heyseo.ai/de/index/" "Mozilla/5.0 (Windows NT 10.0; Win64; x64) AppleWebKit/537.36 (KHTML, like Gecko) Chrome/133.0.0.0 Safari/537.36"
88.130.209.134 - - [20/Feb/2025:09:55:02 -0500] "GET /wp-content/uploads/2024/10/bsh-logo.svg HTTP/1.1" 200 1055 "https://heyseo.ai/de/index/" "Mozilla/5.0 (Windows NT 10.0; Win64; x64) AppleWebKit/537.36 (KHTML, like Gecko) Chrome/133.0.0.0 Safari/537.36"
88.130.209.134 - - [20/Feb/2025:09:55:02 -0500] "GET /wp-content/uploads/2024/10/ricoh-logo.svg HTTP/1.1" 200 2860 "https://heyseo.ai/de/index/" "Mozilla/5.0 (Windows NT 10.0; Win64; x64) AppleWebKit/537.36 (KHTML, like Gecko) Chrome/133.0.0.0 Safari/537.36"
88.130.209.134 - - [20/Feb/2025:09:55:03 -0500] "GET /wp-content/uploads/2024/10/tahiti-logo.svg HTTP/1.1" 200 2734 "https://heyseo.ai/de/index/" "Mozilla/5.0 (Windows NT 10.0; Win64; x64) AppleWebKit/537.36 (KHTML, like Gecko) Chrome/133.0.0.0 Safari/537.36"
88.130.209.134 - - [20/Feb/2025:09:55:03 -0500] "GET /wp-content/uploads/2024/10/rogue-logo.svg HTTP/1.1" 200 1233 "https://heyseo.ai/de/index/" "Mozilla/5.0 (Windows NT 10.0; Win64; x64) AppleWebKit/537.36 (KHTML, like Gecko) Chrome/133.0.0.0 Safari/537.36"
88.130.209.134 - - [20/Feb/2025:09:55:03 -0500] "GET /wp-content/uploads/2024/10/gb-logo-240x105.png HTTP/1.1" 200 5860 "https://heyseo.ai/de/index/" "Mozilla/5.0 (Windows NT 10.0; Win64; x64) AppleWebKit/537.36 (KHTML, like Gecko) Chrome/133.0.0.0 Safari/537.36"
88.130.209.134 - - [20/Feb/2025:09:55:03 -0500] "GET /wp-content/uploads/2024/10/alao-logo.svg HTTP/1.1" 200 751 "https://heyseo.ai/de/index/" "Mozilla/5.0 (Windows NT 10.0; Win64; x64) AppleWebKit/537.36 (KHTML, like Gecko) Chrome/133.0.0.0 Safari/537.36"
88.130.209.134 - - [20/Feb/2025:09:55:03 -0500] "GET /wp-content/uploads/2024/10/spartoo-logo.svg HTTP/1.1" 200 3098 "https://heyseo.ai/de/index/" "Mozilla/5.0 (Windows NT 10.0; Win64; x64) AppleWebKit/537.36 (KHTML, like Gecko) Chrome/133.0.0.0 Safari/537.36"
88.130.209.134 - - [20/Feb/2025:09:55:03 -0500] "GET /wp-content/uploads/2024/10/ras-logo.svg HTTP/1.1" 200 2643 "https://heyseo.ai/de/index/" "Mozilla/5.0 (Windows NT 10.0; Win64; x64) AppleWebKit/537.36 (KHTML, like Gecko) Chrome/133.0.0.0 Safari/537.36"
88.130.209.134 - - [20/Feb/2025:09:55:03 -0500] "GET /wp-content/uploads/2025/02/twotickets-240x119.png HTTP/1.1" 200 3849 "https://heyseo.ai/de/index/" "Mozilla/5.0 (Windows NT 10.0; Win64; x64) AppleWebKit/537.36 (KHTML, like Gecko) Chrome/133.0.0.0 Safari/537.36"
88.130.209.134 - - [20/Feb/2025:09:55:03 -0500] "GET /wp-content/uploads/2025/02/logo-Teezily-Plus-e1739188713649-240x100.png HTTP/1.1" 200 11990 "https://heyseo.ai/de/index/" "Mozilla/5.0 (Windows NT 10.0; Win64; x64) AppleWebKit/537.36 (KHTML, like Gecko) Chrome/133.0.0.0 Safari/537.36"
88.130.209.134 - - [20/Feb/2025:09:55:03 -0500] "GET /wp-content/uploads/2025/02/thrive-e1739188756965-240x79.png HTTP/1.1" 200 3062 "https://heyseo.ai/de/index/" "Mozilla/5.0 (Windows NT 10.0; Win64; x64) AppleWebKit/537.36 (KHTML, like Gecko) Chrome/133.0.0.0 Safari/537.36"
88.130.209.134 - - [20/Feb/2025:09:55:03 -0500] "GET /wp-content/uploads/2025/02/catchbox.jpeg HTTP/1.1" 200 11176 "https://heyseo.ai/de/index/" "Mozilla/5.0 (Windows NT 10.0; Win64; x64) AppleWebKit/537.36 (KHTML, like Gecko) Chrome/133.0.0.0 Safari/537.36"
88.130.209.134 - - [20/Feb/2025:09:55:03 -0500] "GET /wp-content/uploads/2025/02/feather-insurance-logo-copy-e1739188630813-240x86.png HTTP/1.1" 200 5047 "https://heyseo.ai/de/index/" "Mozilla/5.0 (Windows NT 10.0; Win64; x64) AppleWebKit/537.36 (KHTML, like Gecko) Chrome/133.0.0.0 Safari/537.36"
88.130.209.134 - - [20/Feb/2025:09:55:03 -0500] "GET /wp-content/uploads/2025/02/monospace-240x17.png HTTP/1.1" 200 2839 "https://heyseo.ai/de/index/" "Mozilla/5.0 (Windows NT 10.0; Win64; x64) AppleWebKit/537.36 (KHTML, like Gecko) Chrome/133.0.0.0 Safari/537.36"
88.130.209.134 - - [20/Feb/2025:09:55:03 -0500] "GET /wp-content/uploads/2025/02/plannet-240x119.jpg HTTP/1.1" 200 3080 "https://heyseo.ai/de/index/" "Mozilla/5.0 (Windows NT 10.0; Win64; x64) AppleWebKit/537.36 (KHTML, like Gecko) Chrome/133.0.0.0 Safari/537.36"
88.130.209.134 - - [20/Feb/2025:09:55:03 -0500] "GET /wp-content/uploads/2024/10/piero-e1739209329614.jpeg HTTP/1.1" 200 4199 "https://heyseo.ai/de/index/" "Mozilla/5.0 (Windows NT 10.0; Win64; x64) AppleWebKit/537.36 (KHTML, like Gecko) Chrome/133.0.0.0 Safari/537.36"
88.130.209.134 - - [20/Feb/2025:09:55:03 -0500] "GET /wp-content/uploads/2025/02/independent-240x69.png HTTP/1.1" 200 4384 "https://heyseo.ai/de/index/" "Mozilla/5.0 (Windows NT 10.0; Win64; x64) AppleWebKit/537.36 (KHTML, like Gecko) Chrome/133.0.0.0 Safari/537.36"
88.130.209.134 - - [20/Feb/2025:09:55:03 -0500] "GET /wp-content/uploads/2025/02/spiced.png HTTP/1.1" 200 5506 "https://heyseo.ai/de/index/" "Mozilla/5.0 (Windows NT 10.0; Win64; x64) AppleWebKit/537.36 (KHTML, like Gecko) Chrome/133.0.0.0 Safari/537.36"
88.130.209.134 - - [20/Feb/2025:09:55:03 -0500] "GET /wp-content/uploads/2025/02/dbs.jpg HTTP/1.1" 200 12795 "https://heyseo.ai/de/index/" "Mozilla/5.0 (Windows NT 10.0; Win64; x64) AppleWebKit/537.36 (KHTML, like Gecko) Chrome/133.0.0.0 Safari/537.36"
88.130.209.134 - - [20/Feb/2025:09:55:03 -0500] "GET /wp-content/uploads/2024/10/tim-pohlmann-240x240.jpeg HTTP/1.1" 200 7598 "https://heyseo.ai/de/index/" "Mozilla/5.0 (Windows NT 10.0; Win64; x64) AppleWebKit/537.36 (KHTML, like Gecko) Chrome/133.0.0.0 Safari/537.36"
88.130.209.134 - - [20/Feb/2025:09:55:03 -0500] "GET /wp-content/uploads/2024/10/amandine-240x240.jpeg HTTP/1.1" 200 8709 "https://heyseo.ai/de/index/" "Mozilla/5.0 (Windows NT 10.0; Win64; x64) AppleWebKit/537.36 (KHTML, like Gecko) Chrome/133.0.0.0 Safari/537.36"
88.130.209.134 - - [20/Feb/2025:09:55:03 -0500] "GET /wp-content/uploads/2024/10/joy-corkery-240x240.jpeg HTTP/1.1" 200 13466 "https://heyseo.ai/de/index/" "Mozilla/5.0 (Windows NT 10.0; Win64; x64) AppleWebKit/537.36 (KHTML, like Gecko) Chrome/133.0.0.0 Safari/537.36"
88.130.209.134 - - [20/Feb/2025:09:55:03 -0500] "GET /wp-content/uploads/2024/10/hen-drik-240x240.jpeg HTTP/1.1" 200 8503 "https://heyseo.ai/de/index/" "Mozilla/5.0 (Windows NT 10.0; Win64; x64) AppleWebKit/537.36 (KHTML, like Gecko) Chrome/133.0.0.0 Safari/537.36"
88.130.209.134 - - [20/Feb/2025:09:55:03 -0500] "GET /wp-content/uploads/2024/10/paul-240x240.jpeg HTTP/1.1" 200 6279 "https://heyseo.ai/de/index/" "Mozilla/5.0 (Windows NT 10.0; Win64; x64) AppleWebKit/537.36 (KHTML, like Gecko) Chrome/133.0.0.0 Safari/537.36"
88.130.209.134 - - [20/Feb/2025:09:55:03 -0500] "GET /wp-content/uploads/2024/10/christina.jpeg HTTP/1.1" 200 12553 "https://heyseo.ai/de/index/" "Mozilla/5.0 (Windows NT 10.0; Win64; x64) AppleWebKit/537.36 (KHTML, like Gecko) Chrome/133.0.0.0 Safari/537.36"
88.130.209.134 - - [20/Feb/2025:09:55:03 -0500] "GET /wp-content/uploads/2024/10/rich.jpeg HTTP/1.1" 200 7658 "https://heyseo.ai/de/index/" "Mozilla/5.0 (Windows NT 10.0; Win64; x64) AppleWebKit/537.36 (KHTML, like Gecko) Chrome/133.0.0.0 Safari/537.36"
88.130.209.134 - - [20/Feb/2025:09:55:03 -0500] "GET /wp-content/uploads/2024/10/ai-sparkle.svg HTTP/1.1" 200 827 "https://heyseo.ai/de/index/" "Mozilla/5.0 (Windows NT 10.0; Win64; x64) AppleWebKit/537.36 (KHTML, like Gecko) Chrome/133.0.0.0 Safari/537.36"
88.130.209.134 - - [20/Feb/2025:09:55:03 -0500] "GET /wp-content/uploads/2025/02/Screenshot-2025-02-06-at-17.52.22-480x200.png HTTP/1.1" 200 34473 "https://heyseo.ai/de/index/" "Mozilla/5.0 (Windows NT 10.0; Win64; x64) AppleWebKit/537.36 (KHTML, like Gecko) Chrome/133.0.0.0 Safari/537.36"
88.130.209.134 - - [20/Feb/2025:09:55:06 -0500] "GET /wp-content/uploads/2024/10/gb-logo.png HTTP/1.1" 200 16396 "https://heyseo.ai/de/index/" "Mozilla/5.0 (Windows NT 10.0; Win64; x64) AppleWebKit/537.36 (KHTML, like Gecko) Chrome/133.0.0.0 Safari/537.36"
88.130.209.134 - - [20/Feb/2025:09:55:06 -0500] "GET /wp-content/uploads/2025/02/logo-Teezily-Plus-e1739188713649.png HTTP/1.1" 200 30256 "https://heyseo.ai/de/index/" "Mozilla/5.0 (Windows NT 10.0; Win64; x64) AppleWebKit/537.36 (KHTML, like Gecko) Chrome/133.0.0.0 Safari/537.36"
88.130.209.134 - - [20/Feb/2025:09:55:06 -0500] "GET /wp-content/uploads/2025/02/twotickets.png HTTP/1.1" 200 9052 "https://heyseo.ai/de/index/" "Mozilla/5.0 (Windows NT 10.0; Win64; x64) AppleWebKit/537.36 (KHTML, like Gecko) Chrome/133.0.0.0 Safari/537.36"
88.130.209.134 - - [20/Feb/2025:09:55:06 -0500] "GET /wp-content/uploads/2025/02/feather-insurance-logo-copy-960x400.png HTTP/1.1" 200 15928 "https://heyseo.ai/de/index/" "Mozilla/5.0 (Windows NT 10.0; Win64; x64) AppleWebKit/537.36 (KHTML, like Gecko) Chrome/133.0.0.0 Safari/537.36"
88.130.209.134 - - [20/Feb/2025:09:55:06 -0500] "GET /wp-content/uploads/2025/02/thrive-e1739188756965.png HTTP/1.1" 200 3137 "https://heyseo.ai/de/index/" "Mozilla/5.0 (Windows NT 10.0; Win64; x64) AppleWebKit/537.36 (KHTML, like Gecko) Chrome/133.0.0.0 Safari/537.36"
88.130.209.134 - - [20/Feb/2025:09:55:06 -0500] "GET /wp-content/uploads/2025/02/plannet.jpg HTTP/1.1" 200 7642 "https://heyseo.ai/de/index/" "Mozilla/5.0 (Windows NT 10.0; Win64; x64) AppleWebKit/537.36 (KHTML, like Gecko) Chrome/133.0.0.0 Safari/537.36"
88.130.209.134 - - [20/Feb/2025:09:55:07 -0500] "GET /wp-content/uploads/2025/02/monospace.png HTTP/1.1" 200 4425 "https://heyseo.ai/de/index/" "Mozilla/5.0 (Windows NT 10.0; Win64; x64) AppleWebKit/537.36 (KHTML, like Gecko) Chrome/133.0.0.0 Safari/537.36"
88.130.209.134 - - [20/Feb/2025:09:55:07 -0500] "GET /wp-content/uploads/2025/02/independent.png HTTP/1.1" 200 6494 "https://heyseo.ai/de/index/" "Mozilla/5.0 (Windows NT 10.0; Win64; x64) AppleWebKit/537.36 (KHTML, like Gecko) Chrome/133.0.0.0 Safari/537.36"
88.130.209.134 - - [20/Feb/2025:09:55:08 -0500] "GET /wp-content/uploads/2024/10/tim-pohlmann-e1739209398771.jpeg HTTP/1.1" 200 2236 "https://heyseo.ai/de/index/" "Mozilla/5.0 (Windows NT 10.0; Win64; x64) AppleWebKit/537.36 (KHTML, like Gecko) Chrome/133.0.0.0 Safari/537.36"
88.130.209.134 - - [20/Feb/2025:09:55:08 -0500] "GET /wp-content/uploads/2024/10/joy-corkery-e1739209493535.jpeg HTTP/1.1" 200 2969 "https://heyseo.ai/de/index/" "Mozilla/5.0 (Windows NT 10.0; Win64; x64) AppleWebKit/537.36 (KHTML, like Gecko) Chrome/133.0.0.0 Safari/537.36"
88.130.209.134 - - [20/Feb/2025:09:55:08 -0500] "GET /wp-content/uploads/2024/10/amandine-e1739209513727.jpeg HTTP/1.1" 200 2865 "https://heyseo.ai/de/index/" "Mozilla/5.0 (Windows NT 10.0; Win64; x64) AppleWebKit/537.36 (KHTML, like Gecko) Chrome/133.0.0.0 Safari/537.36"
88.130.209.134 - - [20/Feb/2025:09:55:14 -0500] "GET /wp-content/uploads/2025/02/Screenshot-2025-02-06-at-17.52.22.png HTTP/1.1" 200 63218 "https://heyseo.ai/de/index/" "Mozilla/5.0 (Windows NT 10.0; Win64; x64) AppleWebKit/537.36 (KHTML, like Gecko) Chrome/133.0.0.0 Safari/537.36"
88.130.209.134 - - [20/Feb/2025:09:55:29 -0500] "GET /impressum/ HTTP/1.1" 304 0 "https://heyseo.ai/de/index/" "Mozilla/5.0 (Windows NT 10.0; Win64; x64) AppleWebKit/537.36 (KHTML, like Gecko) Chrome/133.0.0.0 Safari/537.36"
72.14.201.9 - - [20/Feb/2025:09:55:43 -0500] "GET /de/index/ HTTP/1.1" 200 36089 "https://www.google.com/" "Mozilla/5.0 (Windows NT 10.0; Win64; x64) AppleWebKit/537.36 (KHTML, like Gecko) Chrome/133.0.0.0 Safari/537.36"
72.14.201.9 - - [20/Feb/2025:09:55:44 -0500] "GET /de/seo-freelancer HTTP/1.1" 301 0 "https://www.google.com/" "Mozilla/5.0 (Windows NT 10.0; Win64; x64) AppleWebKit/537.36 (KHTML, like Gecko) Chrome/133.0.0.0 Safari/537.36"
72.14.201.9 - - [20/Feb/2025:09:55:44 -0500] "GET /de/seo-freelancer-in-berlin/ HTTP/1.1" 200 30376 "https://www.google.com/" "Mozilla/5.0 (Windows NT 10.0; Win64; x64) AppleWebKit/537.36 (KHTML, like Gecko) Chrome/133.0.0.0 Safari/537.36"
162.0.217.198 - - [20/Feb/2025:09:57:44 -0500] "POST /wp-cron.php?doing_wp_cron=1740063464.0990860462188720703125 HTTP/1.1" 200 0 "-" "WordPress/6.7.2; https://heyseo.ai"
5.28.89.133 - - [20/Feb/2025:09:57:40 -0500] "GET /wp-login.php HTTP/1.1" 200 2795 "-" "Mozilla/5.0 (Macintosh; Intel Mac OS X 10_15_7) AppleWebKit/537.36 (KHTML, like Gecko) Chrome/133.0.0.0 Safari/537.36"
162.0.217.198 - - [20/Feb/2025:09:57:44 -0500] "POST /wp-admin/admin-ajax.php?action=async_litespeed&nonce=Rhib90IGlulrZRoLwWOt6nu7D4cIbUgw&litespeed_type=imgoptm HTTP/1.1" 200 0 "-" "WordPress/6.7.2; https://heyseo.ai"
5.28.89.133 - - [20/Feb/2025:09:57:51 -0500] "POST /wp-login.php HTTP/1.1" 302 0 "https://heyseo.ai/wp-login.php" "Mozilla/5.0 (Macintosh; Intel Mac OS X 10_15_7) AppleWebKit/537.36 (KHTML, like Gecko) Chrome/133.0.0.0 Safari/537.36"
5.28.89.133 - - [20/Feb/2025:09:57:51 -0500] "GET /wp-admin/ HTTP/1.1" 200 35222 "https://heyseo.ai/wp-login.php" "Mozilla/5.0 (Macintosh; Intel Mac OS X 10_15_7) AppleWebKit/537.36 (KHTML, like Gecko) Chrome/133.0.0.0 Safari/537.36"
5.28.89.133 - - [20/Feb/2025:09:57:53 -0500] "GET /wp-json/wp/v2/ HTTP/1.1" 200 172653 "https://heyseo.ai/wp-admin/" "Mozilla/5.0 (Macintosh; Intel Mac OS X 10_15_7) AppleWebKit/537.36 (KHTML, like Gecko) Chrome/133.0.0.0 Safari/537.36"
5.28.89.133 - - [20/Feb/2025:09:57:53 -0500] "GET /wp-json/yoast/v1/statistics HTTP/1.1" 200 336 "https://heyseo.ai/wp-admin/" "Mozilla/5.0 (Macintosh; Intel Mac OS X 10_15_7) AppleWebKit/537.36 (KHTML, like Gecko) Chrome/133.0.0.0 Safari/537.36"
162.0.217.198 - - [20/Feb/2025:09:58:02 -0500] "POST /wp-cron.php?doing_wp_cron=1740063482.3893890380859375000000 HTTP/1.1" 200 0 "-" "WordPress/6.7.2; https://heyseo.ai"
5.28.89.133 - - [20/Feb/2025:09:58:01 -0500] "GET /wp-admin/theme-editor.php HTTP/1.1" 200 23424 "https://heyseo.ai/wp-admin/" "Mozilla/5.0 (Macintosh; Intel Mac OS X 10_15_7) AppleWebKit/537.36 (KHTML, like Gecko) Chrome/133.0.0.0 Safari/537.36"
5.28.89.133 - - [20/Feb/2025:09:58:08 -0500] "GET /wp-admin/theme-editor.php?file=header.php&theme=heyseo-v1.2 HTTP/1.1" 200 25749 "https://heyseo.ai/wp-admin/theme-editor.php" "Mozilla/5.0 (Macintosh; Intel Mac OS X 10_15_7) AppleWebKit/537.36 (KHTML, like Gecko) Chrome/133.0.0.0 Safari/537.36"
162.0.217.198 - - [20/Feb/2025:09:59:10 -0500] "POST /wp-cron.php?doing_wp_cron=1740063550.7114889621734619140625 HTTP/1.1" 200 0 "-" "WordPress/6.7.2; https://heyseo.ai"
162.0.217.198 - - [20/Feb/2025:09:59:10 -0500] "POST /wp-admin/admin-ajax.php?action=async_litespeed&nonce=q4MQTeTfey8cT4nU6aCefYAaZRlwhnBe&litespeed_type=imgoptm HTTP/1.1" 200 21 "-" "WordPress/6.7.2; https://heyseo.ai"
162.0.217.198 - - [20/Feb/2025:09:59:10 -0500] "POST /wp-admin/admin-ajax.php?action=as_async_request_queue_runner&nonce=951bf18162 HTTP/1.1" 200 0 "-" "WordPress/6.7.2; https://heyseo.ai"
5.28.89.133 - - [20/Feb/2025:09:59:10 -0500] "POST /wp-admin/admin-ajax.php HTTP/1.1" 200 47 "https://heyseo.ai/wp-admin/theme-editor.php?file=header.php&theme=heyseo-v1.2" "Mozilla/5.0 (Macintosh; Intel Mac OS X 10_15_7) AppleWebKit/537.36 (KHTML, like Gecko) Chrome/133.0.0.0 Safari/537.36"
162.0.217.198 - - [20/Feb/2025:09:59:24 -0500] "POST /wp-cron.php?doing_wp_cron=1740063564.6727230548858642578125 HTTP/1.1" 200 0 "-" "WordPress/6.7.2; https://heyseo.ai"
162.0.217.198 - - [20/Feb/2025:09:59:24 -0500] "POST /wp-admin/admin-ajax.php?action=async_litespeed&nonce=QekKtZ2CIr79BHeiJq2Os1r9XzmAevBR&litespeed_type=imgoptm HTTP/1.1" 200 21 "-" "WordPress/6.7.2; https://heyseo.ai"
162.0.217.198 - - [20/Feb/2025:09:59:24 -0500] "GET /wp-admin/theme-editor.php?theme=heyseo-v1.2&file=header.php&wp_scrape_key=465d89b9e7fb3c771c3d217e37dc8a34&wp_scrape_nonce=290356751 HTTP/1.1" 200 30080 "-" "WordPress/6.7.2; https://heyseo.ai"
162.0.217.198 - - [20/Feb/2025:09:59:25 -0500] "GET /?wp_scrape_key=465d89b9e7fb3c771c3d217e37dc8a34&wp_scrape_nonce=290356751 HTTP/1.1" 200 42522 "-" "WordPress/6.7.2; https://heyseo.ai"
5.28.89.133 - - [20/Feb/2025:09:59:24 -0500] "POST /wp-admin/admin-ajax.php HTTP/1.1" 200 63 "https://heyseo.ai/wp-admin/theme-editor.php?file=header.php&theme=heyseo-v1.2" "Mozilla/5.0 (Macintosh; Intel Mac OS X 10_15_7) AppleWebKit/537.36 (KHTML, like Gecko) Chrome/133.0.0.0 Safari/537.36"
162.0.217.198 - - [20/Feb/2025:10:00:10 -0500] "POST /wp-cron.php?doing_wp_cron=1740063610.8013169765472412109375 HTTP/1.1" 200 0 "-" "WordPress/6.7.2; https://heyseo.ai"
5.28.89.133 - - [20/Feb/2025:10:00:10 -0500] "POST /wp-admin/admin-ajax.php HTTP/1.1" 200 47 "https://heyseo.ai/wp-admin/theme-editor.php?file=header.php&theme=heyseo-v1.2" "Mozilla/5.0 (Macintosh; Intel Mac OS X 10_15_7) AppleWebKit/537.36 (KHTML, like Gecko) Chrome/133.0.0.0 Safari/537.36"
88.130.209.134 - - [20/Feb/2025:10:00:31 -0500] "GET / HTTP/1.1" 200 30727 "-" "Mozilla/5.0 (Windows NT 10.0; Win64; x64) AppleWebKit/537.36 (KHTML, like Gecko) Chrome/133.0.0.0 Safari/537.36"
88.130.209.134 - - [20/Feb/2025:10:00:33 -0500] "GET /wp-content/uploads/2025/02/Screenshot-2025-02-20-at-12.35.52-480x358.png HTTP/1.1" 200 32013 "https://heyseo.ai/" "Mozilla/5.0 (Windows NT 10.0; Win64; x64) AppleWebKit/537.36 (KHTML, like Gecko) Chrome/133.0.0.0 Safari/537.36"
162.0.217.198 - - [20/Feb/2025:10:01:51 -0500] "POST /wp-cron.php?doing_wp_cron=1740063711.2412788867950439453125 HTTP/1.1" 200 0 "-" "WordPress/6.7.2; https://heyseo.ai"
43.153.96.79 - - [20/Feb/2025:10:01:46 -0500] "GET /de/seo-berlin/ HTTP/1.1" 200 35574 "-" "Mozilla/5.0 (iPhone; CPU iPhone OS 13_2_3 like Mac OS X) AppleWebKit/605.1.15 (KHTML, like Gecko) Version/13.0.3 Mobile/15E148 Safari/604.1"
162.0.217.198 - - [20/Feb/2025:10:01:51 -0500] "POST /wp-admin/admin-ajax.php?action=async_litespeed&nonce=nD73qdE8NdMXYfsZS1xwFYqthL4Cdtvt&litespeed_type=imgoptm HTTP/1.1" 200 0 "-" "WordPress/6.7.2; https://heyseo.ai"
162.0.217.198 - - [20/Feb/2025:10:02:10 -0500] "POST /wp-cron.php?doing_wp_cron=1740063730.3679659366607666015625 HTTP/1.1" 200 0 "-" "WordPress/6.7.2; https://heyseo.ai"
5.28.89.133 - - [20/Feb/2025:10:02:10 -0500] "POST /wp-admin/admin-ajax.php HTTP/1.1" 200 47 "https://heyseo.ai/wp-admin/theme-editor.php?file=header.php&theme=heyseo-v1.2" "Mozilla/5.0 (Macintosh; Intel Mac OS X 10_15_7) AppleWebKit/537.36 (KHTML, like Gecko) Chrome/133.0.0.0 Safari/537.36"
66.249.74.9 - - [20/Feb/2025:10:02:10 -0500] "GET /streamlit-example/ HTTP/1.1" 200 30060 "-" "Mozilla/5.0 (Linux; Android 6.0.1; Nexus 5X Build/MMB29P) AppleWebKit/537.36 (KHTML, like Gecko) Chrome/133.0.6943.53 Mobile Safari/537.36 (compatible; GoogleOther)"
162.0.217.198 - - [20/Feb/2025:10:03:11 -0500] "POST /wp-cron.php?doing_wp_cron=1740063790.9725909233093261718750 HTTP/1.1" 200 0 "-" "WordPress/6.7.2; https://heyseo.ai"
5.28.89.133 - - [20/Feb/2025:10:03:10 -0500] "POST /wp-admin/admin-ajax.php HTTP/1.1" 200 47 "https://heyseo.ai/wp-admin/theme-editor.php?file=header.php&theme=heyseo-v1.2" "Mozilla/5.0 (Macintosh; Intel Mac OS X 10_15_7) AppleWebKit/537.36 (KHTML, like Gecko) Chrome/133.0.0.0 Safari/537.36"
162.0.217.198 - - [20/Feb/2025:10:03:11 -0500] "POST /wp-admin/admin-ajax.php?action=async_litespeed&nonce=pG74FQ44DhYMmQH0dCblkAHCphqlnVrH&litespeed_type=imgoptm HTTP/1.1" 200 21 "-" "WordPress/6.7.2; https://heyseo.ai"
162.0.217.198 - - [20/Feb/2025:10:04:10 -0500] "POST /wp-cron.php?doing_wp_cron=1740063850.6000139713287353515625 HTTP/1.1" 200 0 "-" "WordPress/6.7.2; https://heyseo.ai"
5.28.89.133 - - [20/Feb/2025:10:04:10 -0500] "POST /wp-admin/admin-ajax.php HTTP/1.1" 200 47 "https://heyseo.ai/wp-admin/theme-editor.php?file=header.php&theme=heyseo-v1.2" "Mozilla/5.0 (Macintosh; Intel Mac OS X 10_15_7) AppleWebKit/537.36 (KHTML, like Gecko) Chrome/133.0.0.0 Safari/537.36"
162.0.217.198 - - [20/Feb/2025:10:04:10 -0500] "POST /wp-admin/admin-ajax.php?action=async_litespeed&nonce=NUK96gUmJGCgO8TnqgrjBYwM3ZHJ77um&litespeed_type=imgoptm HTTP/1.1" 200 21 "-" "WordPress/6.7.2; https://heyseo.ai"
5.28.89.133 - - [20/Feb/2025:10:06:04 -0500] "GET / HTTP/1.1" 200 30727 "-" "Mozilla/5.0 (Macintosh; Intel Mac OS X 10_15_7) AppleWebKit/537.36 (KHTML, like Gecko) Chrome/133.0.0.0 Safari/537.36"
5.28.89.133 - - [20/Feb/2025:10:06:04 -0500] "GET /wp-content/uploads/2025/02/Screenshot-2025-02-20-at-12.35.52-480x358.png HTTP/1.1" 200 32013 "https://heyseo.ai/" "Mozilla/5.0 (Macintosh; Intel Mac OS X 10_15_7) AppleWebKit/537.36 (KHTML, like Gecko) Chrome/133.0.0.0 Safari/537.36"
162.0.217.198 - - [20/Feb/2025:10:06:15 -0500] "POST /wp-cron.php?doing_wp_cron=1740063975.3304889202117919921875 HTTP/1.1" 200 0 "-" "WordPress/6.7.2; https://heyseo.ai"
5.28.89.133 - - [20/Feb/2025:10:06:10 -0500] "POST /wp-admin/admin-ajax.php HTTP/1.1" 200 47 "https://heyseo.ai/wp-admin/theme-editor.php?file=header.php&theme=heyseo-v1.2" "Mozilla/5.0 (Macintosh; Intel Mac OS X 10_15_7) AppleWebKit/537.36 (KHTML, like Gecko) Chrome/133.0.0.0 Safari/537.36"
162.0.217.198 - - [20/Feb/2025:10:06:16 -0500] "POST /wp-admin/admin-ajax.php?action=async_litespeed&nonce=CTVkIpjQOFYZFNOZt4UFKUjlAYdWar4h&litespeed_type=imgoptm HTTP/1.1" 200 21 "-" "WordPress/6.7.2; https://heyseo.ai"
87.236.176.30 - - [20/Feb/2025:10:07:30 -0500] "GET / HTTP/1.1" 200 40952 "https://seoberlino.com/" "Mozilla/5.0 (compatible; InternetMeasurement/1.0; +https://internet-measurement.com/)"
185.247.137.58 - - [20/Feb/2025:10:07:31 -0500] "GET /wp-content/uploads/2025/02/cropped-heyseo-fav-180x180.png HTTP/1.1" 200 10828 "-" "Mozilla/5.0 (compatible; InternetMeasurement/1.0; +https://internet-measurement.com/)"
185.247.137.129 - - [20/Feb/2025:10:07:31 -0500] "GET /wp-content/uploads/2025/02/cropped-heyseo-fav-270x270.png HTTP/1.1" 200 17887 "-" "Mozilla/5.0 (compatible; InternetMeasurement/1.0; +https://internet-measurement.com/)"
87.236.176.39 - - [20/Feb/2025:10:07:31 -0500] "GET /wp-content/uploads/2025/02/cropped-heyseo-fav-192x192.png HTTP/1.1" 200 11736 "-" "Mozilla/5.0 (compatible; InternetMeasurement/1.0; +https://internet-measurement.com/)"
87.236.176.132 - - [20/Feb/2025:10:07:31 -0500] "GET /wp-content/themes/heyseo-v1.2/images/fav/favicon-lgx-heyseo.png HTTP/1.1" 200 4371 "-" "Mozilla/5.0 (compatible; InternetMeasurement/1.0; +https://internet-measurement.com/)"
87.236.176.3 - - [20/Feb/2025:10:07:31 -0500] "GET /wp-content/uploads/2025/02/cropped-heyseo-fav-32x32.png HTTP/1.1" 200 1360 "-" "Mozilla/5.0 (compatible; InternetMeasurement/1.0; +https://internet-measurement.com/)"
87.236.176.85 - - [20/Feb/2025:10:07:31 -0500] "GET /favicon.ico HTTP/1.1" 404 1251 "-" "Mozilla/5.0 (compatible; InternetMeasurement/1.0; +https://internet-measurement.com/)"
185.247.137.85 - - [20/Feb/2025:10:07:31 -0500] "GET /wp-content/themes/heyseo-v1.2/images/fav/favicon-smx-heyseo.png HTTP/1.1" 200 3106 "-" "Mozilla/5.0 (compatible; InternetMeasurement/1.0; +https://internet-measurement.com/)"
185.247.137.26 - - [20/Feb/2025:10:07:31 -0500] "GET /favicon.ico HTTP/1.1" 404 1251 "https://seoberlino.com/favicon.ico" "Mozilla/5.0 (compatible; InternetMeasurement/1.0; +https://internet-measurement.com/)"
159.65.219.252 - - [20/Feb/2025:10:07:32 -0500] "GET /favicon.ico HTTP/1.1" 404 1251 "-" "Mozilla/5.0 (compatible; InternetMeasurement/1.0; +https://internet-measurement.com/)"
45.55.158.168 - - [20/Feb/2025:10:07:32 -0500] "GET /favicon.ico HTTP/1.1" 404 1251 "https://seoberlino.com/favicon.ico" "Mozilla/5.0 (compatible; InternetMeasurement/1.0; +https://internet-measurement.com/)"
162.0.217.198 - - [20/Feb/2025:10:08:00 -0500] "POST /wp-cron.php?doing_wp_cron=1740064080.3622360229492187500000 HTTP/1.1" 200 0 "-" "WordPress/6.7.2; https://heyseo.ai"
5.28.89.133 - - [20/Feb/2025:10:07:56 -0500] "POST /wp-admin/admin-ajax.php HTTP/1.1" 200 47 "https://heyseo.ai/wp-admin/theme-editor.php?file=header.php&theme=heyseo-v1.2" "Mozilla/5.0 (Macintosh; Intel Mac OS X 10_15_7) AppleWebKit/537.36 (KHTML, like Gecko) Chrome/133.0.0.0 Safari/537.36"
162.0.217.198 - - [20/Feb/2025:10:08:01 -0500] "POST /wp-admin/admin-ajax.php?action=async_litespeed&nonce=WjHaGIdNG3rTlgFL2ToXqPsguOFJyfwl&litespeed_type=imgoptm HTTP/1.1" 200 21 "-" "WordPress/6.7.2; https://heyseo.ai"
162.0.217.198 - - [20/Feb/2025:10:08:57 -0500] "POST /wp-cron.php?doing_wp_cron=1740064137.2917919158935546875000 HTTP/1.1" 200 0 "-" "WordPress/6.7.2; https://heyseo.ai"
5.28.89.133 - - [20/Feb/2025:10:08:56 -0500] "POST /wp-admin/admin-ajax.php HTTP/1.1" 200 47 "https://heyseo.ai/wp-admin/theme-editor.php?file=header.php&theme=heyseo-v1.2" "Mozilla/5.0 (Macintosh; Intel Mac OS X 10_15_7) AppleWebKit/537.36 (KHTML, like Gecko) Chrome/133.0.0.0 Safari/537.36"
162.0.217.198 - - [20/Feb/2025:10:08:57 -0500] "POST /wp-admin/admin-ajax.php?action=async_litespeed&nonce=YEpmFUQC9U6WPFypwU6hBSf69KHSCyiX&litespeed_type=imgoptm HTTP/1.1" 200 21 "-" "WordPress/6.7.2; https://heyseo.ai"
162.0.217.198 - - [20/Feb/2025:10:09:57 -0500] "POST /wp-cron.php?doing_wp_cron=1740064197.1022830009460449218750 HTTP/1.1" 200 0 "-" "WordPress/6.7.2; https://heyseo.ai"
5.28.89.133 - - [20/Feb/2025:10:09:56 -0500] "POST /wp-admin/admin-ajax.php HTTP/1.1" 200 47 "https://heyseo.ai/wp-admin/theme-editor.php?file=header.php&theme=heyseo-v1.2" "Mozilla/5.0 (Macintosh; Intel Mac OS X 10_15_7) AppleWebKit/537.36 (KHTML, like Gecko) Chrome/133.0.0.0 Safari/537.36"
162.0.217.198 - - [20/Feb/2025:10:09:57 -0500] "POST /wp-admin/admin-ajax.php?action=async_litespeed&nonce=CrP1PBwscYAg5duTyN51m5OUARQAJcAz&litespeed_type=imgoptm HTTP/1.1" 200 21 "-" "WordPress/6.7.2; https://heyseo.ai"
162.0.217.198 - - [20/Feb/2025:10:10:57 -0500] "POST /wp-cron.php?doing_wp_cron=1740064257.1465818881988525390625 HTTP/1.1" 200 0 "-" "WordPress/6.7.2; https://heyseo.ai"
5.28.89.133 - - [20/Feb/2025:10:10:56 -0500] "POST /wp-admin/admin-ajax.php HTTP/1.1" 200 47 "https://heyseo.ai/wp-admin/theme-editor.php?file=header.php&theme=heyseo-v1.2" "Mozilla/5.0 (Macintosh; Intel Mac OS X 10_15_7) AppleWebKit/537.36 (KHTML, like Gecko) Chrome/133.0.0.0 Safari/537.36"
162.0.217.198 - - [20/Feb/2025:10:10:57 -0500] "POST /wp-admin/admin-ajax.php?action=async_litespeed&nonce=DkAGueXi2veZEWDrSqQR5vAGfW7elf86&litespeed_type=imgoptm HTTP/1.1" 200 21 "-" "WordPress/6.7.2; https://heyseo.ai"
162.0.217.198 - - [20/Feb/2025:10:11:44 -0500] "POST /wp-cron.php?doing_wp_cron=1740064304.9039070606231689453125 HTTP/1.1" 200 0 "-" "WordPress/6.7.2; https://heyseo.ai"
49.51.203.164 - - [20/Feb/2025:10:11:44 -0500] "GET /de/seo-audits HTTP/1.1" 301 0 "-" "Mozilla/5.0 (iPhone; CPU iPhone OS 13_2_3 like Mac OS X) AppleWebKit/605.1.15 (KHTML, like Gecko) Version/13.0.3 Mobile/15E148 Safari/604.1"
162.0.217.198 - - [20/Feb/2025:10:11:45 -0500] "POST /wp-admin/admin-ajax.php?action=async_litespeed&nonce=sw61iuRl1Kg5JGZDd0UaqiIK7Mz6oHOj&litespeed_type=imgoptm HTTP/1.1" 200 21 "-" "WordPress/6.7.2; https://heyseo.ai"
49.51.203.164 - - [20/Feb/2025:10:11:48 -0500] "GET /de/seo-audits/ HTTP/1.1" 200 37378 "https://heyseo.ai/de/seo-audits" "Mozilla/5.0 (iPhone; CPU iPhone OS 13_2_3 like Mac OS X) AppleWebKit/605.1.15 (KHTML, like Gecko) Version/13.0.3 Mobile/15E148 Safari/604.1"
162.0.217.198 - - [20/Feb/2025:10:12:57 -0500] "POST /wp-cron.php?doing_wp_cron=1740064377.2012510299682617187500 HTTP/1.1" 200 0 "-" "WordPress/6.7.2; https://heyseo.ai"
5.28.89.133 - - [20/Feb/2025:10:12:56 -0500] "POST /wp-admin/admin-ajax.php HTTP/1.1" 200 47 "https://heyseo.ai/wp-admin/theme-editor.php?file=header.php&theme=heyseo-v1.2" "Mozilla/5.0 (Macintosh; Intel Mac OS X 10_15_7) AppleWebKit/537.36 (KHTML, like Gecko) Chrome/133.0.0.0 Safari/537.36"
162.0.217.198 - - [20/Feb/2025:10:12:57 -0500] "POST /wp-admin/admin-ajax.php?action=async_litespeed&nonce=g0HtbxgAfOeagcwPGyMzR3LjH94bhaB7&litespeed_type=imgoptm HTTP/1.1" 200 21 "-" "WordPress/6.7.2; https://heyseo.ai"
162.0.217.198 - - [20/Feb/2025:10:15:01 -0500] "POST /wp-cron.php?doing_wp_cron=1740064501.6311020851135253906250 HTTP/1.1" 200 0 "-" "WordPress/6.7.2; https://heyseo.ai"
5.28.89.133 - - [20/Feb/2025:10:14:56 -0500] "POST /wp-admin/admin-ajax.php HTTP/1.1" 200 47 "https://heyseo.ai/wp-admin/theme-editor.php?file=header.php&theme=heyseo-v1.2" "Mozilla/5.0 (Macintosh; Intel Mac OS X 10_15_7) AppleWebKit/537.36 (KHTML, like Gecko) Chrome/133.0.0.0 Safari/537.36"
162.0.217.198 - - [20/Feb/2025:10:15:03 -0500] "POST /wp-admin/admin-ajax.php?action=async_litespeed&nonce=53yKdO6UKFarw4UgpbdkCpCU4zwxjIyU&litespeed_type=imgoptm HTTP/1.1" 200 21 "-" "WordPress/6.7.2; https://heyseo.ai"
162.0.217.198 - - [20/Feb/2025:10:17:01 -0500] "POST /wp-cron.php?doing_wp_cron=1740064621.1480729579925537109375 HTTP/1.1" 200 0 "-" "WordPress/6.7.2; https://heyseo.ai"
5.28.89.133 - - [20/Feb/2025:10:16:56 -0500] "POST /wp-admin/admin-ajax.php HTTP/1.1" 200 47 "https://heyseo.ai/wp-admin/theme-editor.php?file=header.php&theme=heyseo-v1.2" "Mozilla/5.0 (Macintosh; Intel Mac OS X 10_15_7) AppleWebKit/537.36 (KHTML, like Gecko) Chrome/133.0.0.0 Safari/537.36"
162.0.217.198 - - [20/Feb/2025:10:17:02 -0500] "POST /wp-admin/admin-ajax.php?action=async_litespeed&nonce=lAJFsV8boV0YVOjCzLrjE1aHaaNG8JT7&litespeed_type=imgoptm HTTP/1.1" 200 21 "-" "WordPress/6.7.2; https://heyseo.ai"
162.0.217.198 - - [20/Feb/2025:10:17:53 -0500] "POST /wp-cron.php?doing_wp_cron=1740064673.5788729190826416015625 HTTP/1.1" 200 0 "-" "WordPress/6.7.2; https://heyseo.ai"
162.0.217.198 - - [20/Feb/2025:10:17:53 -0500] "POST /wp-admin/admin-ajax.php?action=async_litespeed&nonce=9jEr8cZzmGMb9cPU9WfNNXbWh8SqgyZf&litespeed_type=imgoptm HTTP/1.1" 200 21 "-" "WordPress/6.7.2; https://heyseo.ai"
5.28.89.133 - - [20/Feb/2025:10:17:53 -0500] "GET /?gtm_debug=1740064672719 HTTP/1.1" 200 30832 "https://tagassistant.google.com/" "Mozilla/5.0 (Macintosh; Intel Mac OS X 10_15_7) AppleWebKit/537.36 (KHTML, like Gecko) Chrome/133.0.0.0 Safari/537.36"
162.0.217.198 - - [20/Feb/2025:10:18:57 -0500] "POST /wp-cron.php?doing_wp_cron=1740064737.0611960887908935546875 HTTP/1.1" 200 0 "-" "WordPress/6.7.2; https://heyseo.ai"
5.28.89.133 - - [20/Feb/2025:10:18:56 -0500] "POST /wp-admin/admin-ajax.php HTTP/1.1" 200 47 "https://heyseo.ai/wp-admin/theme-editor.php?file=header.php&theme=heyseo-v1.2" "Mozilla/5.0 (Macintosh; Intel Mac OS X 10_15_7) AppleWebKit/537.36 (KHTML, like Gecko) Chrome/133.0.0.0 Safari/537.36"
162.0.217.198 - - [20/Feb/2025:10:18:57 -0500] "POST /wp-admin/admin-ajax.php?action=async_litespeed&nonce=6SsjF37FbcF8czxYTZIt3mUAH4o9lUKz&litespeed_type=imgoptm HTTP/1.1" 200 21 "-" "WordPress/6.7.2; https://heyseo.ai"
162.0.217.198 - - [20/Feb/2025:10:19:39 -0500] "POST /wp-cron.php?doing_wp_cron=1740064779.4426689147949218750000 HTTP/1.1" 200 0 "-" "WordPress/6.7.2; https://heyseo.ai"
162.0.217.198 - - [20/Feb/2025:10:19:39 -0500] "POST /wp-admin/admin-ajax.php?action=async_litespeed&nonce=F5ONzejCdCQMs2b3kjxKV5aH2ou1ZyQw&litespeed_type=imgoptm HTTP/1.1" 200 21 "-" "WordPress/6.7.2; https://heyseo.ai"
162.0.217.198 - - [20/Feb/2025:10:19:39 -0500] "GET /wp-admin/theme-editor.php?theme=heyseo-v1.2&file=header.php&wp_scrape_key=dc7c60b66eb163e25524bd3dad7e3160&wp_scrape_nonce=437387234 HTTP/1.1" 200 30081 "-" "WordPress/6.7.2; https://heyseo.ai"
162.0.217.198 - - [20/Feb/2025:10:19:40 -0500] "GET /?wp_scrape_key=dc7c60b66eb163e25524bd3dad7e3160&wp_scrape_nonce=437387234 HTTP/1.1" 200 42545 "-" "WordPress/6.7.2; https://heyseo.ai"
5.28.89.133 - - [20/Feb/2025:10:19:39 -0500] "POST /wp-admin/admin-ajax.php HTTP/1.1" 200 63 "https://heyseo.ai/wp-admin/theme-editor.php?file=header.php&theme=heyseo-v1.2" "Mozilla/5.0 (Macintosh; Intel Mac OS X 10_15_7) AppleWebKit/537.36 (KHTML, like Gecko) Chrome/133.0.0.0 Safari/537.36"
5.28.89.133 - - [20/Feb/2025:10:19:51 -0500] "GET /?gtm_debug=1740064672719 HTTP/1.1" 304 0 "https://tagassistant.google.com/" "Mozilla/5.0 (Macintosh; Intel Mac OS X 10_15_7) AppleWebKit/537.36 (KHTML, like Gecko) Chrome/133.0.0.0 Safari/537.36"
5.28.89.133 - - [20/Feb/2025:10:19:56 -0500] "POST /wp-admin/admin-ajax.php HTTP/1.1" 200 47 "https://heyseo.ai/wp-admin/theme-editor.php?file=header.php&theme=heyseo-v1.2" "Mozilla/5.0 (Macintosh; Intel Mac OS X 10_15_7) AppleWebKit/537.36 (KHTML, like Gecko) Chrome/133.0.0.0 Safari/537.36"
162.0.217.198 - - [20/Feb/2025:10:20:07 -0500] "POST /wp-cron.php?doing_wp_cron=1740064807.7090740203857421875000 HTTP/1.1" 200 0 "-" "WordPress/6.7.2; https://heyseo.ai"
5.28.89.133 - - [20/Feb/2025:10:20:07 -0500] "GET /?gtm_debug=1740064806641 HTTP/1.1" 200 30877 "https://tagassistant.google.com/" "Mozilla/5.0 (Macintosh; Intel Mac OS X 10_15_7) AppleWebKit/537.36 (KHTML, like Gecko) Chrome/133.0.0.0 Safari/537.36"
5.28.89.133 - - [20/Feb/2025:10:20:19 -0500] "GET /favicon.ico HTTP/1.1" 404 1251 "https://heyseo.ai/?gtm_debug=1740064806641" "Mozilla/5.0 (Macintosh; Intel Mac OS X 10_15_7) AppleWebKit/537.36 (KHTML, like Gecko) Chrome/133.0.0.0 Safari/537.36"
162.0.217.198 - - [20/Feb/2025:10:21:08 -0500] "POST /wp-cron.php?doing_wp_cron=1740064868.1324710845947265625000 HTTP/1.1" 200 0 "-" "WordPress/6.7.2; https://heyseo.ai"
17.241.75.115 - - [20/Feb/2025:10:21:07 -0500] "GET /mini-case-study-hometogo-berlin/ HTTP/1.1" 200 35803 "-" "Mozilla/5.0 (Macintosh; Intel Mac OS X 10_15_7) AppleWebKit/605.1.15 (KHTML, like Gecko) Version/17.4 Safari/605.1.15 (Applebot/0.1; +http://www.apple.com/go/applebot)"
162.0.217.198 - - [20/Feb/2025:10:21:08 -0500] "POST /wp-admin/admin-ajax.php?action=async_litespeed&nonce=iwyUaDTETcla37nS1CYPvtpx9tQtGC2D&litespeed_type=imgoptm HTTP/1.1" 200 21 "-" "WordPress/6.7.2; https://heyseo.ai"
87.236.176.166 - - [20/Feb/2025:10:21:35 -0500] "GET / HTTP/1.1" 200 40952 "https://seoberlino.com/" "Mozilla/5.0 (compatible; InternetMeasurement/1.0; +https://internet-measurement.com/)"
87.236.176.139 - - [20/Feb/2025:10:21:38 -0500] "GET /wp-content/uploads/2025/02/cropped-heyseo-fav-180x180.png HTTP/1.1" 200 10828 "-" "Mozilla/5.0 (compatible; InternetMeasurement/1.0; +https://internet-measurement.com/)"
87.236.176.250 - - [20/Feb/2025:10:21:38 -0500] "GET /wp-content/themes/heyseo-v1.2/images/fav/favicon-lgx-heyseo.png HTTP/1.1" 200 4371 "-" "Mozilla/5.0 (compatible; InternetMeasurement/1.0; +https://internet-measurement.com/)"
185.247.137.244 - - [20/Feb/2025:10:21:38 -0500] "GET /wp-content/uploads/2025/02/cropped-heyseo-fav-270x270.png HTTP/1.1" 200 17887 "-" "Mozilla/5.0 (compatible; InternetMeasurement/1.0; +https://internet-measurement.com/)"
185.247.137.84 - - [20/Feb/2025:10:21:38 -0500] "GET /wp-content/uploads/2025/02/cropped-heyseo-fav-32x32.png HTTP/1.1" 200 1360 "-" "Mozilla/5.0 (compatible; InternetMeasurement/1.0; +https://internet-measurement.com/)"
87.236.176.52 - - [20/Feb/2025:10:21:38 -0500] "GET /favicon.ico HTTP/1.1" 404 1251 "-" "Mozilla/5.0 (compatible; InternetMeasurement/1.0; +https://internet-measurement.com/)"
185.247.137.223 - - [20/Feb/2025:10:21:38 -0500] "GET /wp-content/uploads/2025/02/cropped-heyseo-fav-192x192.png HTTP/1.1" 200 11736 "-" "Mozilla/5.0 (compatible; InternetMeasurement/1.0; +https://internet-measurement.com/)"
185.247.137.55 - - [20/Feb/2025:10:21:38 -0500] "GET /wp-content/themes/heyseo-v1.2/images/fav/favicon-smx-heyseo.png HTTP/1.1" 200 3106 "-" "Mozilla/5.0 (compatible; InternetMeasurement/1.0; +https://internet-measurement.com/)"
185.247.137.97 - - [20/Feb/2025:10:21:38 -0500] "GET /favicon.ico HTTP/1.1" 404 1251 "https://seoberlino.com/favicon.ico" "Mozilla/5.0 (compatible; InternetMeasurement/1.0; +https://internet-measurement.com/)"
162.243.116.182 - - [20/Feb/2025:10:21:39 -0500] "GET /favicon.ico HTTP/1.1" 404 1251 "-" "Mozilla/5.0 (compatible; InternetMeasurement/1.0; +https://internet-measurement.com/)"
159.65.219.252 - - [20/Feb/2025:10:21:40 -0500] "GET /favicon.ico HTTP/1.1" 404 1251 "https://seoberlino.com/favicon.ico" "Mozilla/5.0 (compatible; InternetMeasurement/1.0; +https://internet-measurement.com/)"
162.0.217.198 - - [20/Feb/2025:10:21:57 -0500] "POST /wp-cron.php?doing_wp_cron=1740064917.1326930522918701171875 HTTP/1.1" 200 0 "-" "WordPress/6.7.2; https://heyseo.ai"
5.28.89.133 - - [20/Feb/2025:10:21:56 -0500] "POST /wp-admin/admin-ajax.php HTTP/1.1" 200 47 "https://heyseo.ai/wp-admin/theme-editor.php?file=header.php&theme=heyseo-v1.2" "Mozilla/5.0 (Macintosh; Intel Mac OS X 10_15_7) AppleWebKit/537.36 (KHTML, like Gecko) Chrome/133.0.0.0 Safari/537.36"
162.0.217.198 - - [20/Feb/2025:10:21:57 -0500] "POST /wp-admin/admin-ajax.php?action=async_litespeed&nonce=jYhy4fYka2enx2QIS2y4Ow7noDrx0CTH&litespeed_type=imgoptm HTTP/1.1" 200 21 "-" "WordPress/6.7.2; https://heyseo.ai"
17.241.75.69 - - [20/Feb/2025:10:23:12 -0500] "POST /wp-content/plugins/litespeed-cache/guest.vary.php HTTP/1.1" 200 22 "https://heyseo.ai/mini-case-study-hometogo-berlin/" "Mozilla/5.0 (Macintosh; Intel Mac OS X 10_15_7) AppleWebKit/605.1.15 (KHTML, like Gecko) Version/17.4 Safari/605.1.15 (Applebot/0.1; +http://www.apple.com/go/applebot)"
162.0.217.198 - - [20/Feb/2025:10:23:30 -0500] "POST /wp-cron.php?doing_wp_cron=1740065010.2338690757751464843750 HTTP/1.1" 200 0 "-" "WordPress/6.7.2; https://heyseo.ai"
5.28.89.133 - - [20/Feb/2025:10:23:29 -0500] "POST /wp-admin/admin-ajax.php HTTP/1.1" 200 47 "https://heyseo.ai/wp-admin/theme-editor.php?file=header.php&theme=heyseo-v1.2" "Mozilla/5.0 (Macintosh; Intel Mac OS X 10_15_7) AppleWebKit/537.36 (KHTML, like Gecko) Chrome/133.0.0.0 Safari/537.36"
162.0.217.198 - - [20/Feb/2025:10:23:30 -0500] "POST /wp-admin/admin-ajax.php?action=async_litespeed&nonce=QzEga7dJteKFfSfLulRfEcoMzVTafbDy&litespeed_type=imgoptm HTTP/1.1" 200 21 "-" "WordPress/6.7.2; https://heyseo.ai"
162.0.217.198 - - [20/Feb/2025:10:24:02 -0500] "POST /wp-cron.php?doing_wp_cron=1740065042.1131150722503662109375 HTTP/1.1" 200 0 "-" "WordPress/6.7.2; https://heyseo.ai"
162.0.217.198 - - [20/Feb/2025:10:24:02 -0500] "GET /wp-admin/theme-editor.php?theme=heyseo-v1.2&file=header.php&wp_scrape_key=babe4620d7ca0f17f1222e2582b39cb3&wp_scrape_nonce=402018256 HTTP/1.1" 200 30085 "-" "WordPress/6.7.2; https://heyseo.ai"
162.0.217.198 - - [20/Feb/2025:10:24:03 -0500] "GET /?wp_scrape_key=babe4620d7ca0f17f1222e2582b39cb3&wp_scrape_nonce=402018256 HTTP/1.1" 200 42545 "-" "WordPress/6.7.2; https://heyseo.ai"
5.28.89.133 - - [20/Feb/2025:10:24:01 -0500] "POST /wp-admin/admin-ajax.php HTTP/1.1" 200 63 "https://heyseo.ai/wp-admin/theme-editor.php?file=header.php&theme=heyseo-v1.2" "Mozilla/5.0 (Macintosh; Intel Mac OS X 10_15_7) AppleWebKit/537.36 (KHTML, like Gecko) Chrome/133.0.0.0 Safari/537.36"
5.28.89.133 - - [20/Feb/2025:10:24:06 -0500] "GET /?gtm_debug=1740064806641 HTTP/1.1" 304 0 "https://tagassistant.google.com/" "Mozilla/5.0 (Macintosh; Intel Mac OS X 10_15_7) AppleWebKit/537.36 (KHTML, like Gecko) Chrome/133.0.0.0 Safari/537.36"
43.153.104.196 - - [20/Feb/2025:10:24:17 -0500] "GET /de/seo-audit-2/ HTTP/1.1" 301 0 "-" "Mozilla/5.0 (iPhone; CPU iPhone OS 13_2_3 like Mac OS X) AppleWebKit/605.1.15 (KHTML, like Gecko) Version/13.0.3 Mobile/15E148 Safari/604.1"
43.153.104.196 - - [20/Feb/2025:10:24:22 -0500] "GET /de/seo-audits/ HTTP/1.1" 200 37378 "https://heyseo.ai/de/seo-audit-2/" "Mozilla/5.0 (iPhone; CPU iPhone OS 13_2_3 like Mac OS X) AppleWebKit/605.1.15 (KHTML, like Gecko) Version/13.0.3 Mobile/15E148 Safari/604.1"
162.0.217.198 - - [20/Feb/2025:10:24:27 -0500] "POST /wp-cron.php?doing_wp_cron=1740065067.3359949588775634765625 HTTP/1.1" 200 0 "-" "WordPress/6.7.2; https://heyseo.ai"
162.0.217.198 - - [20/Feb/2025:10:24:27 -0500] "POST /wp-admin/admin-ajax.php?action=async_litespeed&nonce=mjH4YR7ZaGYAdRZr6QpKz2pHTPSJRQPX&litespeed_type=imgoptm HTTP/1.1" 200 21 "-" "WordPress/6.7.2; https://heyseo.ai"
5.28.89.133 - - [20/Feb/2025:10:24:27 -0500] "GET /?gtm_debug=1740065066587 HTTP/1.1" 200 30859 "https://tagassistant.google.com/" "Mozilla/5.0 (Macintosh; Intel Mac OS X 10_15_7) AppleWebKit/537.36 (KHTML, like Gecko) Chrome/133.0.0.0 Safari/537.36"
5.28.89.133 - - [20/Feb/2025:10:24:29 -0500] "POST /wp-admin/admin-ajax.php HTTP/1.1" 200 47 "https://heyseo.ai/wp-admin/theme-editor.php?file=header.php&theme=heyseo-v1.2" "Mozilla/5.0 (Macintosh; Intel Mac OS X 10_15_7) AppleWebKit/537.36 (KHTML, like Gecko) Chrome/133.0.0.0 Safari/537.36"
162.0.217.198 - - [20/Feb/2025:10:25:30 -0500] "POST /wp-cron.php?doing_wp_cron=1740065130.9090449810028076171875 HTTP/1.1" 200 0 "-" "WordPress/6.7.2; https://heyseo.ai"
5.28.89.133 - - [20/Feb/2025:10:25:30 -0500] "POST /wp-admin/admin-ajax.php HTTP/1.1" 200 47 "https://heyseo.ai/wp-admin/theme-editor.php?file=header.php&theme=heyseo-v1.2" "Mozilla/5.0 (Macintosh; Intel Mac OS X 10_15_7) AppleWebKit/537.36 (KHTML, like Gecko) Chrome/133.0.0.0 Safari/537.36"
162.0.217.198 - - [20/Feb/2025:10:25:31 -0500] "POST /wp-admin/admin-ajax.php?action=async_litespeed&nonce=QiL6gU3waz9QYfgvtwhWAfQSxnyE9TDM&litespeed_type=imgoptm HTTP/1.1" 200 21 "-" "WordPress/6.7.2; https://heyseo.ai"
162.0.217.198 - - [20/Feb/2025:10:27:34 -0500] "POST /wp-cron.php?doing_wp_cron=1740065254.8772249221801757812500 HTTP/1.1" 200 0 "-" "WordPress/6.7.2; https://heyseo.ai"
5.28.89.133 - - [20/Feb/2025:10:27:30 -0500] "POST /wp-admin/admin-ajax.php HTTP/1.1" 200 47 "https://heyseo.ai/wp-admin/theme-editor.php?file=header.php&theme=heyseo-v1.2" "Mozilla/5.0 (Macintosh; Intel Mac OS X 10_15_7) AppleWebKit/537.36 (KHTML, like Gecko) Chrome/133.0.0.0 Safari/537.36"
162.0.217.198 - - [20/Feb/2025:10:27:35 -0500] "POST /wp-admin/admin-ajax.php?action=async_litespeed&nonce=VCFsOMoqGiCmEwY7qdV5gYiuRpGdBcVV&litespeed_type=imgoptm HTTP/1.1" 200 21 "-" "WordPress/6.7.2; https://heyseo.ai"
162.0.217.198 - - [20/Feb/2025:10:28:04 -0500] "POST /wp-cron.php?doing_wp_cron=1740065284.5015370845794677734375 HTTP/1.1" 200 0 "-" "WordPress/6.7.2; https://heyseo.ai"
162.0.217.198 - - [20/Feb/2025:10:28:04 -0500] "GET /wp-admin/theme-editor.php?theme=heyseo-v1.2&file=header.php&wp_scrape_key=c6c4b93ac7407baf8d8605f12cd2e77d&wp_scrape_nonce=1290224621 HTTP/1.1" 200 30157 "-" "WordPress/6.7.2; https://heyseo.ai"
162.0.217.198 - - [20/Feb/2025:10:28:05 -0500] "GET /?wp_scrape_key=c6c4b93ac7407baf8d8605f12cd2e77d&wp_scrape_nonce=1290224621 HTTP/1.1" 200 42504 "-" "WordPress/6.7.2; https://heyseo.ai"
5.28.89.133 - - [20/Feb/2025:10:28:04 -0500] "POST /wp-admin/admin-ajax.php HTTP/1.1" 200 63 "https://heyseo.ai/wp-admin/theme-editor.php?file=header.php&theme=heyseo-v1.2" "Mozilla/5.0 (Macintosh; Intel Mac OS X 10_15_7) AppleWebKit/537.36 (KHTML, like Gecko) Chrome/133.0.0.0 Safari/537.36"
5.28.89.133 - - [20/Feb/2025:10:28:17 -0500] "GET /?gtm_debug=1740065066587 HTTP/1.1" 304 0 "https://tagassistant.google.com/" "Mozilla/5.0 (Macintosh; Intel Mac OS X 10_15_7) AppleWebKit/537.36 (KHTML, like Gecko) Chrome/133.0.0.0 Safari/537.36"
162.0.217.198 - - [20/Feb/2025:10:28:31 -0500] "POST /wp-cron.php?doing_wp_cron=1740065311.3712821006774902343750 HTTP/1.1" 200 0 "-" "WordPress/6.7.2; https://heyseo.ai"
5.28.89.133 - - [20/Feb/2025:10:28:31 -0500] "POST /wp-admin/admin-ajax.php HTTP/1.1" 200 47 "https://heyseo.ai/wp-admin/theme-editor.php?file=header.php&theme=heyseo-v1.2" "Mozilla/5.0 (Macintosh; Intel Mac OS X 10_15_7) AppleWebKit/537.36 (KHTML, like Gecko) Chrome/133.0.0.0 Safari/537.36"
162.0.217.198 - - [20/Feb/2025:10:28:31 -0500] "POST /wp-admin/admin-ajax.php?action=async_litespeed&nonce=xI2Xara2mHOdPXe7CVqH1JY7PJ4wlqAa&litespeed_type=imgoptm HTTP/1.1" 200 21 "-" "WordPress/6.7.2; https://heyseo.ai"
5.28.89.133 - - [20/Feb/2025:10:28:34 -0500] "GET /?gtm_debug=1740065314296 HTTP/1.1" 200 30856 "https://tagassistant.google.com/" "Mozilla/5.0 (Macintosh; Intel Mac OS X 10_15_7) AppleWebKit/537.36 (KHTML, like Gecko) Chrome/133.0.0.0 Safari/537.36"
43.157.202.235 - - [20/Feb/2025:10:28:38 -0500] "GET /de/index/?s= HTTP/1.1" 301 0 "-" "Mozilla/5.0 (iPhone; CPU iPhone OS 13_2_3 like Mac OS X) AppleWebKit/605.1.15 (KHTML, like Gecko) Version/13.0.3 Mobile/15E148 Safari/604.1"
43.157.202.235 - - [20/Feb/2025:10:28:42 -0500] "GET /de/index/?s HTTP/1.1" 200 42712 "https://heyseo.ai/de/index/?s=" "Mozilla/5.0 (iPhone; CPU iPhone OS 13_2_3 like Mac OS X) AppleWebKit/605.1.15 (KHTML, like Gecko) Version/13.0.3 Mobile/15E148 Safari/604.1"
162.0.217.198 - - [20/Feb/2025:10:29:51 -0500] "POST /wp-cron.php?doing_wp_cron=1740065391.0556349754333496093750 HTTP/1.1" 200 0 "-" "WordPress/6.7.2; https://heyseo.ai"
5.28.89.133 - - [20/Feb/2025:10:29:50 -0500] "POST /wp-admin/admin-ajax.php HTTP/1.1" 200 47 "https://heyseo.ai/wp-admin/theme-editor.php?file=header.php&theme=heyseo-v1.2" "Mozilla/5.0 (Macintosh; Intel Mac OS X 10_15_7) AppleWebKit/537.36 (KHTML, like Gecko) Chrome/133.0.0.0 Safari/537.36"
162.0.217.198 - - [20/Feb/2025:10:29:51 -0500] "POST /wp-admin/admin-ajax.php?action=async_litespeed&nonce=nbhbxgFHcoAh31RdCw2VUeVMYer0SDeT&litespeed_type=imgoptm HTTP/1.1" 200 21 "-" "WordPress/6.7.2; https://heyseo.ai"
5.28.89.133 - - [20/Feb/2025:10:29:55 -0500] "GET /wp-admin/plugins.php HTTP/1.1" 200 0 "https://heyseo.ai/wp-admin/theme-editor.php?file=header.php&theme=heyseo-v1.2" "Mozilla/5.0 (Macintosh; Intel Mac OS X 10_15_7) AppleWebKit/537.36 (KHTML, like Gecko) Chrome/133.0.0.0 Safari/537.36"
5.28.89.133 - - [20/Feb/2025:10:29:58 -0500] "GET /wp-admin/plugins.php HTTP/1.1" 200 34373 "https://heyseo.ai/wp-admin/theme-editor.php?file=header.php&theme=heyseo-v1.2" "Mozilla/5.0 (Macintosh; Intel Mac OS X 10_15_7) AppleWebKit/537.36 (KHTML, like Gecko) Chrome/133.0.0.0 Safari/537.36"
162.0.217.198 - - [20/Feb/2025:10:30:16 -0500] "POST /wp-cron.php?doing_wp_cron=1740065416.4396491050720214843750 HTTP/1.1" 200 0 "-" "WordPress/6.7.2; https://heyseo.ai"
5.28.89.133 - - [20/Feb/2025:10:30:16 -0500] "GET /wp-admin/plugins.php?action=deactivate&plugin=litespeed-cache%2Flitespeed-cache.php&plugin_status=all&paged=1&s&_wpnonce=20f347ac20 HTTP/1.1" 302 0 "https://heyseo.ai/wp-admin/plugins.php" "Mozilla/5.0 (Macintosh; Intel Mac OS X 10_15_7) AppleWebKit/537.36 (KHTML, like Gecko) Chrome/133.0.0.0 Safari/537.36"
162.0.217.198 - - [20/Feb/2025:10:30:16 -0500] "POST /wp-admin/admin-ajax.php?action=async_litespeed&nonce=QCpXifgV0FJjdWFfCv6XKe1jYbN0p5GH&litespeed_type=imgoptm HTTP/1.1" 200 21 "-" "WordPress/6.7.2; https://heyseo.ai"
5.28.89.133 - - [20/Feb/2025:10:30:16 -0500] "GET /wp-admin/plugins.php?deactivate=true&plugin_status=all&paged=1&s= HTTP/1.1" 200 34393 "https://heyseo.ai/wp-admin/plugins.php" "Mozilla/5.0 (Macintosh; Intel Mac OS X 10_15_7) AppleWebKit/537.36 (KHTML, like Gecko) Chrome/133.0.0.0 Safari/537.36"
162.0.217.198 - - [20/Feb/2025:10:30:27 -0500] "POST /wp-cron.php?doing_wp_cron=1740065427.1219921112060546875000 HTTP/1.1" 200 0 "-" "WordPress/6.7.2; https://heyseo.ai"
5.28.89.133 - - [20/Feb/2025:10:30:27 -0500] "GET /wp-content/themes/heyseo-v1.2/src/output.css?v1.96c HTTP/1.1" 200 16830 "https://heyseo.ai/?gtm_debug=1740065314296" "Mozilla/5.0 (Macintosh; Intel Mac OS X 10_15_7) AppleWebKit/537.36 (KHTML, like Gecko) Chrome/133.0.0.0 Safari/537.36"
5.28.89.133 - - [20/Feb/2025:10:30:27 -0500] "GET /wp-content/plugins/cookie-law-info/lite/frontend/js/wca.min.js?ver=3.2.8 HTTP/1.1" 200 748 "https://heyseo.ai/?gtm_debug=1740065314296" "Mozilla/5.0 (Macintosh; Intel Mac OS X 10_15_7) AppleWebKit/537.36 (KHTML, like Gecko) Chrome/133.0.0.0 Safari/537.36"
5.28.89.133 - - [20/Feb/2025:10:30:27 -0500] "GET /wp-content/themes/heyseo-v1.2/style.css?ver=1.0.0 HTTP/1.1" 200 292 "https://heyseo.ai/?gtm_debug=1740065314296" "Mozilla/5.0 (Macintosh; Intel Mac OS X 10_15_7) AppleWebKit/537.36 (KHTML, like Gecko) Chrome/133.0.0.0 Safari/537.36"
5.28.89.133 - - [20/Feb/2025:10:30:27 -0500] "GET /wp-includes/css/dist/block-library/style.min.css?ver=6.7.2 HTTP/1.1" 200 14225 "https://heyseo.ai/?gtm_debug=1740065314296" "Mozilla/5.0 (Macintosh; Intel Mac OS X 10_15_7) AppleWebKit/537.36 (KHTML, like Gecko) Chrome/133.0.0.0 Safari/537.36"
5.28.89.133 - - [20/Feb/2025:10:30:27 -0500] "GET /wp-content/plugins/cookie-law-info/lite/frontend/js/script.min.js?ver=3.2.8 HTTP/1.1" 200 6423 "https://heyseo.ai/?gtm_debug=1740065314296" "Mozilla/5.0 (Macintosh; Intel Mac OS X 10_15_7) AppleWebKit/537.36 (KHTML, like Gecko) Chrome/133.0.0.0 Safari/537.36"
5.28.89.133 - - [20/Feb/2025:10:30:25 -0500] "GET /?gtm_debug=1740065314296 HTTP/1.1" 200 35021 "https://tagassistant.google.com/" "Mozilla/5.0 (Macintosh; Intel Mac OS X 10_15_7) AppleWebKit/537.36 (KHTML, like Gecko) Chrome/133.0.0.0 Safari/537.36"
5.28.89.133 - - [20/Feb/2025:10:30:28 -0500] "GET /wp-content/themes/heyseo-v1.2/js/navigation.js?ver=1.0.0 HTTP/1.1" 200 557 "https://heyseo.ai/?gtm_debug=1740065314296" "Mozilla/5.0 (Macintosh; Intel Mac OS X 10_15_7) AppleWebKit/537.36 (KHTML, like Gecko) Chrome/133.0.0.0 Safari/537.36"
5.28.89.133 - - [20/Feb/2025:10:30:28 -0500] "GET /wp-content/themes/heyseo-v1.2/js/custom-menu-hide.js?ver=1.0 HTTP/1.1" 200 271 "https://heyseo.ai/?gtm_debug=1740065314296" "Mozilla/5.0 (Macintosh; Intel Mac OS X 10_15_7) AppleWebKit/537.36 (KHTML, like Gecko) Chrome/133.0.0.0 Safari/537.36"
5.28.89.133 - - [20/Feb/2025:10:30:28 -0500] "GET /wp-content/plugins/wp-consent-api/assets/js/wp-consent-api.min.js?ver=1.0.8 HTTP/1.1" 200 600 "https://heyseo.ai/?gtm_debug=1740065314296" "Mozilla/5.0 (Macintosh; Intel Mac OS X 10_15_7) AppleWebKit/537.36 (KHTML, like Gecko) Chrome/133.0.0.0 Safari/537.36"
5.28.89.133 - - [20/Feb/2025:10:30:28 -0500] "GET /wp-content/plugins/wpforms-lite/assets/css/frontend/modern/wpforms-full.min.css?ver=1.9.3.2 HTTP/1.1" 200 14842 "https://heyseo.ai/?gtm_debug=1740065314296" "Mozilla/5.0 (Macintosh; Intel Mac OS X 10_15_7) AppleWebKit/537.36 (KHTML, like Gecko) Chrome/133.0.0.0 Safari/537.36"
5.28.89.133 - - [20/Feb/2025:10:30:28 -0500] "GET /wp-content/plugins/wpforms-lite/assets/lib/mailcheck.min.js?ver=1.1.2 HTTP/1.1" 200 1615 "https://heyseo.ai/?gtm_debug=1740065314296" "Mozilla/5.0 (Macintosh; Intel Mac OS X 10_15_7) AppleWebKit/537.36 (KHTML, like Gecko) Chrome/133.0.0.0 Safari/537.36"
