65.0.123.26 - - [20/Feb/2025:07:28:35 -0500] "GET /admin/fckeditor/editor/filemanager/alfanew.php HTTP/1.1" 404 71561 "-" "-"
65.0.123.26 - - [20/Feb/2025:07:28:36 -0500] "GET /wp-includes/sodium_compat/src/index.php HTTP/1.1" 301 0 "-" "-"
65.0.123.26 - - [20/Feb/2025:07:28:37 -0500] "GET /wp-includes/sodium_compat/src/ HTTP/1.1" 200 4137 "-" "-"
65.0.123.26 - - [20/Feb/2025:07:28:38 -0500] "GET /admin/uploads/media.php HTTP/1.1" 404 71561 "-" "-"
65.0.123.26 - - [20/Feb/2025:07:28:39 -0500] "GET /wp-content/uploads/2022/update.php HTTP/1.1" 404 71561 "-" "-"
65.0.123.26 - - [20/Feb/2025:07:28:41 -0500] "GET /wp-includes/wp-includes/alfa-rex.php HTTP/1.1" 404 71561 "-" "-"
65.0.123.26 - - [20/Feb/2025:07:28:42 -0500] "GET /wp-content/uploads/423_index.php HTTP/1.1" 404 71561 "-" "-"
65.0.123.26 - - [20/Feb/2025:07:28:44 -0500] "GET /xmrlpc.php?p= HTTP/1.1" 301 0 "-" "-"
65.0.123.26 - - [20/Feb/2025:07:28:44 -0500] "GET /xmrlpc.php HTTP/1.1" 404 71561 "-" "-"
65.0.123.26 - - [20/Feb/2025:07:28:46 -0500] "GET /wp-includes/fonts/index.php HTTP/1.1" 301 0 "-" "-"
65.0.123.26 - - [20/Feb/2025:07:28:46 -0500] "GET /wp-includes/fonts/ HTTP/1.1" 200 4799 "-" "-"
65.0.123.26 - - [20/Feb/2025:07:28:47 -0500] "GET /wp-includes/customize/index.php HTTP/1.1" 301 0 "-" "-"
65.0.123.26 - - [20/Feb/2025:07:28:47 -0500] "GET /wp-includes/customize/ HTTP/1.1" 200 14590 "-" "-"
65.0.123.26 - - [20/Feb/2025:07:28:48 -0500] "GET /wp-admin/autoload_classmap.php HTTP/1.1" 404 71561 "-" "-"
65.0.123.26 - - [20/Feb/2025:07:28:50 -0500] "GET /wp-includes/fonts/install.php HTTP/1.1" 404 71561 "-" "-"
65.0.123.26 - - [20/Feb/2025:07:28:52 -0500] "GET /wp-trackback.php HTTP/1.1" 404 135 "-" "-"
65.0.123.26 - - [20/Feb/2025:07:28:53 -0500] "GET /index.php HTTP/1.1" 301 0 "-" "-"
65.0.123.26 - - [20/Feb/2025:07:28:53 -0500] "GET / HTTP/1.1" 200 171758 "-" "-"
65.0.123.26 - - [20/Feb/2025:07:28:56 -0500] "GET /geju.php HTTP/1.1" 404 71561 "-" "-"
65.0.123.26 - - [20/Feb/2025:07:28:57 -0500] "GET /ebs.php7 HTTP/1.1" 404 71561 "-" "-"
65.0.123.26 - - [20/Feb/2025:07:29:00 -0500] "GET /.well-known/acme-challenge/index.php HTTP/1.1" 301 0 "-" "-"
65.0.123.26 - - [20/Feb/2025:07:29:00 -0500] "GET /.well-known/acme-challenge/ HTTP/1.1" 404 71561 "-" "-"
162.0.217.198 - - [20/Feb/2025:07:29:03 -0500] "POST /wp-cron.php?doing_wp_cron=1740054542.9171299934387207031250 HTTP/1.1" 200 0 "-" "WordPress/6.7.2; https://heyseo.ai"
65.0.123.26 - - [20/Feb/2025:07:29:02 -0500] "GET /wp-admin/classwithtostring.php HTTP/1.1" 404 71561 "-" "-"
65.0.123.26 - - [20/Feb/2025:07:29:04 -0500] "GET /css.php HTTP/1.1" 404 71561 "-" "-"
65.0.123.26 - - [20/Feb/2025:07:29:06 -0500] "GET /cache-compat.php HTTP/1.1" 404 71561 "-" "-"
65.0.123.26 - - [20/Feb/2025:07:29:08 -0500] "GET /wp-includes/style-engine/about.php HTTP/1.1" 404 71561 "-" "-"
65.0.123.26 - - [20/Feb/2025:07:29:10 -0500] "GET /wp-includes/widgets/parx.php HTTP/1.1" 404 71561 "-" "-"
65.0.123.26 - - [20/Feb/2025:07:29:12 -0500] "GET /radio.php HTTP/1.1" 404 71561 "-" "-"
65.0.123.26 - - [20/Feb/2025:07:29:13 -0500] "GET /index/lock.php HTTP/1.1" 404 71561 "-" "-"
162.0.217.198 - - [20/Feb/2025:07:29:15 -0500] "POST /wp-cron.php?doing_wp_cron=1740054555.7817449569702148437500 HTTP/1.1" 200 0 "-" "WordPress/6.7.2; https://heyseo.ai"
65.0.123.26 - - [20/Feb/2025:07:29:15 -0500] "GET /yanz.php HTTP/1.1" 404 71561 "-" "-"
162.0.217.198 - - [20/Feb/2025:07:29:15 -0500] "POST /wp-admin/admin-ajax.php?action=async_litespeed&nonce=ZnVOkLHsDf4XuTR4a7fWLadsWd3j7xLI&litespeed_type=imgoptm HTTP/1.1" 200 21 "-" "WordPress/6.7.2; https://heyseo.ai"
65.0.123.26 - - [20/Feb/2025:07:29:17 -0500] "GET /wp-admin/css/colors/blue/atomlib.php HTTP/1.1" 404 71561 "-" "-"
65.0.123.26 - - [20/Feb/2025:07:29:19 -0500] "GET /images/chosen.php HTTP/1.1" 404 71561 "-" "-"
65.0.123.26 - - [20/Feb/2025:07:29:20 -0500] "GET /wp-includes/images/about.php HTTP/1.1" 404 71561 "-" "-"
162.0.217.198 - - [20/Feb/2025:07:29:22 -0500] "POST /wp-cron.php?doing_wp_cron=1740054562.5598421096801757812500 HTTP/1.1" 200 0 "-" "WordPress/6.7.2; https://heyseo.ai"
65.0.123.26 - - [20/Feb/2025:07:29:22 -0500] "GET /wp-admin/images/index.php HTTP/1.1" 301 0 "-" "-"
65.0.123.26 - - [20/Feb/2025:07:29:22 -0500] "GET /wp-admin/images/ HTTP/1.1" 200 22366 "-" "-"
65.0.123.26 - - [20/Feb/2025:07:29:23 -0500] "GET /as.php HTTP/1.1" 404 71561 "-" "-"
65.0.123.26 - - [20/Feb/2025:07:29:25 -0500] "GET /wp-includes/php-compat/content.php HTTP/1.1" 404 71561 "-" "-"
162.0.217.198 - - [20/Feb/2025:07:29:27 -0500] "POST /wp-cron.php?doing_wp_cron=1740054567.6244890689849853515625 HTTP/1.1" 200 0 "-" "WordPress/6.7.2; https://heyseo.ai"
65.0.123.26 - - [20/Feb/2025:07:29:27 -0500] "GET /404.php HTTP/1.1" 404 71561 "-" "-"
65.0.123.26 - - [20/Feb/2025:07:29:29 -0500] "GET /link.php HTTP/1.1" 404 71561 "-" "-"
65.0.123.26 - - [20/Feb/2025:07:29:30 -0500] "GET /wp-includes/block-patterns/autoload_classmap.php HTTP/1.1" 404 71561 "-" "-"
65.0.123.26 - - [20/Feb/2025:07:29:32 -0500] "GET /wp-includes/Text/index.php HTTP/1.1" 301 0 "-" "-"
65.0.123.26 - - [20/Feb/2025:07:29:33 -0500] "GET /wp-includes/Text/ HTTP/1.1" 200 2092 "-" "-"
65.0.123.26 - - [20/Feb/2025:07:29:33 -0500] "GET /wp-admin/includes/cong.php HTTP/1.1" 404 71561 "-" "-"
65.0.123.26 - - [20/Feb/2025:07:29:35 -0500] "GET /wp-includes/Text/Diff/Renderer/about.php HTTP/1.1" 404 71561 "-" "-"
65.0.123.26 - - [20/Feb/2025:07:29:37 -0500] "GET /images/lmfi2.php HTTP/1.1" 404 71561 "-" "-"
65.0.123.26 - - [20/Feb/2025:07:29:39 -0500] "GET /wp-admin/admin-post.php HTTP/1.1" 200 0 "-" "-"
65.0.123.26 - - [20/Feb/2025:07:29:40 -0500] "GET /wp-cron.php HTTP/1.1" 200 0 "-" "-"
65.0.123.26 - - [20/Feb/2025:07:29:41 -0500] "GET /wp-includes/Requests/Utility/alfa-rex.php HTTP/1.1" 404 71561 "-" "-"
65.0.123.26 - - [20/Feb/2025:07:29:43 -0500] "GET /wp-includes/theme-compat/chosen.php HTTP/1.1" 404 71561 "-" "-"
65.0.123.26 - - [20/Feb/2025:07:29:44 -0500] "GET /config.php HTTP/1.1" 404 71561 "-" "-"
65.0.123.26 - - [20/Feb/2025:07:29:46 -0500] "GET /plugins.php HTTP/1.1" 404 71561 "-" "-"
65.0.123.26 - - [20/Feb/2025:07:29:48 -0500] "GET /wp-content/mu-plugins/gecko.php HTTP/1.1" 404 71561 "-" "-"
65.0.123.26 - - [20/Feb/2025:07:29:49 -0500] "GET /wp-includes/IXR/alfa-rex.php HTTP/1.1" 404 71561 "-" "-"
65.0.123.26 - - [20/Feb/2025:07:29:51 -0500] "GET /wp-includes/certificates/index.php HTTP/1.1" 301 0 "-" "-"
65.0.123.26 - - [20/Feb/2025:07:29:51 -0500] "GET /wp-includes/certificates/ HTTP/1.1" 200 1634 "-" "-"
65.0.123.26 - - [20/Feb/2025:07:29:52 -0500] "GET /.well-known/cache-compat.php HTTP/1.1" 404 71561 "-" "-"
65.0.123.26 - - [20/Feb/2025:07:29:54 -0500] "GET /ini.php HTTP/1.1" 404 71561 "-" "-"
65.0.123.26 - - [20/Feb/2025:07:29:56 -0500] "GET /chosen.php HTTP/1.1" 404 71561 "-" "-"
65.0.123.26 - - [20/Feb/2025:07:29:57 -0500] "GET /wp-admin/wp-conflg.php HTTP/1.1" 404 71561 "-" "-"
65.0.123.26 - - [20/Feb/2025:07:29:59 -0500] "GET /wp-admin/function.php HTTP/1.1" 404 71561 "-" "-"
65.0.123.26 - - [20/Feb/2025:07:30:01 -0500] "GET /wp-admin/cloud.php HTTP/1.1" 404 71561 "-" "-"
162.0.217.198 - - [20/Feb/2025:07:30:03 -0500] "POST /wp-cron.php?doing_wp_cron=1740054603.2844738960266113281250 HTTP/1.1" 200 0 "-" "WordPress/6.7.2; https://heyseo.ai"
65.0.123.26 - - [20/Feb/2025:07:30:02 -0500] "GET /packed.php HTTP/1.1" 404 71561 "-" "-"
65.0.123.26 - - [20/Feb/2025:07:30:04 -0500] "GET /wp-admin/js/admin.php HTTP/1.1" 404 71561 "-" "-"
65.0.123.26 - - [20/Feb/2025:07:30:06 -0500] "GET /wp-includes/images/autoload_classmap.php HTTP/1.1" 404 71561 "-" "-"
5.28.89.133 - - [20/Feb/2025:07:30:06 -0500] "GET / HTTP/1.1" 200 30657 "-" "Mozilla/5.0 (iPhone; CPU iPhone OS 18_3_1 like Mac OS X) AppleWebKit/605.1.15 (KHTML, like Gecko) Version/18.3 Mobile/15E148 Safari/604.1"
5.28.89.133 - - [20/Feb/2025:07:30:08 -0500] "GET /wp-content/uploads/2025/02/Screenshot-2025-02-20-at-12.35.52-480x358.png HTTP/1.1" 200 32013 "https://heyseo.ai/" "Mozilla/5.0 (iPhone; CPU iPhone OS 18_3_1 like Mac OS X) AppleWebKit/605.1.15 (KHTML, like Gecko) Version/18.3 Mobile/15E148 Safari/604.1"
65.0.123.26 - - [20/Feb/2025:07:30:08 -0500] "GET /shell20211028.php HTTP/1.1" 404 71561 "-" "-"
65.0.123.26 - - [20/Feb/2025:07:30:10 -0500] "GET /wp-includes/ID3/index.php HTTP/1.1" 301 0 "-" "-"
65.0.123.26 - - [20/Feb/2025:07:30:11 -0500] "GET /wp-includes/ID3/ HTTP/1.1" 200 7109 "-" "-"
65.0.123.26 - - [20/Feb/2025:07:30:12 -0500] "GET /wp-content/config.php HTTP/1.1" 404 71561 "-" "-"
162.0.217.198 - - [20/Feb/2025:07:30:15 -0500] "POST /wp-cron.php?doing_wp_cron=1740054615.5738060474395751953125 HTTP/1.1" 200 0 "-" "WordPress/6.7.2; https://heyseo.ai"
65.0.123.26 - - [20/Feb/2025:07:30:15 -0500] "GET /wp-includes/IXR/shell.php HTTP/1.1" 404 71561 "-" "-"
162.0.217.198 - - [20/Feb/2025:07:30:16 -0500] "POST /wp-admin/admin-ajax.php?action=async_litespeed&nonce=zRtOWsshcNR3f2HmsRWaazTpehADB8R7&litespeed_type=imgoptm HTTP/1.1" 200 0 "-" "WordPress/6.7.2; https://heyseo.ai"
65.0.123.26 - - [20/Feb/2025:07:30:17 -0500] "GET /13.php HTTP/1.1" 404 71561 "-" "-"
5.28.89.133 - - [20/Feb/2025:07:30:19 -0500] "GET /wp-content/uploads/2025/02/Screenshot-2025-02-20-at-12.35.52.png HTTP/1.1" 200 40047 "https://heyseo.ai/" "Mozilla/5.0 (iPhone; CPU iPhone OS 18_3_1 like Mac OS X) AppleWebKit/605.1.15 (KHTML, like Gecko) Version/18.3 Mobile/15E148 Safari/604.1"
65.0.123.26 - - [20/Feb/2025:07:30:20 -0500] "GET /file.php HTTP/1.1" 404 71561 "-" "-"
162.0.217.198 - - [20/Feb/2025:07:30:22 -0500] "POST /wp-cron.php?doing_wp_cron=1740054622.6886959075927734375000 HTTP/1.1" 200 0 "-" "WordPress/6.7.2; https://heyseo.ai"
65.0.123.26 - - [20/Feb/2025:07:30:22 -0500] "GET /goat1.php HTTP/1.1" 404 71561 "-" "-"
5.28.89.133 - - [20/Feb/2025:07:30:23 -0500] "GET /streamlit-example/ HTTP/1.1" 200 26337 "https://heyseo.ai/" "Mozilla/5.0 (iPhone; CPU iPhone OS 18_3_1 like Mac OS X) AppleWebKit/605.1.15 (KHTML, like Gecko) Version/18.3 Mobile/15E148 Safari/604.1"
5.28.89.133 - - [20/Feb/2025:07:30:25 -0500] "GET /wp-content/uploads/2025/02/IMG_0919-1-scaled.jpeg HTTP/1.1" 200 702915 "https://heyseo.ai/streamlit-example/" "Mozilla/5.0 (iPhone; CPU iPhone OS 18_3_1 like Mac OS X) AppleWebKit/605.1.15 (KHTML, like Gecko) Version/18.3 Mobile/15E148 Safari/604.1"
65.0.123.26 - - [20/Feb/2025:07:30:24 -0500] "GET /.well-known/content.php HTTP/1.1" 404 71561 "-" "-"
162.0.217.198 - - [20/Feb/2025:07:30:27 -0500] "POST /wp-cron.php?doing_wp_cron=1740054627.5679600238800048828125 HTTP/1.1" 200 0 "-" "WordPress/6.7.2; https://heyseo.ai"
65.0.123.26 - - [20/Feb/2025:07:30:27 -0500] "GET /wp-admin/network/index.php HTTP/1.1" 302 0 "-" "-"
65.0.123.26 - - [20/Feb/2025:07:30:27 -0500] "GET /wp-login.php?redirect_to=https%3A%2F%2Fheyseo.ai%2Fwp-admin%2Fnetwork%2Findex.php&reauth=1 HTTP/1.1" 200 9522 "-" "-"
65.0.123.26 - - [20/Feb/2025:07:30:28 -0500] "GET /assets/images/about.php HTTP/1.1" 404 71561 "-" "-"
65.0.123.26 - - [20/Feb/2025:07:30:30 -0500] "GET /wp-links.php HTTP/1.1" 404 71561 "-" "-"
65.0.123.26 - - [20/Feb/2025:07:30:32 -0500] "GET /wp-content/themes/wp-pridmag/up.php HTTP/1.1" 404 71561 "-" "-"
65.0.123.26 - - [20/Feb/2025:07:30:33 -0500] "GET /wp-admin/index.php HTTP/1.1" 302 0 "-" "-"
65.0.123.26 - - [20/Feb/2025:07:30:34 -0500] "GET /wp-login.php?redirect_to=https%3A%2F%2Fheyseo.ai%2Fwp-admin%2Findex.php&reauth=1 HTTP/1.1" 200 9506 "-" "-"
65.0.123.26 - - [20/Feb/2025:07:30:35 -0500] "GET /doc.php HTTP/1.1" 404 71561 "-" "-"
65.0.123.26 - - [20/Feb/2025:07:30:36 -0500] "GET /themes.php HTTP/1.1" 404 71561 "-" "-"
65.0.123.26 - - [20/Feb/2025:07:30:38 -0500] "GET /wp-content/themes/twentytwentytwo/alfa-rex.php HTTP/1.1" 404 71561 "-" "-"
65.0.123.26 - - [20/Feb/2025:07:30:40 -0500] "GET /wp-admin/css/colors/blue/moon.php HTTP/1.1" 404 71561 "-" "-"
65.0.123.26 - - [20/Feb/2025:07:30:41 -0500] "GET /dropdown.php HTTP/1.1" 404 71561 "-" "-"
65.0.123.26 - - [20/Feb/2025:07:30:44 -0500] "GET /.well-known/acme-challenge/classwithtostring.php HTTP/1.1" 404 71561 "-" "-"
65.0.123.26 - - [20/Feb/2025:07:30:45 -0500] "GET /wp-content/plugins/Cache/footer.php HTTP/1.1" 404 71561 "-" "-"
65.0.123.26 - - [20/Feb/2025:07:30:47 -0500] "GET /admin/controller/extension/extension/blue.php HTTP/1.1" 404 71561 "-" "-"
65.0.123.26 - - [20/Feb/2025:07:30:49 -0500] "GET /hoot.php HTTP/1.1" 404 71561 "-" "-"
65.0.123.26 - - [20/Feb/2025:07:30:50 -0500] "GET /wp-mail.php HTTP/1.1" 403 2495 "-" "-"
65.0.123.26 - - [20/Feb/2025:07:30:51 -0500] "GET /user.php HTTP/1.1" 404 71561 "-" "-"
65.0.123.26 - - [20/Feb/2025:07:30:53 -0500] "GET /wp-content/themes/sketch/404.php HTTP/1.1" 404 71561 "-" "-"
65.0.123.26 - - [20/Feb/2025:07:30:54 -0500] "GET /wp-content/plugins/google-seo-rank/module.php HTTP/1.1" 404 71561 "-" "-"
65.0.123.26 - - [20/Feb/2025:07:30:56 -0500] "GET /wp-includes/theme-compat/index.php HTTP/1.1" 301 0 "-" "-"
65.0.123.26 - - [20/Feb/2025:07:30:56 -0500] "GET /wp-includes/theme-compat/ HTTP/1.1" 200 4421 "-" "-"
65.0.123.26 - - [20/Feb/2025:07:30:57 -0500] "GET /wp-activate.php HTTP/1.1" 302 0 "-" "-"
65.0.123.26 - - [20/Feb/2025:07:30:58 -0500] "GET /wp-login.php?action=register HTTP/1.1" 302 0 "-" "-"
65.0.123.26 - - [20/Feb/2025:07:30:58 -0500] "GET /wp-login.php?registration=disabled HTTP/1.1" 200 9590 "-" "-"
65.0.123.26 - - [20/Feb/2025:07:30:59 -0500] "GET /assets/plugins/jquery-file-upload/server/php/include.php HTTP/1.1" 404 71561 "-" "-"
65.0.123.26 - - [20/Feb/2025:07:31:01 -0500] "GET /wp-content/uploads/2024/index.php HTTP/1.1" 301 0 "-" "-"
65.0.123.26 - - [20/Feb/2025:07:31:01 -0500] "GET /wp-content/uploads/2024/ HTTP/1.1" 200 1607 "-" "-"
162.0.217.198 - - [20/Feb/2025:07:31:02 -0500] "POST /wp-cron.php?doing_wp_cron=1740054662.8050220012664794921875 HTTP/1.1" 200 0 "-" "WordPress/6.7.2; https://heyseo.ai"
65.0.123.26 - - [20/Feb/2025:07:31:02 -0500] "GET /wp-includes/images/smilies/wp-login.php HTTP/1.1" 404 71561 "-" "-"
65.0.123.26 - - [20/Feb/2025:07:31:04 -0500] "GET /admin-post.php HTTP/1.1" 404 71561 "-" "-"
65.0.123.26 - - [20/Feb/2025:07:31:06 -0500] "GET /wp-includes/js/crop/shell.php HTTP/1.1" 404 71561 "-" "-"
65.0.123.26 - - [20/Feb/2025:07:31:07 -0500] "GET /adminfuns.php7 HTTP/1.1" 404 71561 "-" "-"
65.0.123.26 - - [20/Feb/2025:07:31:09 -0500] "GET /wp-includes/style-engine/wp-login.php HTTP/1.1" 404 71561 "-" "-"
65.0.123.26 - - [20/Feb/2025:07:31:11 -0500] "GET /admin/function.php HTTP/1.1" 404 71561 "-" "-"
65.0.123.26 - - [20/Feb/2025:07:31:12 -0500] "GET /wp-blog-header.php HTTP/1.1" 404 0 "-" "-"
65.0.123.26 - - [20/Feb/2025:07:31:14 -0500] "GET /content.php HTTP/1.1" 404 71561 "-" "-"
162.0.217.198 - - [20/Feb/2025:07:31:16 -0500] "POST /wp-cron.php?doing_wp_cron=1740054675.9923250675201416015625 HTTP/1.1" 200 0 "-" "WordPress/6.7.2; https://heyseo.ai"
65.0.123.26 - - [20/Feb/2025:07:31:15 -0500] "GET /fw.php HTTP/1.1" 404 71561 "-" "-"
162.0.217.198 - - [20/Feb/2025:07:31:16 -0500] "POST /wp-admin/admin-ajax.php?action=async_litespeed&nonce=WqkieFp1mlU8DkVxe85Z2Rtz2dp04Kd9&litespeed_type=imgoptm HTTP/1.1" 200 21 "-" "WordPress/6.7.2; https://heyseo.ai"
65.0.123.26 - - [20/Feb/2025:07:31:17 -0500] "GET /wp.php HTTP/1.1" 404 71561 "-" "-"
65.0.123.26 - - [20/Feb/2025:07:31:19 -0500] "GET /wp-login.php HTTP/1.1" 200 9398 "-" "-"
65.0.123.26 - - [20/Feb/2025:07:31:20 -0500] "GET /wp-p.php7 HTTP/1.1" 404 71561 "-" "-"
65.0.123.26 - - [20/Feb/2025:07:31:21 -0500] "GET /shell.php HTTP/1.1" 404 71561 "-" "-"
162.0.217.198 - - [20/Feb/2025:07:31:24 -0500] "POST /wp-cron.php?doing_wp_cron=1740054684.4797079563140869140625 HTTP/1.1" 200 0 "-" "WordPress/6.7.2; https://heyseo.ai"
65.0.123.26 - - [20/Feb/2025:07:31:24 -0500] "GET /.well-known/acme-challenge/wso112233.php HTTP/1.1" 404 71561 "-" "-"
65.0.123.26 - - [20/Feb/2025:07:31:25 -0500] "GET /wp-admin/css/colors/classwithtostring.php HTTP/1.1" 404 71561 "-" "-"
65.0.123.26 - - [20/Feb/2025:07:31:27 -0500] "GET /upfile.php HTTP/1.1" 404 71561 "-" "-"
162.0.217.198 - - [20/Feb/2025:07:31:29 -0500] "POST /wp-cron.php?doing_wp_cron=1740054689.0664548873901367187500 HTTP/1.1" 200 0 "-" "WordPress/6.7.2; https://heyseo.ai"
65.0.123.26 - - [20/Feb/2025:07:31:28 -0500] "GET /wp-admin/maint/buy.php HTTP/1.1" 404 71561 "-" "-"
65.0.123.26 - - [20/Feb/2025:07:31:30 -0500] "GET /wp-content/plugins/pwnd/classwithtostring.php HTTP/1.1" 404 71561 "-" "-"
65.0.123.26 - - [20/Feb/2025:07:31:32 -0500] "GET /wp-content/plugins/seoplugins/mar.php HTTP/1.1" 404 71561 "-" "-"
65.0.123.26 - - [20/Feb/2025:07:31:33 -0500] "GET /wp-includes/sodium_compat/autoload_classmap.php/wp-includes/images/smilies/about.php HTTP/1.1" 404 71561 "-" "-"
65.0.123.26 - - [20/Feb/2025:07:31:35 -0500] "GET /wp-includes/random_compat/chosen.php HTTP/1.1" 404 71561 "-" "-"
65.0.123.26 - - [20/Feb/2025:07:31:37 -0500] "GET /images/admin.php HTTP/1.1" 404 71561 "-" "-"
65.0.123.26 - - [20/Feb/2025:07:31:39 -0500] "GET /wp-includes/autoload_classmap.php HTTP/1.1" 404 71561 "-" "-"
65.0.123.26 - - [20/Feb/2025:07:31:41 -0500] "GET /wp-includes/pomo/rk2.php HTTP/1.1" 404 71561 "-" "-"
65.0.123.26 - - [20/Feb/2025:07:31:42 -0500] "GET /wp-sigunq.php HTTP/1.1" 404 71561 "-" "-"
65.0.123.26 - - [20/Feb/2025:07:31:44 -0500] "GET /wp-content/content.php HTTP/1.1" 404 71561 "-" "-"
65.0.123.26 - - [20/Feb/2025:07:31:46 -0500] "GET /footer.php HTTP/1.1" 404 71561 "-" "-"
65.0.123.26 - - [20/Feb/2025:07:31:48 -0500] "GET /wp-admin/css/colors/index.php HTTP/1.1" 301 0 "-" "-"
65.0.123.26 - - [20/Feb/2025:07:31:48 -0500] "GET /wp-admin/css/colors/ HTTP/1.1" 200 4709 "-" "-"
65.0.123.26 - - [20/Feb/2025:07:31:49 -0500] "GET /wp-includes/Requests/Utility/cc.php HTTP/1.1" 404 71561 "-" "-"
65.0.123.26 - - [20/Feb/2025:07:31:51 -0500] "GET /wp-content/upgrade-temp-backup/ty.php HTTP/1.1" 404 71561 "-" "-"
65.0.123.26 - - [20/Feb/2025:07:31:52 -0500] "GET /wsoyanz.php HTTP/1.1" 404 71561 "-" "-"
65.0.123.26 - - [20/Feb/2025:07:31:54 -0500] "GET /wp-content/themes/astra/inc/network.php HTTP/1.1" 404 71561 "-" "-"
65.0.123.26 - - [20/Feb/2025:07:31:55 -0500] "GET /wp-content/json.php HTTP/1.1" 404 71561 "-" "-"
65.0.123.26 - - [20/Feb/2025:07:31:57 -0500] "GET /images/about.php HTTP/1.1" 404 71561 "-" "-"
65.0.123.26 - - [20/Feb/2025:07:31:59 -0500] "GET /wp-conflg.php HTTP/1.1" 404 71561 "-" "-"
65.0.123.26 - - [20/Feb/2025:07:32:00 -0500] "GET /wp-includes/html-api/alfa-rex.php HTTP/1.1" 404 71561 "-" "-"
162.0.217.198 - - [20/Feb/2025:07:32:02 -0500] "POST /wp-cron.php?doing_wp_cron=1740054722.9753649234771728515625 HTTP/1.1" 200 0 "-" "WordPress/6.7.2; https://heyseo.ai"
65.0.123.26 - - [20/Feb/2025:07:32:02 -0500] "GET /wp-admin/js/chosen.php HTTP/1.1" 404 71561 "-" "-"
65.0.123.26 - - [20/Feb/2025:07:32:04 -0500] "GET /wp-admin/network/shell.php HTTP/1.1" 404 71561 "-" "-"
65.0.123.26 - - [20/Feb/2025:07:32:06 -0500] "GET /wp-comments-post.php HTTP/1.1" 405 0 "-" "-"
65.0.123.26 - - [20/Feb/2025:07:32:07 -0500] "GET /wp-includes/certificates/about.php HTTP/1.1" 404 71561 "-" "-"
65.0.123.26 - - [20/Feb/2025:07:32:09 -0500] "GET /alfa-rex.php7 HTTP/1.1" 404 71561 "-" "-"
65.0.123.26 - - [20/Feb/2025:07:32:10 -0500] "GET /wp-2019.php HTTP/1.1" 404 71561 "-" "-"
65.0.123.26 - - [20/Feb/2025:07:32:12 -0500] "GET /wp-includes/sodium_compat/alfa-rex.php HTTP/1.1" 404 71561 "-" "-"
65.0.123.26 - - [20/Feb/2025:07:32:14 -0500] "GET /alfanew2.php7 HTTP/1.1" 404 71561 "-" "-"
162.0.217.198 - - [20/Feb/2025:07:32:16 -0500] "POST /wp-cron.php?doing_wp_cron=1740054736.5742108821868896484375 HTTP/1.1" 200 0 "-" "WordPress/6.7.2; https://heyseo.ai"
65.0.123.26 - - [20/Feb/2025:07:32:15 -0500] "GET /wp-load.php HTTP/1.1" 200 0 "-" "-"
162.0.217.198 - - [20/Feb/2025:07:32:17 -0500] "POST /wp-admin/admin-ajax.php?action=async_litespeed&nonce=g625R1dNRorYzBydaL2wsI8Dvh8E55pS&litespeed_type=imgoptm HTTP/1.1" 200 21 "-" "WordPress/6.7.2; https://heyseo.ai"
65.0.123.26 - - [20/Feb/2025:07:32:17 -0500] "GET /wp-content/plugins/core-plugin/file-manager.php HTTP/1.1" 404 71561 "-" "-"
65.0.123.26 - - [20/Feb/2025:07:32:19 -0500] "GET /wp-includes/Text/Diff/Engine/index.php HTTP/1.1" 301 0 "-" "-"
65.0.123.26 - - [20/Feb/2025:07:32:19 -0500] "GET /wp-includes/Text/Diff/Engine/ HTTP/1.1" 200 2438 "-" "-"
65.0.123.26 - - [20/Feb/2025:07:32:20 -0500] "GET /assets/edit.php HTTP/1.1" 404 71561 "-" "-"
162.0.217.198 - - [20/Feb/2025:07:32:22 -0500] "POST /wp-cron.php?doing_wp_cron=1740054742.6630930900573730468750 HTTP/1.1" 200 0 "-" "WordPress/6.7.2; https://heyseo.ai"
65.0.123.26 - - [20/Feb/2025:07:32:22 -0500] "GET /ae.php HTTP/1.1" 404 71561 "-" "-"
65.0.123.26 - - [20/Feb/2025:07:32:24 -0500] "GET /wp-content/themes/astra/inc/fm.php HTTP/1.1" 404 71561 "-" "-"
65.0.123.26 - - [20/Feb/2025:07:32:26 -0500] "GET /wp-includes/Requests/file.php HTTP/1.1" 404 71561 "-" "-"
162.0.217.198 - - [20/Feb/2025:07:32:29 -0500] "POST /wp-cron.php?doing_wp_cron=1740054749.2551939487457275390625 HTTP/1.1" 200 0 "-" "WordPress/6.7.2; https://heyseo.ai"
65.0.123.26 - - [20/Feb/2025:07:32:28 -0500] "GET /log.php HTTP/1.1" 404 71561 "-" "-"
65.0.123.26 - - [20/Feb/2025:07:32:31 -0500] "GET /wp-admin/user/chosen.php HTTP/1.1" 404 71561 "-" "-"
65.0.123.26 - - [20/Feb/2025:07:32:33 -0500] "GET /bg/xmrlpc.php HTTP/1.1" 404 71561 "-" "-"
65.0.123.26 - - [20/Feb/2025:07:32:35 -0500] "GET /.well-knownold/inputs.php HTTP/1.1" 404 71561 "-" "-"
162.0.217.198 - - [20/Feb/2025:07:34:04 -0500] "POST /wp-cron.php?doing_wp_cron=1740054844.7742969989776611328125 HTTP/1.1" 200 0 "-" "WordPress/6.7.2; https://heyseo.ai"
5.28.89.133 - - [20/Feb/2025:07:34:01 -0500] "POST /wp-admin/admin-ajax.php HTTP/1.1" 200 47 "https://heyseo.ai/wp-admin/theme-editor.php?file=style-rtl.css&theme=heyseo-v1.2" "Mozilla/5.0 (Macintosh; Intel Mac OS X 10_15_7) AppleWebKit/537.36 (KHTML, like Gecko) Chrome/133.0.0.0 Safari/537.36"
162.0.217.198 - - [20/Feb/2025:07:34:05 -0500] "POST /wp-admin/admin-ajax.php?action=async_litespeed&nonce=XrSJqI6AcblAq95lvW20foHCNN7VSD5B&litespeed_type=imgoptm HTTP/1.1" 200 21 "-" "WordPress/6.7.2; https://heyseo.ai"
162.0.217.198 - - [20/Feb/2025:07:34:25 -0500] "POST /wp-cron.php?doing_wp_cron=1740054865.7285490036010742187500 HTTP/1.1" 200 0 "-" "WordPress/6.7.2; https://heyseo.ai"
5.28.89.133 - - [20/Feb/2025:07:34:25 -0500] "POST /wp-admin/admin-ajax.php HTTP/1.1" 200 63 "https://heyseo.ai/wp-admin/theme-editor.php?file=style-rtl.css&theme=heyseo-v1.2" "Mozilla/5.0 (Macintosh; Intel Mac OS X 10_15_7) AppleWebKit/537.36 (KHTML, like Gecko) Chrome/133.0.0.0 Safari/537.36"
162.0.217.198 - - [20/Feb/2025:07:34:26 -0500] "POST /wp-admin/admin-ajax.php?action=async_litespeed&nonce=FcTODDkaxJlo9Nj9r4Gi9tFKqSWkwggi&litespeed_type=imgoptm HTTP/1.1" 200 21 "-" "WordPress/6.7.2; https://heyseo.ai"
162.0.217.198 - - [20/Feb/2025:07:34:30 -0500] "POST /wp-cron.php?doing_wp_cron=1740054870.5763299465179443359375 HTTP/1.1" 200 0 "-" "WordPress/6.7.2; https://heyseo.ai"
5.28.89.133 - - [20/Feb/2025:07:34:30 -0500] "GET /wp-admin/edit.php HTTP/1.1" 200 33681 "https://heyseo.ai/wp-admin/theme-editor.php?file=style-rtl.css&theme=heyseo-v1.2" "Mozilla/5.0 (Macintosh; Intel Mac OS X 10_15_7) AppleWebKit/537.36 (KHTML, like Gecko) Chrome/133.0.0.0 Safari/537.36"
5.28.89.133 - - [20/Feb/2025:07:34:32 -0500] "POST /wp-admin/admin-ajax.php HTTP/1.1" 200 47 "https://heyseo.ai/wp-admin/edit.php" "Mozilla/5.0 (Macintosh; Intel Mac OS X 10_15_7) AppleWebKit/537.36 (KHTML, like Gecko) Chrome/133.0.0.0 Safari/537.36"
5.28.89.133 - - [20/Feb/2025:07:34:41 -0500] "GET /wp-admin/post.php?post=1202&action=edit HTTP/1.1" 200 146300 "https://heyseo.ai/wp-admin/edit.php" "Mozilla/5.0 (Macintosh; Intel Mac OS X 10_15_7) AppleWebKit/537.36 (KHTML, like Gecko) Chrome/133.0.0.0 Safari/537.36"
5.28.89.133 - - [20/Feb/2025:07:34:42 -0500] "POST /wp-admin/admin-ajax.php HTTP/1.1" 200 0 "https://heyseo.ai/wp-admin/edit.php" "Mozilla/5.0 (Macintosh; Intel Mac OS X 10_15_7) AppleWebKit/537.36 (KHTML, like Gecko) Chrome/133.0.0.0 Safari/537.36"
5.28.89.133 - - [20/Feb/2025:07:34:43 -0500] "GET /wp-json/wpforms/v1/themes/?_locale=user HTTP/1.1" 200 9111 "https://heyseo.ai/wp-admin/post.php?post=1202&action=edit" "Mozilla/5.0 (Macintosh; Intel Mac OS X 10_15_7) AppleWebKit/537.36 (KHTML, like Gecko) Chrome/133.0.0.0 Safari/537.36"
5.28.89.133 - - [20/Feb/2025:07:34:43 -0500] "OPTIONS /wp-json/wp/v2/settings?_locale=user HTTP/1.1" 200 5189 "https://heyseo.ai/wp-admin/post.php?post=1202&action=edit" "Mozilla/5.0 (Macintosh; Intel Mac OS X 10_15_7) AppleWebKit/537.36 (KHTML, like Gecko) Chrome/133.0.0.0 Safari/537.36"
5.28.89.133 - - [20/Feb/2025:07:34:43 -0500] "GET /wp-json/wp/v2/block-patterns/categories?_locale=user HTTP/1.1" 200 1941 "https://heyseo.ai/wp-admin/post.php?post=1202&action=edit" "Mozilla/5.0 (Macintosh; Intel Mac OS X 10_15_7) AppleWebKit/537.36 (KHTML, like Gecko) Chrome/133.0.0.0 Safari/537.36"
5.28.89.133 - - [20/Feb/2025:07:34:44 -0500] "GET /wp-json/wp/v2/blocks?context=edit&per_page=100&page=1&lang=en&_locale=user HTTP/1.1" 200 2 "https://heyseo.ai/wp-admin/post.php?post=1202&action=edit" "Mozilla/5.0 (Macintosh; Intel Mac OS X 10_15_7) AppleWebKit/537.36 (KHTML, like Gecko) Chrome/133.0.0.0 Safari/537.36"
5.28.89.133 - - [20/Feb/2025:07:34:44 -0500] "GET /wp-json/wp/v2/wp_pattern_category?context=view&per_page=100&_fields=id%2Cname%2Cdescription%2Cslug&_locale=user HTTP/1.1" 200 2 "https://heyseo.ai/wp-admin/post.php?post=1202&action=edit" "Mozilla/5.0 (Macintosh; Intel Mac OS X 10_15_7) AppleWebKit/537.36 (KHTML, like Gecko) Chrome/133.0.0.0 Safari/537.36"
5.28.89.133 - - [20/Feb/2025:07:34:44 -0500] "GET /wp-json/wp/v2/taxonomies?context=edit&per_page=100&_locale=user HTTP/1.1" 200 8236 "https://heyseo.ai/wp-admin/post.php?post=1202&action=edit" "Mozilla/5.0 (Macintosh; Intel Mac OS X 10_15_7) AppleWebKit/537.36 (KHTML, like Gecko) Chrome/133.0.0.0 Safari/537.36"
5.28.89.133 - - [20/Feb/2025:07:34:44 -0500] "GET /wp-json/wp/v2/media/1217?context=edit&_locale=user HTTP/1.1" 200 5200 "https://heyseo.ai/wp-admin/post.php?post=1202&action=edit" "Mozilla/5.0 (Macintosh; Intel Mac OS X 10_15_7) AppleWebKit/537.36 (KHTML, like Gecko) Chrome/133.0.0.0 Safari/537.36"
5.28.89.133 - - [20/Feb/2025:07:34:44 -0500] "GET /wp-json/?_fields=description%2Cgmt_offset%2Chome%2Cname%2Csite_icon%2Csite_icon_url%2Csite_logo%2Ctimezone_string%2Curl&_locale=user HTTP/1.1" 200 500 "https://heyseo.ai/wp-admin/post.php?post=1202&action=edit" "Mozilla/5.0 (Macintosh; Intel Mac OS X 10_15_7) AppleWebKit/537.36 (KHTML, like Gecko) Chrome/133.0.0.0 Safari/537.36"
5.28.89.133 - - [20/Feb/2025:07:34:44 -0500] "GET /wp-json/wp/v2/users?context=view&who=authors&per_page=50&_fields=id%2Cname&_locale=user HTTP/1.1" 200 58 "https://heyseo.ai/wp-admin/post.php?post=1202&action=edit" "Mozilla/5.0 (Macintosh; Intel Mac OS X 10_15_7) AppleWebKit/537.36 (KHTML, like Gecko) Chrome/133.0.0.0 Safari/537.36"
5.28.89.133 - - [20/Feb/2025:07:34:44 -0500] "OPTIONS /wp-json/wp/v2/posts?lang=en&_locale=user HTTP/1.1" 200 17762 "https://heyseo.ai/wp-admin/post.php?post=1202&action=edit" "Mozilla/5.0 (Macintosh; Intel Mac OS X 10_15_7) AppleWebKit/537.36 (KHTML, like Gecko) Chrome/133.0.0.0 Safari/537.36"
5.28.89.133 - - [20/Feb/2025:07:34:44 -0500] "GET /wp-json/wp/v2/taxonomies?context=edit&_locale=user HTTP/1.1" 200 8236 "https://heyseo.ai/wp-admin/post.php?post=1202&action=edit" "Mozilla/5.0 (Macintosh; Intel Mac OS X 10_15_7) AppleWebKit/537.36 (KHTML, like Gecko) Chrome/133.0.0.0 Safari/537.36"
5.28.89.133 - - [20/Feb/2025:07:34:44 -0500] "GET /wp-json/wp/v2/pages/81?context=edit&_locale=user HTTP/1.1" 200 5830 "https://heyseo.ai/wp-admin/post.php?post=1202&action=edit" "Mozilla/5.0 (Macintosh; Intel Mac OS X 10_15_7) AppleWebKit/537.36 (KHTML, like Gecko) Chrome/133.0.0.0 Safari/537.36"
5.28.89.133 - - [20/Feb/2025:07:34:44 -0500] "GET /wp-json/wp/v2/media/1217?context=view&_locale=user HTTP/1.1" 200 4630 "https://heyseo.ai/wp-admin/post.php?post=1202&action=edit" "Mozilla/5.0 (Macintosh; Intel Mac OS X 10_15_7) AppleWebKit/537.36 (KHTML, like Gecko) Chrome/133.0.0.0 Safari/537.36"
5.28.89.133 - - [20/Feb/2025:07:34:44 -0500] "GET /wp-json/wp/v2/categories?per_page=100&orderby=count&order=desc&_fields=id%2Cname&lang=en&_locale=user HTTP/1.1" 200 327 "https://heyseo.ai/wp-admin/post.php?post=1202&action=edit" "Mozilla/5.0 (Macintosh; Intel Mac OS X 10_15_7) AppleWebKit/537.36 (KHTML, like Gecko) Chrome/133.0.0.0 Safari/537.36"
5.28.89.133 - - [20/Feb/2025:07:34:44 -0500] "GET /wp-json/wp/v2/taxonomies/category?context=edit&_locale=user HTTP/1.1" 200 2062 "https://heyseo.ai/wp-admin/post.php?post=1202&action=edit" "Mozilla/5.0 (Macintosh; Intel Mac OS X 10_15_7) AppleWebKit/537.36 (KHTML, like Gecko) Chrome/133.0.0.0 Safari/537.36"
5.28.89.133 - - [20/Feb/2025:07:34:44 -0500] "GET /wp-json/wp/v2/categories?context=view&per_page=100&orderby=name&order=asc&_fields=id%2Cname%2Cparent&lang=en&_locale=user HTTP/1.1" 200 437 "https://heyseo.ai/wp-admin/post.php?post=1202&action=edit" "Mozilla/5.0 (Macintosh; Intel Mac OS X 10_15_7) AppleWebKit/537.36 (KHTML, like Gecko) Chrome/133.0.0.0 Safari/537.36"
5.28.89.133 - - [20/Feb/2025:07:34:44 -0500] "GET /wp-json/wp/v2/users/2?context=view&_fields=id%2Cname&_locale=user HTTP/1.1" 200 28 "https://heyseo.ai/wp-admin/post.php?post=1202&action=edit" "Mozilla/5.0 (Macintosh; Intel Mac OS X 10_15_7) AppleWebKit/537.36 (KHTML, like Gecko) Chrome/133.0.0.0 Safari/537.36"
5.28.89.133 - - [20/Feb/2025:07:34:53 -0500] "POST /wp-admin/admin-ajax.php HTTP/1.1" 200 98 "https://heyseo.ai/wp-admin/post.php?post=1202&action=edit" "Mozilla/5.0 (Macintosh; Intel Mac OS X 10_15_7) AppleWebKit/537.36 (KHTML, like Gecko) Chrome/133.0.0.0 Safari/537.36"
5.28.89.133 - - [20/Feb/2025:07:35:03 -0500] "POST /wp-admin/admin-ajax.php HTTP/1.1" 200 98 "https://heyseo.ai/wp-admin/post.php?post=1202&action=edit" "Mozilla/5.0 (Macintosh; Intel Mac OS X 10_15_7) AppleWebKit/537.36 (KHTML, like Gecko) Chrome/133.0.0.0 Safari/537.36"
162.0.217.198 - - [20/Feb/2025:07:35:03 -0500] "POST /wp-cron.php?doing_wp_cron=1740054903.7246561050415039062500 HTTP/1.1" 200 0 "-" "WordPress/6.7.2; https://heyseo.ai"
5.28.89.133 - - [20/Feb/2025:07:35:03 -0500] "POST /wp-json/wpforms/v1/themes/custom/?_locale=user HTTP/1.1" 200 15 "https://heyseo.ai/wp-admin/post.php?post=1202&action=edit" "Mozilla/5.0 (Macintosh; Intel Mac OS X 10_15_7) AppleWebKit/537.36 (KHTML, like Gecko) Chrome/133.0.0.0 Safari/537.36"
5.28.89.133 - - [20/Feb/2025:07:35:03 -0500] "POST /wp-json/wp/v2/posts/1202?_locale=user HTTP/1.1" 200 23005 "https://heyseo.ai/wp-admin/post.php?post=1202&action=edit" "Mozilla/5.0 (Macintosh; Intel Mac OS X 10_15_7) AppleWebKit/537.36 (KHTML, like Gecko) Chrome/133.0.0.0 Safari/537.36"
162.0.217.198 - - [20/Feb/2025:07:35:04 -0500] "POST /wp-cron.php?doing_wp_cron=1740054904.8959240913391113281250 HTTP/1.1" 200 0 "-" "WordPress/6.7.2; https://heyseo.ai"
5.28.89.133 - - [20/Feb/2025:07:35:04 -0500] "POST /wp-json/wpforms/v1/themes/custom/?_locale=user HTTP/1.1" 200 15 "https://heyseo.ai/wp-admin/post.php?post=1202&action=edit" "Mozilla/5.0 (Macintosh; Intel Mac OS X 10_15_7) AppleWebKit/537.36 (KHTML, like Gecko) Chrome/133.0.0.0 Safari/537.36"
5.28.89.133 - - [20/Feb/2025:07:35:04 -0500] "POST /wp-admin/post.php?post=1202&action=edit&meta-box-loader=1&meta-box-loader-nonce=417a2dbf6a&_locale=user HTTP/1.1" 302 0 "https://heyseo.ai/wp-admin/post.php?post=1202&action=edit" "Mozilla/5.0 (Macintosh; Intel Mac OS X 10_15_7) AppleWebKit/537.36 (KHTML, like Gecko) Chrome/133.0.0.0 Safari/537.36"
5.28.89.133 - - [20/Feb/2025:07:35:05 -0500] "GET /wp-admin/post.php?post=1202&action=edit&message=4 HTTP/1.1" 200 143678 "https://heyseo.ai/wp-admin/post.php?post=1202&action=edit" "Mozilla/5.0 (Macintosh; Intel Mac OS X 10_15_7) AppleWebKit/537.36 (KHTML, like Gecko) Chrome/133.0.0.0 Safari/537.36"
5.28.89.133 - - [20/Feb/2025:07:35:06 -0500] "POST /wp-json/wpforms/v1/themes/custom/?_locale=user HTTP/1.1" 200 15 "https://heyseo.ai/wp-admin/post.php?post=1202&action=edit" "Mozilla/5.0 (Macintosh; Intel Mac OS X 10_15_7) AppleWebKit/537.36 (KHTML, like Gecko) Chrome/133.0.0.0 Safari/537.36"
43.165.70.220 - - [20/Feb/2025:07:35:06 -0500] "GET /fr/accueil/ HTTP/1.1" 200 42939 "-" "Mozilla/5.0 (iPhone; CPU iPhone OS 13_2_3 like Mac OS X) AppleWebKit/605.1.15 (KHTML, like Gecko) Version/13.0.3 Mobile/15E148 Safari/604.1"
5.28.89.133 - - [20/Feb/2025:07:35:09 -0500] "GET /streamlit-example/ HTTP/1.1" 200 30096 "https://heyseo.ai/wp-admin/post.php?post=1202&action=edit" "Mozilla/5.0 (Macintosh; Intel Mac OS X 10_15_7) AppleWebKit/537.36 (KHTML, like Gecko) Chrome/133.0.0.0 Safari/537.36"
5.28.89.133 - - [20/Feb/2025:07:35:09 -0500] "POST /wp-admin/admin-ajax.php HTTP/1.1" 200 5 "https://heyseo.ai/wp-admin/post.php?post=1202&action=edit" "Mozilla/5.0 (Macintosh; Intel Mac OS X 10_15_7) AppleWebKit/537.36 (KHTML, like Gecko) Chrome/133.0.0.0 Safari/537.36"
162.0.217.198 - - [20/Feb/2025:07:35:29 -0500] "POST /wp-cron.php?doing_wp_cron=1740054929.5833098888397216796875 HTTP/1.1" 200 0 "-" "WordPress/6.7.2; https://heyseo.ai"
162.0.217.198 - - [20/Feb/2025:07:35:29 -0500] "POST /wp-admin/admin-ajax.php?action=async_litespeed&nonce=kmiL16AdRuXbzVgY4mAcogjpbqYZVWY8&litespeed_type=imgoptm HTTP/1.1" 200 21 "-" "WordPress/6.7.2; https://heyseo.ai"
5.28.89.133 - - [20/Feb/2025:07:35:29 -0500] "GET /wp-admin/post.php?post=1202&action=edit HTTP/1.1" 200 146195 "https://heyseo.ai/wp-admin/edit.php" "Mozilla/5.0 (Macintosh; Intel Mac OS X 10_15_7) AppleWebKit/537.36 (KHTML, like Gecko) Chrome/133.0.0.0 Safari/537.36"
5.28.89.133 - - [20/Feb/2025:07:35:30 -0500] "GET /wp-admin/post.php?post=1202&action=edit HTTP/1.1" 200 146035 "https://heyseo.ai/wp-admin/post.php?post=1202&action=edit" "Mozilla/5.0 (Macintosh; Intel Mac OS X 10_15_7) AppleWebKit/537.36 (KHTML, like Gecko) Chrome/133.0.0.0 Safari/537.36"
5.28.89.133 - - [20/Feb/2025:07:35:32 -0500] "GET /wp-json/wpforms/v1/themes/?_locale=user HTTP/1.1" 200 9111 "https://heyseo.ai/wp-admin/post.php?post=1202&action=edit" "Mozilla/5.0 (Macintosh; Intel Mac OS X 10_15_7) AppleWebKit/537.36 (KHTML, like Gecko) Chrome/133.0.0.0 Safari/537.36"
5.28.89.133 - - [20/Feb/2025:07:35:32 -0500] "GET /wp-json/wp/v2/block-patterns/categories?_locale=user HTTP/1.1" 200 1941 "https://heyseo.ai/wp-admin/post.php?post=1202&action=edit" "Mozilla/5.0 (Macintosh; Intel Mac OS X 10_15_7) AppleWebKit/537.36 (KHTML, like Gecko) Chrome/133.0.0.0 Safari/537.36"
5.28.89.133 - - [20/Feb/2025:07:35:32 -0500] "OPTIONS /wp-json/wp/v2/settings?_locale=user HTTP/1.1" 200 5189 "https://heyseo.ai/wp-admin/post.php?post=1202&action=edit" "Mozilla/5.0 (Macintosh; Intel Mac OS X 10_15_7) AppleWebKit/537.36 (KHTML, like Gecko) Chrome/133.0.0.0 Safari/537.36"
5.28.89.133 - - [20/Feb/2025:07:35:32 -0500] "GET /wp-json/wp/v2/media/1217?context=edit&_locale=user HTTP/1.1" 200 5200 "https://heyseo.ai/wp-admin/post.php?post=1202&action=edit" "Mozilla/5.0 (Macintosh; Intel Mac OS X 10_15_7) AppleWebKit/537.36 (KHTML, like Gecko) Chrome/133.0.0.0 Safari/537.36"
5.28.89.133 - - [20/Feb/2025:07:35:32 -0500] "GET /wp-json/wp/v2/blocks?context=edit&per_page=100&page=1&lang=en&_locale=user HTTP/1.1" 200 2 "https://heyseo.ai/wp-admin/post.php?post=1202&action=edit" "Mozilla/5.0 (Macintosh; Intel Mac OS X 10_15_7) AppleWebKit/537.36 (KHTML, like Gecko) Chrome/133.0.0.0 Safari/537.36"
5.28.89.133 - - [20/Feb/2025:07:35:32 -0500] "GET /wp-json/wp/v2/users?context=view&who=authors&per_page=50&_fields=id%2Cname&_locale=user HTTP/1.1" 200 58 "https://heyseo.ai/wp-admin/post.php?post=1202&action=edit" "Mozilla/5.0 (Macintosh; Intel Mac OS X 10_15_7) AppleWebKit/537.36 (KHTML, like Gecko) Chrome/133.0.0.0 Safari/537.36"
5.28.89.133 - - [20/Feb/2025:07:35:33 -0500] "GET /wp-json/wp/v2/media/1217?context=view&_locale=user HTTP/1.1" 200 4630 "https://heyseo.ai/wp-admin/post.php?post=1202&action=edit" "Mozilla/5.0 (Macintosh; Intel Mac OS X 10_15_7) AppleWebKit/537.36 (KHTML, like Gecko) Chrome/133.0.0.0 Safari/537.36"
5.28.89.133 - - [20/Feb/2025:07:35:33 -0500] "GET /wp-json/wp/v2/taxonomies?context=edit&_locale=user HTTP/1.1" 200 8236 "https://heyseo.ai/wp-admin/post.php?post=1202&action=edit" "Mozilla/5.0 (Macintosh; Intel Mac OS X 10_15_7) AppleWebKit/537.36 (KHTML, like Gecko) Chrome/133.0.0.0 Safari/537.36"
5.28.89.133 - - [20/Feb/2025:07:35:32 -0500] "GET /wp-json/?_fields=description%2Cgmt_offset%2Chome%2Cname%2Csite_icon%2Csite_icon_url%2Csite_logo%2Ctimezone_string%2Curl&_locale=user HTTP/1.1" 200 500 "https://heyseo.ai/wp-admin/post.php?post=1202&action=edit" "Mozilla/5.0 (Macintosh; Intel Mac OS X 10_15_7) AppleWebKit/537.36 (KHTML, like Gecko) Chrome/133.0.0.0 Safari/537.36"
5.28.89.133 - - [20/Feb/2025:07:35:32 -0500] "OPTIONS /wp-json/wp/v2/posts?lang=en&_locale=user HTTP/1.1" 200 17762 "https://heyseo.ai/wp-admin/post.php?post=1202&action=edit" "Mozilla/5.0 (Macintosh; Intel Mac OS X 10_15_7) AppleWebKit/537.36 (KHTML, like Gecko) Chrome/133.0.0.0 Safari/537.36"
5.28.89.133 - - [20/Feb/2025:07:35:32 -0500] "GET /wp-json/wp/v2/wp_pattern_category?context=view&per_page=100&_fields=id%2Cname%2Cdescription%2Cslug&_locale=user HTTP/1.1" 200 2 "https://heyseo.ai/wp-admin/post.php?post=1202&action=edit" "Mozilla/5.0 (Macintosh; Intel Mac OS X 10_15_7) AppleWebKit/537.36 (KHTML, like Gecko) Chrome/133.0.0.0 Safari/537.36"
5.28.89.133 - - [20/Feb/2025:07:35:32 -0500] "GET /wp-json/wp/v2/taxonomies?context=edit&per_page=100&_locale=user HTTP/1.1" 200 8236 "https://heyseo.ai/wp-admin/post.php?post=1202&action=edit" "Mozilla/5.0 (Macintosh; Intel Mac OS X 10_15_7) AppleWebKit/537.36 (KHTML, like Gecko) Chrome/133.0.0.0 Safari/537.36"
5.28.89.133 - - [20/Feb/2025:07:35:33 -0500] "GET /wp-json/wp/v2/pages/81?context=edit&_locale=user HTTP/1.1" 200 5830 "https://heyseo.ai/wp-admin/post.php?post=1202&action=edit" "Mozilla/5.0 (Macintosh; Intel Mac OS X 10_15_7) AppleWebKit/537.36 (KHTML, like Gecko) Chrome/133.0.0.0 Safari/537.36"
5.28.89.133 - - [20/Feb/2025:07:35:33 -0500] "GET /wp-json/wp/v2/users/2?context=view&_fields=id%2Cname&_locale=user HTTP/1.1" 200 28 "https://heyseo.ai/wp-admin/post.php?post=1202&action=edit" "Mozilla/5.0 (Macintosh; Intel Mac OS X 10_15_7) AppleWebKit/537.36 (KHTML, like Gecko) Chrome/133.0.0.0 Safari/537.36"
5.28.89.133 - - [20/Feb/2025:07:35:33 -0500] "GET /wp-json/wp/v2/taxonomies/category?context=edit&_locale=user HTTP/1.1" 200 2062 "https://heyseo.ai/wp-admin/post.php?post=1202&action=edit" "Mozilla/5.0 (Macintosh; Intel Mac OS X 10_15_7) AppleWebKit/537.36 (KHTML, like Gecko) Chrome/133.0.0.0 Safari/537.36"
5.28.89.133 - - [20/Feb/2025:07:35:34 -0500] "GET /wp-json/wp/v2/categories?context=view&per_page=100&orderby=name&order=asc&_fields=id%2Cname%2Cparent&lang=en&_locale=user HTTP/1.1" 200 437 "https://heyseo.ai/wp-admin/post.php?post=1202&action=edit" "Mozilla/5.0 (Macintosh; Intel Mac OS X 10_15_7) AppleWebKit/537.36 (KHTML, like Gecko) Chrome/133.0.0.0 Safari/537.36"
5.28.89.133 - - [20/Feb/2025:07:35:33 -0500] "GET /wp-json/wp/v2/categories?per_page=100&orderby=count&order=desc&_fields=id%2Cname&lang=en&_locale=user HTTP/1.1" 200 327 "https://heyseo.ai/wp-admin/post.php?post=1202&action=edit" "Mozilla/5.0 (Macintosh; Intel Mac OS X 10_15_7) AppleWebKit/537.36 (KHTML, like Gecko) Chrome/133.0.0.0 Safari/537.36"
5.28.89.133 - - [20/Feb/2025:07:35:42 -0500] "POST /wp-admin/admin-ajax.php HTTP/1.1" 200 98 "https://heyseo.ai/wp-admin/post.php?post=1202&action=edit" "Mozilla/5.0 (Macintosh; Intel Mac OS X 10_15_7) AppleWebKit/537.36 (KHTML, like Gecko) Chrome/133.0.0.0 Safari/537.36"
5.28.89.133 - - [20/Feb/2025:07:35:42 -0500] "POST /wp-json/wpforms/v1/themes/custom/?_locale=user HTTP/1.1" 200 15 "https://heyseo.ai/wp-admin/post.php?post=1202&action=edit" "Mozilla/5.0 (Macintosh; Intel Mac OS X 10_15_7) AppleWebKit/537.36 (KHTML, like Gecko) Chrome/133.0.0.0 Safari/537.36"
5.28.89.133 - - [20/Feb/2025:07:35:42 -0500] "POST /wp-json/wp/v2/posts/1202?_locale=user HTTP/1.1" 200 23005 "https://heyseo.ai/wp-admin/post.php?post=1202&action=edit" "Mozilla/5.0 (Macintosh; Intel Mac OS X 10_15_7) AppleWebKit/537.36 (KHTML, like Gecko) Chrome/133.0.0.0 Safari/537.36"
162.0.217.198 - - [20/Feb/2025:07:35:43 -0500] "POST /wp-cron.php?doing_wp_cron=1740054943.7860810756683349609375 HTTP/1.1" 200 0 "-" "WordPress/6.7.2; https://heyseo.ai"
5.28.89.133 - - [20/Feb/2025:07:35:43 -0500] "POST /wp-json/wpforms/v1/themes/custom/?_locale=user HTTP/1.1" 200 15 "https://heyseo.ai/wp-admin/post.php?post=1202&action=edit" "Mozilla/5.0 (Macintosh; Intel Mac OS X 10_15_7) AppleWebKit/537.36 (KHTML, like Gecko) Chrome/133.0.0.0 Safari/537.36"
5.28.89.133 - - [20/Feb/2025:07:35:43 -0500] "POST /wp-admin/post.php?post=1202&action=edit&meta-box-loader=1&meta-box-loader-nonce=417a2dbf6a&_locale=user HTTP/1.1" 302 0 "https://heyseo.ai/wp-admin/post.php?post=1202&action=edit" "Mozilla/5.0 (Macintosh; Intel Mac OS X 10_15_7) AppleWebKit/537.36 (KHTML, like Gecko) Chrome/133.0.0.0 Safari/537.36"
5.28.89.133 - - [20/Feb/2025:07:35:44 -0500] "POST /wp-json/wpforms/v1/themes/custom/?_locale=user HTTP/1.1" 200 15 "https://heyseo.ai/wp-admin/post.php?post=1202&action=edit" "Mozilla/5.0 (Macintosh; Intel Mac OS X 10_15_7) AppleWebKit/537.36 (KHTML, like Gecko) Chrome/133.0.0.0 Safari/537.36"
5.28.89.133 - - [20/Feb/2025:07:35:44 -0500] "GET /wp-admin/post.php?post=1202&action=edit&message=4 HTTP/1.1" 200 143781 "https://heyseo.ai/wp-admin/post.php?post=1202&action=edit" "Mozilla/5.0 (Macintosh; Intel Mac OS X 10_15_7) AppleWebKit/537.36 (KHTML, like Gecko) Chrome/133.0.0.0 Safari/537.36"
5.28.89.133 - - [20/Feb/2025:07:35:44 -0500] "POST /wp-json/wpforms/v1/themes/custom/?_locale=user HTTP/1.1" 200 15 "https://heyseo.ai/wp-admin/post.php?post=1202&action=edit" "Mozilla/5.0 (Macintosh; Intel Mac OS X 10_15_7) AppleWebKit/537.36 (KHTML, like Gecko) Chrome/133.0.0.0 Safari/537.36"
5.28.89.133 - - [20/Feb/2025:07:35:52 -0500] "POST /wp-admin/admin-ajax.php HTTP/1.1" 200 98 "https://heyseo.ai/wp-admin/post.php?post=1202&action=edit" "Mozilla/5.0 (Macintosh; Intel Mac OS X 10_15_7) AppleWebKit/537.36 (KHTML, like Gecko) Chrome/133.0.0.0 Safari/537.36"
162.0.217.198 - - [20/Feb/2025:07:36:02 -0500] "POST /wp-cron.php?doing_wp_cron=1740054962.4851028919219970703125 HTTP/1.1" 200 0 "-" "WordPress/6.7.2; https://heyseo.ai"
5.28.89.133 - - [20/Feb/2025:07:36:02 -0500] "POST /wp-admin/admin-ajax.php HTTP/1.1" 200 98 "https://heyseo.ai/wp-admin/post.php?post=1202&action=edit" "Mozilla/5.0 (Macintosh; Intel Mac OS X 10_15_7) AppleWebKit/537.36 (KHTML, like Gecko) Chrome/133.0.0.0 Safari/537.36"
5.28.89.133 - - [20/Feb/2025:07:36:06 -0500] "POST /wp-json/wpforms/v1/themes/custom/?_locale=user HTTP/1.1" 200 15 "https://heyseo.ai/wp-admin/post.php?post=1202&action=edit" "Mozilla/5.0 (Macintosh; Intel Mac OS X 10_15_7) AppleWebKit/537.36 (KHTML, like Gecko) Chrome/133.0.0.0 Safari/537.36"
5.28.89.133 - - [20/Feb/2025:07:36:06 -0500] "POST /wp-json/wp/v2/posts/1202?_locale=user HTTP/1.1" 200 23005 "https://heyseo.ai/wp-admin/post.php?post=1202&action=edit" "Mozilla/5.0 (Macintosh; Intel Mac OS X 10_15_7) AppleWebKit/537.36 (KHTML, like Gecko) Chrome/133.0.0.0 Safari/537.36"
162.0.217.198 - - [20/Feb/2025:07:36:08 -0500] "POST /wp-cron.php?doing_wp_cron=1740054967.9658370018005371093750 HTTP/1.1" 200 0 "-" "WordPress/6.7.2; https://heyseo.ai"
5.28.89.133 - - [20/Feb/2025:07:36:07 -0500] "POST /wp-json/wpforms/v1/themes/custom/?_locale=user HTTP/1.1" 200 15 "https://heyseo.ai/wp-admin/post.php?post=1202&action=edit" "Mozilla/5.0 (Macintosh; Intel Mac OS X 10_15_7) AppleWebKit/537.36 (KHTML, like Gecko) Chrome/133.0.0.0 Safari/537.36"
5.28.89.133 - - [20/Feb/2025:07:36:07 -0500] "POST /wp-admin/post.php?post=1202&action=edit&meta-box-loader=1&meta-box-loader-nonce=417a2dbf6a&_locale=user HTTP/1.1" 302 0 "https://heyseo.ai/wp-admin/post.php?post=1202&action=edit" "Mozilla/5.0 (Macintosh; Intel Mac OS X 10_15_7) AppleWebKit/537.36 (KHTML, like Gecko) Chrome/133.0.0.0 Safari/537.36"
5.28.89.133 - - [20/Feb/2025:07:36:08 -0500] "POST /wp-json/wpforms/v1/themes/custom/?_locale=user HTTP/1.1" 200 15 "https://heyseo.ai/wp-admin/post.php?post=1202&action=edit" "Mozilla/5.0 (Macintosh; Intel Mac OS X 10_15_7) AppleWebKit/537.36 (KHTML, like Gecko) Chrome/133.0.0.0 Safari/537.36"
5.28.89.133 - - [20/Feb/2025:07:36:08 -0500] "GET /wp-admin/post.php?post=1202&action=edit&message=4 HTTP/1.1" 200 143780 "https://heyseo.ai/wp-admin/post.php?post=1202&action=edit" "Mozilla/5.0 (Macintosh; Intel Mac OS X 10_15_7) AppleWebKit/537.36 (KHTML, like Gecko) Chrome/133.0.0.0 Safari/537.36"
5.28.89.133 - - [20/Feb/2025:07:36:12 -0500] "POST /wp-admin/admin-ajax.php HTTP/1.1" 200 98 "https://heyseo.ai/wp-admin/post.php?post=1202&action=edit" "Mozilla/5.0 (Macintosh; Intel Mac OS X 10_15_7) AppleWebKit/537.36 (KHTML, like Gecko) Chrome/133.0.0.0 Safari/537.36"
5.28.89.133 - - [20/Feb/2025:07:36:12 -0500] "GET /streamlit-example/ HTTP/1.1" 200 30063 "https://heyseo.ai/wp-admin/post.php?post=1202&action=edit" "Mozilla/5.0 (Macintosh; Intel Mac OS X 10_15_7) AppleWebKit/537.36 (KHTML, like Gecko) Chrome/133.0.0.0 Safari/537.36"
162.0.217.198 - - [20/Feb/2025:07:36:23 -0500] "POST /wp-cron.php?doing_wp_cron=1740054983.2552649974822998046875 HTTP/1.1" 200 0 "-" "WordPress/6.7.2; https://heyseo.ai"
5.28.89.133 - - [20/Feb/2025:07:36:22 -0500] "POST /wp-admin/admin-ajax.php HTTP/1.1" 200 98 "https://heyseo.ai/wp-admin/post.php?post=1202&action=edit" "Mozilla/5.0 (Macintosh; Intel Mac OS X 10_15_7) AppleWebKit/537.36 (KHTML, like Gecko) Chrome/133.0.0.0 Safari/537.36"
162.0.217.198 - - [20/Feb/2025:07:36:23 -0500] "POST /wp-admin/admin-ajax.php?action=async_litespeed&nonce=ufl4ixvzn6ZM3mXvq20TbN2AuCUGWydI&litespeed_type=imgoptm HTTP/1.1" 200 21 "-" "WordPress/6.7.2; https://heyseo.ai"
162.0.217.198 - - [20/Feb/2025:07:36:31 -0500] "POST /wp-cron.php?doing_wp_cron=1740054991.7140750885009765625000 HTTP/1.1" 200 0 "-" "WordPress/6.7.2; https://heyseo.ai"
5.28.89.133 - - [20/Feb/2025:07:36:31 -0500] "GET /streamlit-example/ HTTP/1.1" 200 26372 "https://heyseo.ai/" "Mozilla/5.0 (iPhone; CPU iPhone OS 18_3_1 like Mac OS X) AppleWebKit/605.1.15 (KHTML, like Gecko) Version/18.3 Mobile/15E148 Safari/604.1"
5.28.89.133 - - [20/Feb/2025:07:36:55 -0500] "POST /wp-admin/admin-ajax.php HTTP/1.1" 200 98 "https://heyseo.ai/wp-admin/post.php?post=1202&action=edit" "Mozilla/5.0 (Macintosh; Intel Mac OS X 10_15_7) AppleWebKit/537.36 (KHTML, like Gecko) Chrome/133.0.0.0 Safari/537.36"
5.28.89.133 - - [20/Feb/2025:07:37:01 -0500] "POST /wp-json/wpforms/v1/themes/custom/?_locale=user HTTP/1.1" 200 15 "https://heyseo.ai/wp-admin/post.php?post=1202&action=edit" "Mozilla/5.0 (Macintosh; Intel Mac OS X 10_15_7) AppleWebKit/537.36 (KHTML, like Gecko) Chrome/133.0.0.0 Safari/537.36"
5.28.89.133 - - [20/Feb/2025:07:37:01 -0500] "POST /wp-json/wp/v2/posts/1202?_locale=user HTTP/1.1" 200 23007 "https://heyseo.ai/wp-admin/post.php?post=1202&action=edit" "Mozilla/5.0 (Macintosh; Intel Mac OS X 10_15_7) AppleWebKit/537.36 (KHTML, like Gecko) Chrome/133.0.0.0 Safari/537.36"
162.0.217.198 - - [20/Feb/2025:07:37:02 -0500] "POST /wp-cron.php?doing_wp_cron=1740055022.2221488952636718750000 HTTP/1.1" 200 0 "-" "WordPress/6.7.2; https://heyseo.ai"
5.28.89.133 - - [20/Feb/2025:07:37:02 -0500] "POST /wp-json/wpforms/v1/themes/custom/?_locale=user HTTP/1.1" 200 15 "https://heyseo.ai/wp-admin/post.php?post=1202&action=edit" "Mozilla/5.0 (Macintosh; Intel Mac OS X 10_15_7) AppleWebKit/537.36 (KHTML, like Gecko) Chrome/133.0.0.0 Safari/537.36"
5.28.89.133 - - [20/Feb/2025:07:37:02 -0500] "POST /wp-admin/post.php?post=1202&action=edit&meta-box-loader=1&meta-box-loader-nonce=417a2dbf6a&_locale=user HTTP/1.1" 302 0 "https://heyseo.ai/wp-admin/post.php?post=1202&action=edit" "Mozilla/5.0 (Macintosh; Intel Mac OS X 10_15_7) AppleWebKit/537.36 (KHTML, like Gecko) Chrome/133.0.0.0 Safari/537.36"
5.28.89.133 - - [20/Feb/2025:07:37:03 -0500] "GET /wp-admin/post.php?post=1202&action=edit&message=4 HTTP/1.1" 200 143849 "https://heyseo.ai/wp-admin/post.php?post=1202&action=edit" "Mozilla/5.0 (Macintosh; Intel Mac OS X 10_15_7) AppleWebKit/537.36 (KHTML, like Gecko) Chrome/133.0.0.0 Safari/537.36"
162.0.217.198 - - [20/Feb/2025:07:37:04 -0500] "POST /wp-cron.php?doing_wp_cron=1740055024.7566978931427001953125 HTTP/1.1" 200 0 "-" "WordPress/6.7.2; https://heyseo.ai"
5.28.89.133 - - [20/Feb/2025:07:37:04 -0500] "POST /wp-json/wpforms/v1/themes/custom/?_locale=user HTTP/1.1" 200 15 "https://heyseo.ai/wp-admin/post.php?post=1202&action=edit" "Mozilla/5.0 (Macintosh; Intel Mac OS X 10_15_7) AppleWebKit/537.36 (KHTML, like Gecko) Chrome/133.0.0.0 Safari/537.36"
5.28.89.133 - - [20/Feb/2025:07:37:05 -0500] "POST /wp-admin/admin-ajax.php HTTP/1.1" 200 98 "https://heyseo.ai/wp-admin/post.php?post=1202&action=edit" "Mozilla/5.0 (Macintosh; Intel Mac OS X 10_15_7) AppleWebKit/537.36 (KHTML, like Gecko) Chrome/133.0.0.0 Safari/537.36"
162.0.217.198 - - [20/Feb/2025:07:37:16 -0500] "POST /wp-cron.php?doing_wp_cron=1740055035.9937119483947753906250 HTTP/1.1" 200 0 "-" "WordPress/6.7.2; https://heyseo.ai"
5.28.89.133 - - [20/Feb/2025:07:37:15 -0500] "POST /wp-admin/admin-ajax.php HTTP/1.1" 200 98 "https://heyseo.ai/wp-admin/post.php?post=1202&action=edit" "Mozilla/5.0 (Macintosh; Intel Mac OS X 10_15_7) AppleWebKit/537.36 (KHTML, like Gecko) Chrome/133.0.0.0 Safari/537.36"
162.0.217.198 - - [20/Feb/2025:07:37:16 -0500] "POST /wp-admin/admin-ajax.php?action=async_litespeed&nonce=A99IXPN1fnN5qonzU5S9DukXC7Ug5s7E&litespeed_type=imgoptm HTTP/1.1" 200 21 "-" "WordPress/6.7.2; https://heyseo.ai"
162.0.217.198 - - [20/Feb/2025:07:37:26 -0500] "POST /wp-cron.php?doing_wp_cron=1740055045.9884910583496093750000 HTTP/1.1" 200 0 "-" "WordPress/6.7.2; https://heyseo.ai"
